Archive member included to satisfy reference by file (symbol)

c:/st/stm32cubeide_1.10.0/stm32cubeide/plugins/com.st.stm32cube.ide.mcu.externaltools.gnu-tools-for-stm32.10.3-2021.10.win32_1.0.0.202111181127/tools/bin/../lib/gcc/arm-none-eabi/10.3.1/../../../../arm-none-eabi/lib/thumb/v6-m/nofp\libc_nano.a(lib_a-errno.o)
                              ./Core/Src/syscalls.o (__errno)
c:/st/stm32cubeide_1.10.0/stm32cubeide/plugins/com.st.stm32cube.ide.mcu.externaltools.gnu-tools-for-stm32.10.3-2021.10.win32_1.0.0.202111181127/tools/bin/../lib/gcc/arm-none-eabi/10.3.1/../../../../arm-none-eabi/lib/thumb/v6-m/nofp\libc_nano.a(lib_a-exit.o)
                              c:/st/stm32cubeide_1.10.0/stm32cubeide/plugins/com.st.stm32cube.ide.mcu.externaltools.gnu-tools-for-stm32.10.3-2021.10.win32_1.0.0.202111181127/tools/bin/../lib/gcc/arm-none-eabi/10.3.1/../../../../arm-none-eabi/lib/thumb/v6-m/nofp/crt0.o (exit)
c:/st/stm32cubeide_1.10.0/stm32cubeide/plugins/com.st.stm32cube.ide.mcu.externaltools.gnu-tools-for-stm32.10.3-2021.10.win32_1.0.0.202111181127/tools/bin/../lib/gcc/arm-none-eabi/10.3.1/../../../../arm-none-eabi/lib/thumb/v6-m/nofp\libc_nano.a(lib_a-impure.o)
                              c:/st/stm32cubeide_1.10.0/stm32cubeide/plugins/com.st.stm32cube.ide.mcu.externaltools.gnu-tools-for-stm32.10.3-2021.10.win32_1.0.0.202111181127/tools/bin/../lib/gcc/arm-none-eabi/10.3.1/../../../../arm-none-eabi/lib/thumb/v6-m/nofp\libc_nano.a(lib_a-exit.o) (_global_impure_ptr)
c:/st/stm32cubeide_1.10.0/stm32cubeide/plugins/com.st.stm32cube.ide.mcu.externaltools.gnu-tools-for-stm32.10.3-2021.10.win32_1.0.0.202111181127/tools/bin/../lib/gcc/arm-none-eabi/10.3.1/../../../../arm-none-eabi/lib/thumb/v6-m/nofp\libc_nano.a(lib_a-init.o)
                              c:/st/stm32cubeide_1.10.0/stm32cubeide/plugins/com.st.stm32cube.ide.mcu.externaltools.gnu-tools-for-stm32.10.3-2021.10.win32_1.0.0.202111181127/tools/bin/../lib/gcc/arm-none-eabi/10.3.1/../../../../arm-none-eabi/lib/thumb/v6-m/nofp/crt0.o (__libc_init_array)
c:/st/stm32cubeide_1.10.0/stm32cubeide/plugins/com.st.stm32cube.ide.mcu.externaltools.gnu-tools-for-stm32.10.3-2021.10.win32_1.0.0.202111181127/tools/bin/../lib/gcc/arm-none-eabi/10.3.1/../../../../arm-none-eabi/lib/thumb/v6-m/nofp\libc_nano.a(lib_a-memcpy-stub.o)
                              ./Core/Src/ssd1306_adds.o (memcpy)
c:/st/stm32cubeide_1.10.0/stm32cubeide/plugins/com.st.stm32cube.ide.mcu.externaltools.gnu-tools-for-stm32.10.3-2021.10.win32_1.0.0.202111181127/tools/bin/../lib/gcc/arm-none-eabi/10.3.1/../../../../arm-none-eabi/lib/thumb/v6-m/nofp\libc_nano.a(lib_a-memset.o)
                              c:/st/stm32cubeide_1.10.0/stm32cubeide/plugins/com.st.stm32cube.ide.mcu.externaltools.gnu-tools-for-stm32.10.3-2021.10.win32_1.0.0.202111181127/tools/bin/../lib/gcc/arm-none-eabi/10.3.1/../../../../arm-none-eabi/lib/thumb/v6-m/nofp/crt0.o (memset)
c:/st/stm32cubeide_1.10.0/stm32cubeide/plugins/com.st.stm32cube.ide.mcu.externaltools.gnu-tools-for-stm32.10.3-2021.10.win32_1.0.0.202111181127/tools/bin/../lib/gcc/arm-none-eabi/10.3.1/../../../../arm-none-eabi/lib/thumb/v6-m/nofp\libc_nano.a(lib_a-sprintf.o)
                              ./Core/Src/ssd1306_adds.o (sprintf)
c:/st/stm32cubeide_1.10.0/stm32cubeide/plugins/com.st.stm32cube.ide.mcu.externaltools.gnu-tools-for-stm32.10.3-2021.10.win32_1.0.0.202111181127/tools/bin/../lib/gcc/arm-none-eabi/10.3.1/../../../../arm-none-eabi/lib/thumb/v6-m/nofp\libc_nano.a(lib_a-strlen.o)
                              ./Core/Src/ssd1306_fonts.o (strlen)
c:/st/stm32cubeide_1.10.0/stm32cubeide/plugins/com.st.stm32cube.ide.mcu.externaltools.gnu-tools-for-stm32.10.3-2021.10.win32_1.0.0.202111181127/tools/bin/../lib/gcc/arm-none-eabi/10.3.1/../../../../arm-none-eabi/lib/thumb/v6-m/nofp\libc_nano.a(lib_a-nano-svfprintf.o)
                              c:/st/stm32cubeide_1.10.0/stm32cubeide/plugins/com.st.stm32cube.ide.mcu.externaltools.gnu-tools-for-stm32.10.3-2021.10.win32_1.0.0.202111181127/tools/bin/../lib/gcc/arm-none-eabi/10.3.1/../../../../arm-none-eabi/lib/thumb/v6-m/nofp\libc_nano.a(lib_a-sprintf.o) (_svfprintf_r)
c:/st/stm32cubeide_1.10.0/stm32cubeide/plugins/com.st.stm32cube.ide.mcu.externaltools.gnu-tools-for-stm32.10.3-2021.10.win32_1.0.0.202111181127/tools/bin/../lib/gcc/arm-none-eabi/10.3.1/../../../../arm-none-eabi/lib/thumb/v6-m/nofp\libc_nano.a(lib_a-nano-vfprintf_i.o)
                              c:/st/stm32cubeide_1.10.0/stm32cubeide/plugins/com.st.stm32cube.ide.mcu.externaltools.gnu-tools-for-stm32.10.3-2021.10.win32_1.0.0.202111181127/tools/bin/../lib/gcc/arm-none-eabi/10.3.1/../../../../arm-none-eabi/lib/thumb/v6-m/nofp\libc_nano.a(lib_a-nano-svfprintf.o) (_printf_i)
c:/st/stm32cubeide_1.10.0/stm32cubeide/plugins/com.st.stm32cube.ide.mcu.externaltools.gnu-tools-for-stm32.10.3-2021.10.win32_1.0.0.202111181127/tools/bin/../lib/gcc/arm-none-eabi/10.3.1/../../../../arm-none-eabi/lib/thumb/v6-m/nofp\libc_nano.a(lib_a-memchr-stub.o)
[...]
Memory Configuration

Name             Origin             Length             Attributes
RAM              0x0000000020000000 0x0000000000005000 xrw
FLASH            0x0000000008000000 0x0000000000030000 xr
*default*        0x0000000000000000 0xffffffffffffffff

Linker script and memory map

LOAD c:/st/stm32cubeide_1.10.0/stm32cubeide/plugins/com.st.stm32cube.ide.mcu.externaltools.gnu-tools-for-stm32.10.3-2021.10.win32_1.0.0.202111181127/tools/bin/../lib/gcc/arm-none-eabi/10.3.1/thumb/v6-m/nofp/crti.o
LOAD c:/st/stm32cubeide_1.10.0/stm32cubeide/plugins/com.st.stm32cube.ide.mcu.externaltools.gnu-tools-for-stm32.10.3-2021.10.win32_1.0.0.202111181127/tools/bin/../lib/gcc/arm-none-eabi/10.3.1/thumb/v6-m/nofp/crtbegin.o
LOAD c:/st/stm32cubeide_1.10.0/stm32cubeide/plugins/com.st.stm32cube.ide.mcu.externaltools.gnu-tools-for-stm32.10.3-2021.10.win32_1.0.0.202111181127/tools/bin/../lib/gcc/arm-none-eabi/10.3.1/../../../../arm-none-eabi/lib/thumb/v6-m/nofp/crt0.o
LOAD ./Core/Src/gpio.o
LOAD ./Core/Src/i2c.o
LOAD ./Core/Src/main.o
LOAD ./Core/Src/misc.o
LOAD ./Core/Src/motor.o
LOAD ./Core/Src/ssd1306.o
LOAD ./Core/Src/ssd1306_adds.o
LOAD ./Core/Src/ssd1306_fonts.o
LOAD ./Core/Src/stm32l0xx_hal_msp.o
LOAD ./Core/Src/stm32l0xx_it.o
LOAD ./Core/Src/syscalls.o
LOAD ./Core/Src/sysmem.o
LOAD ./Core/Src/system_stm32l0xx.o
LOAD ./Core/Src/tim.o
LOAD ./Core/Src/usart.o
LOAD ./Core/Startup/startup_stm32l073rztx.o
LOAD ./Drivers/STM32L0xx_HAL_Driver/Src/stm32l0xx_hal.o
LOAD ./Drivers/STM32L0xx_HAL_Driver/Src/stm32l0xx_hal_cortex.o
LOAD ./Drivers/STM32L0xx_HAL_Driver/Src/stm32l0xx_hal_dma.o
LOAD ./Drivers/STM32L0xx_HAL_Driver/Src/stm32l0xx_hal_exti.o
LOAD ./Drivers/STM32L0xx_HAL_Driver/Src/stm32l0xx_hal_flash.o
LOAD ./Drivers/STM32L0xx_HAL_Driver/Src/stm32l0xx_hal_flash_ex.o
LOAD ./Drivers/STM32L0xx_HAL_Driver/Src/stm32l0xx_hal_flash_ramfunc.o
LOAD ./Drivers/STM32L0xx_HAL_Driver/Src/stm32l0xx_hal_gpio.o
LOAD ./Drivers/STM32L0xx_HAL_Driver/Src/stm32l0xx_hal_i2c.o
LOAD ./Drivers/STM32L0xx_HAL_Driver/Src/stm32l0xx_hal_i2c_ex.o
LOAD ./Drivers/STM32L0xx_HAL_Driver/Src/stm32l0xx_hal_pwr.o
LOAD ./Drivers/STM32L0xx_HAL_Driver/Src/stm32l0xx_hal_pwr_ex.o
LOAD ./Drivers/STM32L0xx_HAL_Driver/Src/stm32l0xx_hal_rcc.o
LOAD ./Drivers/STM32L0xx_HAL_Driver/Src/stm32l0xx_hal_rcc_ex.o
LOAD ./Drivers/STM32L0xx_HAL_Driver/Src/stm32l0xx_hal_tim.o
LOAD ./Drivers/STM32L0xx_HAL_Driver/Src/stm32l0xx_hal_tim_ex.o
LOAD ./Drivers/STM32L0xx_HAL_Driver/Src/stm32l0xx_hal_uart.o
LOAD ./Drivers/STM32L0xx_HAL_Driver/Src/stm32l0xx_hal_uart_ex.o
START GROUP
LOAD c:/st/stm32cubeide_1.10.0/stm32cubeide/plugins/com.st.stm32cube.ide.mcu.externaltools.gnu-tools-for-stm32.10.3-2021.10.win32_1.0.0.202111181127/tools/bin/../lib/gcc/arm-none-eabi/10.3.1/../../../../arm-none-eabi/lib/thumb/v6-m/nofp\libc_nano.a
LOAD c:/st/stm32cubeide_1.10.0/stm32cubeide/plugins/com.st.stm32cube.ide.mcu.externaltools.gnu-tools-for-stm32.10.3-2021.10.win32_1.0.0.202111181127/tools/bin/../lib/gcc/arm-none-eabi/10.3.1/../../../../arm-none-eabi/lib/thumb/v6-m/nofp\libm.a
END GROUP
START GROUP
LOAD c:/st/stm32cubeide_1.10.0/stm32cubeide/plugins/com.st.stm32cube.ide.mcu.externaltools.gnu-tools-for-stm32.10.3-2021.10.win32_1.0.0.202111181127/tools/bin/../lib/gcc/arm-none-eabi/10.3.1/thumb/v6-m/nofp\libgcc.a
LOAD c:/st/stm32cubeide_1.10.0/stm32cubeide/plugins/com.st.stm32cube.ide.mcu.externaltools.gnu-tools-for-stm32.10.3-2021.10.win32_1.0.0.202111181127/tools/bin/../lib/gcc/arm-none-eabi/10.3.1/../../../../arm-none-eabi/lib/thumb/v6-m/nofp\libc_nano.a
END GROUP
START GROUP
LOAD c:/st/stm32cubeide_1.10.0/stm32cubeide/plugins/com.st.stm32cube.ide.mcu.externaltools.gnu-tools-for-stm32.10.3-2021.10.win32_1.0.0.202111181127/tools/bin/../lib/gcc/arm-none-eabi/10.3.1/thumb/v6-m/nofp\libgcc.a
LOAD c:/st/stm32cubeide_1.10.0/stm32cubeide/plugins/com.st.stm32cube.ide.mcu.externaltools.gnu-tools-for-stm32.10.3-2021.10.win32_1.0.0.202111181127/tools/bin/../lib/gcc/arm-none-eabi/10.3.1/../../../../arm-none-eabi/lib/thumb/v6-m/nofp\libc_nano.a
LOAD c:/st/stm32cubeide_1.10.0/stm32cubeide/plugins/com.st.stm32cube.ide.mcu.externaltools.gnu-tools-for-stm32.10.3-2021.10.win32_1.0.0.202111181127/tools/bin/../lib/gcc/arm-none-eabi/10.3.1/../../../../arm-none-eabi/lib/thumb/v6-m/nofp\libnosys.a
END GROUP
START GROUP
LOAD c:/st/stm32cubeide_1.10.0/stm32cubeide/plugins/com.st.stm32cube.ide.mcu.externaltools.gnu-tools-for-stm32.10.3-2021.10.win32_1.0.0.202111181127/tools/bin/../lib/gcc/arm-none-eabi/10.3.1/thumb/v6-m/nofp\libgcc.a
LOAD c:/st/stm32cubeide_1.10.0/stm32cubeide/plugins/com.st.stm32cube.ide.mcu.externaltools.gnu-tools-for-stm32.10.3-2021.10.win32_1.0.0.202111181127/tools/bin/../lib/gcc/arm-none-eabi/10.3.1/../../../../arm-none-eabi/lib/thumb/v6-m/nofp\libc_nano.a
LOAD c:/st/stm32cubeide_1.10.0/stm32cubeide/plugins/com.st.stm32cube.ide.mcu.externaltools.gnu-tools-for-stm32.10.3-2021.10.win32_1.0.0.202111181127/tools/bin/../lib/gcc/arm-none-eabi/10.3.1/../../../../arm-none-eabi/lib/thumb/v6-m/nofp\libnosys.a
END GROUP
LOAD c:/st/stm32cubeide_1.10.0/stm32cubeide/plugins/com.st.stm32cube.ide.mcu.externaltools.gnu-tools-for-stm32.10.3-2021.10.win32_1.0.0.202111181127/tools/bin/../lib/gcc/arm-none-eabi/10.3.1/thumb/v6-m/nofp/crtend.o
LOAD c:/st/stm32cubeide_1.10.0/stm32cubeide/plugins/com.st.stm32cube.ide.mcu.externaltools.gnu-tools-for-stm32.10.3-2021.10.win32_1.0.0.202111181127/tools/bin/../lib/gcc/arm-none-eabi/10.3.1/thumb/v6-m/nofp/crtn.o
                0x0000000020005000                _estack = (ORIGIN (RAM) + LENGTH (RAM))
                0x0000000000000200                _Min_Heap_Size = 0x200
                0x0000000000000400                _Min_Stack_Size = 0x400

.isr_vector     0x0000000008000000       0xc0
                0x0000000008000000                . = ALIGN (0x4)
 *(.isr_vector)
 .isr_vector    0x0000000008000000       0xc0 ./Core/Startup/startup_stm32l073rztx.o
                0x0000000008000000                g_pfnVectors
                0x00000000080000c0                . = ALIGN (0x4)

.text           0x00000000080000c0     0x4a34
                0x00000000080000c0                . = ALIGN (0x4)
 *(.text)
 .text          0x00000000080000c0       0x48 c:/st/stm32cubeide_1.10.0/stm32cubeide/plugins/com.st.stm32cube.ide.mcu.externaltools.gnu-tools-for-stm32.10.3-2021.10.win32_1.0.0.202111181127/tools/bin/../lib/gcc/arm-none-eabi/10.3.1/thumb/v6-m/nofp/crtbegin.o
 .text          0x0000000008000108       0x14 c:/st/stm32cubeide_1.10.0/stm32cubeide/plugins/com.st.stm32cube.ide.mcu.externaltools.gnu-tools-for-stm32.10.3-2021.10.win32_1.0.0.202111181127/tools/bin/../lib/gcc/arm-none-eabi/10.3.1/thumb/v6-m/nofp\libgcc.a(_thumb1_case_shi.o)
                0x0000000008000108                __gnu_thumb1_case_shi
 .text          0x000000000800011c      0x114 c:/st/stm32cubeide_1.10.0/stm32cubeide/plugins/com.st.stm32cube.ide.mcu.externaltools.gnu-tools-for-stm32.10.3-2021.10.win32_1.0.0.202111181127/tools/bin/../lib/gcc/arm-none-eabi/10.3.1/thumb/v6-m/nofp\libgcc.a(_udivsi3.o)
                0x000000000800011c                __aeabi_uidiv
                0x000000000800011c                __udivsi3
                0x0000000008000228                __aeabi_uidivmod
 .text          0x0000000008000230        0x4 c:/st/stm32cubeide_1.10.0/stm32cubeide/plugins/com.st.stm32cube.ide.mcu.externaltools.gnu-tools-for-stm32.10.3-2021.10.win32_1.0.0.202111181127/tools/bin/../lib/gcc/arm-none-eabi/10.3.1/thumb/v6-m/nofp\libgcc.a(_dvmd_tls.o)
                0x0000000008000230                __aeabi_idiv0
                0x0000000008000230                __aeabi_ldiv0
 .text          0x0000000008000234       0x40 c:/st/stm32cubeide_1.10.0/stm32cubeide/plugins/com.st.stm32cube.ide.mcu.externaltools.gnu-tools-for-stm32.10.3-2021.10.win32_1.0.0.202111181127/tools/bin/../lib/gcc/arm-none-eabi/10.3.1/thumb/v6-m/nofp\libgcc.a(_aeabi_uldivmod.o)
                0x0000000008000234                __aeabi_uldivmod
 .text          0x0000000008000274       0x5c c:/st/stm32cubeide_1.10.0/stm32cubeide/plugins/com.st.stm32cube.ide.mcu.externaltools.gnu-tools-for-stm32.10.3-2021.10.win32_1.0.0.202111181127/tools/bin/../lib/gcc/arm-none-eabi/10.3.1/thumb/v6-m/nofp\libgcc.a(_muldi3.o)
                0x0000000008000274                __muldi3
                0x0000000008000274                __aeabi_lmul
 .text          0x00000000080002d0      0x198 c:/st/stm32cubeide_1.10.0/stm32cubeide/plugins/com.st.stm32cube.ide.mcu.externaltools.gnu-tools-for-stm32.10.3-2021.10.win32_1.0.0.202111181127/tools/bin/../lib/gcc/arm-none-eabi/10.3.1/thumb/v6-m/nofp\libgcc.a(_udivmoddi4.o)
                0x00000000080002d0                __udivmoddi4
 .text          0x0000000008000468       0x18 c:/st/stm32cubeide_1.10.0/stm32cubeide/plugins/com.st.stm32cube.ide.mcu.externaltools.gnu-tools-for-stm32.10.3-2021.10.win32_1.0.0.202111181127/tools/bin/../lib/gcc/arm-none-eabi/10.3.1/thumb/v6-m/nofp\libgcc.a(_clzdi2.o)
                0x0000000008000468                __clzdi2
 .text          0x0000000008000480       0x3c c:/st/stm32cubeide_1.10.0/stm32cubeide/plugins/com.st.stm32cube.ide.mcu.externaltools.gnu-tools-for-stm32.10.3-2021.10.win32_1.0.0.202111181127/tools/bin/../lib/gcc/arm-none-eabi/10.3.1/thumb/v6-m/nofp\libgcc.a(_clzsi2.o)
                0x0000000008000480                __clzsi2
 *(.text*)
 .text.MX_GPIO_Init
                0x00000000080004bc       0xfc ./Core/Src/gpio.o
                0x00000000080004bc                MX_GPIO_Init
 .text.MX_I2C1_Init
                0x00000000080005b8       0x60 ./Core/Src/i2c.o
                0x00000000080005b8                MX_I2C1_Init
 .text.HAL_I2C_MspInit
                0x0000000008000618       0x60 ./Core/Src/i2c.o
                0x0000000008000618                HAL_I2C_MspInit
 .text.SystemClock_Config
                0x0000000008000678       0xac ./Core/Src/main.o
                0x0000000008000678                SystemClock_Config
 .text.main     0x0000000008000724       0x4c ./Core/Src/main.o
                0x0000000008000724                main
 .text.HAL_TIM_IC_CaptureCallback
                0x0000000008000770       0x34 ./Core/Src/main.o
                0x0000000008000770                HAL_TIM_IC_CaptureCallback
 .text.HAL_TIM_PeriodElapsedCallback
                0x00000000080007a4      0x2b4 ./Core/Src/main.o
                0x00000000080007a4                HAL_TIM_PeriodElapsedCallback
 .text.HAL_GPIO_EXTI_Callback
                0x0000000008000a58       0x30 ./Core/Src/main.o
                0x0000000008000a58                HAL_GPIO_EXTI_Callback
 .text.Error_Handler
                0x0000000008000a88        0x4 ./Core/Src/main.o
                0x0000000008000a88                Error_Handler
 .text.SSD1306_Fill
                0x0000000008000a8c       0x20 ./Core/Src/ssd1306.o
                0x0000000008000a8c                SSD1306_Fill
 .text.SSD1306_DrawPixel
                0x0000000008000aac       0x54 ./Core/Src/ssd1306.o
                0x0000000008000aac                SSD1306_DrawPixel
 .text.SSD1306_DrawBitmap
                0x0000000008000b00       0xb2 ./Core/Src/ssd1306.o
                0x0000000008000b00                SSD1306_DrawBitmap
 *fill*         0x0000000008000bb2        0x2 
 .text.SSD1306_GotoXY
                0x0000000008000bb4        0xc ./Core/Src/ssd1306.o
                0x0000000008000bb4                SSD1306_GotoXY
 .text.SSD1306_Putc
                0x0000000008000bc0       0xd8 ./Core/Src/ssd1306.o
                0x0000000008000bc0                SSD1306_Putc
 .text.SSD1306_Puts
                0x0000000008000c98       0x28 ./Core/Src/ssd1306.o
                0x0000000008000c98                SSD1306_Puts
 .text.SSD1306_DrawLine
                0x0000000008000cc0      0x17e ./Core/Src/ssd1306.o
                0x0000000008000cc0                SSD1306_DrawLine
 .text.SSD1306_DrawRectangle
                0x0000000008000e3e       0x84 ./Core/Src/ssd1306.o
                0x0000000008000e3e                SSD1306_DrawRectangle
 .text.SSD1306_DrawFilledRectangle
                0x0000000008000ec2       0x6e ./Core/Src/ssd1306.o
                0x0000000008000ec2                SSD1306_DrawFilledRectangle
 .text.ssd1306_I2C_WriteMulti
                0x0000000008000f30       0x38 ./Core/Src/ssd1306.o
                0x0000000008000f30                ssd1306_I2C_WriteMulti
 .text.ssd1306_I2C_Write
                0x0000000008000f68       0x24 ./Core/Src/ssd1306.o
                0x0000000008000f68                ssd1306_I2C_Write
 .text.SSD1306_UpdateScreen
                0x0000000008000f8c       0x40 ./Core/Src/ssd1306.o
                0x0000000008000f8c                SSD1306_UpdateScreen
 .text.SSD1306_Clear
                0x0000000008000fcc        0xe ./Core/Src/ssd1306.o
                0x0000000008000fcc                SSD1306_Clear
 *fill*         0x0000000008000fda        0x2 
 .text.SSD1306_Init
                0x0000000008000fdc      0x16c ./Core/Src/ssd1306.o
                0x0000000008000fdc                SSD1306_Init
 .text.SSD1306_SetContrast
                0x0000000008001148       0x1a ./Core/Src/ssd1306.o
                0x0000000008001148                SSD1306_SetContrast
 *fill*         0x0000000008001162        0x2 
 .text.New_Task_Element
                0x0000000008001164       0x6c ./Core/Src/ssd1306_adds.o
                0x0000000008001164                New_Task_Element
 .text.Show_Project_Tasks
                0x00000000080011d0       0x98 ./Core/Src/ssd1306_adds.o
                0x00000000080011d0                Show_Project_Tasks
 .text.Move_Marker
                0x0000000008001268       0x20 ./Core/Src/ssd1306_adds.o
                0x0000000008001268                Move_Marker
 .text.Array_To_Int_Change_Value
                0x0000000008001288       0x54 ./Core/Src/ssd1306_adds.o
                0x0000000008001288                Array_To_Int_Change_Value
 .text.Int_To_Array_Change_Value
                0x00000000080012dc       0x70 ./Core/Src/ssd1306_adds.o
                0x00000000080012dc                Int_To_Array_Change_Value
 .text.Change_Value
                0x000000000800134c       0x9c ./Core/Src/ssd1306_adds.o
                0x000000000800134c                Change_Value
 .text.Save_Set_Value
                0x00000000080013e8       0x18 ./Core/Src/ssd1306_adds.o
                0x00000000080013e8                Save_Set_Value
 .text.Draw_Changing_Value_Marker
                0x0000000008001400       0x2e ./Core/Src/ssd1306_adds.o
                0x0000000008001400                Draw_Changing_Value_Marker
 .text.Clear_Changing_Value_Marker
                0x000000000800142e       0x18 ./Core/Src/ssd1306_adds.o
                0x000000000800142e                Clear_Changing_Value_Marker
 *fill*         0x0000000008001446        0x2 
 .text.Set_Marker_Position
                0x0000000008001448       0x34 ./Core/Src/ssd1306_adds.o
                0x0000000008001448                Set_Marker_Position
 .text.Clear_Value
                0x000000000800147c       0x18 ./Core/Src/ssd1306_adds.o
                0x000000000800147c                Clear_Value
 .text.Show_Value_Screen
                0x0000000008001494      0x190 ./Core/Src/ssd1306_adds.o
                0x0000000008001494                Show_Value_Screen
 .text.Show_Summary
                0x0000000008001624      0x168 ./Core/Src/ssd1306_adds.o
                0x0000000008001624                Show_Summary
 .text.Show_Select_Boxes
                0x000000000800178c       0x64 ./Core/Src/ssd1306_adds.o
                0x000000000800178c                Show_Select_Boxes
 .text.Show_Project_Elements
                0x00000000080017f0       0x5c ./Core/Src/ssd1306_adds.o
                0x00000000080017f0                Show_Project_Elements
 .text.Show_Project_Select_Menu
                0x000000000800184c       0xa4 ./Core/Src/ssd1306_adds.o
                0x000000000800184c                Show_Project_Select_Menu
 .text.Show_Label_Bar
                0x00000000080018f0       0x30 ./Core/Src/ssd1306_adds.o
                0x00000000080018f0                Show_Label_Bar
 .text.Show_Project_Details
                0x0000000008001920       0xd0 ./Core/Src/ssd1306_adds.o
                0x0000000008001920                Show_Project_Details
 .text.Clear_Content
                0x00000000080019f0       0x18 ./Core/Src/ssd1306_adds.o
                0x00000000080019f0                Clear_Content
 .text.Show_Summary_Correctness_Query
                0x0000000008001a08      0x144 ./Core/Src/ssd1306_adds.o
                0x0000000008001a08                Show_Summary_Correctness_Query
 .text.Pagination_Bar
                0x0000000008001b4c       0x1a ./Core/Src/ssd1306_adds.o
                0x0000000008001b4c                Pagination_Bar
 *fill*         0x0000000008001b66        0x2 
 .text.Set_Theme
                0x0000000008001b68      0x1ac ./Core/Src/ssd1306_adds.o
                0x0000000008001b68                Set_Theme
 .text.Count_Array
                0x0000000008001d14       0x20 ./Core/Src/ssd1306_adds.o
                0x0000000008001d14                Count_Array
 .text.Structures_Init
                0x0000000008001d34      0x19c ./Core/Src/ssd1306_adds.o
                0x0000000008001d34                Structures_Init
 .text.HAL_MspInit
                0x0000000008001ed0       0x1c ./Core/Src/stm32l0xx_hal_msp.o
                0x0000000008001ed0                HAL_MspInit
 .text.NMI_Handler
                0x0000000008001eec        0x8 ./Core/Src/stm32l0xx_it.o
                0x0000000008001eec                NMI_Handler
 .text.HardFault_Handler
                0x0000000008001ef4        0x2 ./Core/Src/stm32l0xx_it.o
                0x0000000008001ef4                HardFault_Handler
 .text.SVC_Handler
                0x0000000008001ef6        0x2 ./Core/Src/stm32l0xx_it.o
                0x0000000008001ef6                SVC_Handler
 .text.PendSV_Handler
                0x0000000008001ef8        0x2 ./Core/Src/stm32l0xx_it.o
                0x0000000008001ef8                PendSV_Handler
 .text.SysTick_Handler
                0x0000000008001efa        0x8 ./Core/Src/stm32l0xx_it.o
                0x0000000008001efa                SysTick_Handler
 .text.EXTI4_15_IRQHandler
                0x0000000008001f02        0xa ./Core/Src/stm32l0xx_it.o
                0x0000000008001f02                EXTI4_15_IRQHandler
 .text.TIM2_IRQHandler
                0x0000000008001f0c       0x10 ./Core/Src/stm32l0xx_it.o
                0x0000000008001f0c                TIM2_IRQHandler
 .text.TIM6_DAC_IRQHandler
                0x0000000008001f1c       0x10 ./Core/Src/stm32l0xx_it.o
                0x0000000008001f1c                TIM6_DAC_IRQHandler
 .text.TIM7_IRQHandler
                0x0000000008001f2c       0x10 ./Core/Src/stm32l0xx_it.o
                0x0000000008001f2c                TIM7_IRQHandler
 .text._sbrk    0x0000000008001f3c       0x48 ./Core/Src/sysmem.o
                0x0000000008001f3c                _sbrk
 .text.SystemInit
                0x0000000008001f84        0x2 ./Core/Src/system_stm32l0xx.o
                0x0000000008001f84                SystemInit
 *fill*         0x0000000008001f86        0x2 
 .text.MX_TIM2_Init
                0x0000000008001f88       0x70 ./Core/Src/tim.o
                0x0000000008001f88                MX_TIM2_Init
 .text.MX_TIM6_Init
                0x0000000008001ff8       0x58 ./Core/Src/tim.o
                0x0000000008001ff8                MX_TIM6_Init
 .text.MX_TIM7_Init
                0x0000000008002050       0x58 ./Core/Src/tim.o
                0x0000000008002050                MX_TIM7_Init
 .text.HAL_TIM_Encoder_MspInit
                0x00000000080020a8       0x60 ./Core/Src/tim.o
                0x00000000080020a8                HAL_TIM_Encoder_MspInit
 .text.HAL_TIM_Base_MspInit
                0x0000000008002108       0x58 ./Core/Src/tim.o
                0x0000000008002108                HAL_TIM_Base_MspInit
 .text.MX_USART2_UART_Init
                0x0000000008002160       0x3c ./Core/Src/usart.o
                0x0000000008002160                MX_USART2_UART_Init
 .text.HAL_UART_MspInit
                0x000000000800219c       0x5c ./Core/Src/usart.o
                0x000000000800219c                HAL_UART_MspInit
 .text.Reset_Handler
                0x00000000080021f8       0x50 ./Core/Startup/startup_stm32l073rztx.o
                0x00000000080021f8                Reset_Handler
 .text.Default_Handler
                0x0000000008002248        0x2 ./Core/Startup/startup_stm32l073rztx.o
                0x0000000008002248                TSC_IRQHandler
                0x0000000008002248                ADC1_COMP_IRQHandler
                0x0000000008002248                PVD_IRQHandler
                0x0000000008002248                I2C1_IRQHandler
                0x0000000008002248                RCC_CRS_IRQHandler
                0x0000000008002248                SPI1_IRQHandler
                0x0000000008002248                EXTI2_3_IRQHandler
                0x0000000008002248                I2C2_IRQHandler
                0x0000000008002248                RTC_IRQHandler
                0x0000000008002248                LCD_IRQHandler
                0x0000000008002248                DMA1_Channel4_5_6_7_IRQHandler
                0x0000000008002248                TIM3_IRQHandler
                0x0000000008002248                DMA1_Channel1_IRQHandler
                0x0000000008002248                USART4_5_IRQHandler
                0x0000000008002248                Default_Handler
                0x0000000008002248                TIM22_IRQHandler
                0x0000000008002248                EXTI0_1_IRQHandler
                0x0000000008002248                USB_IRQHandler
                0x0000000008002248                I2C3_IRQHandler
                0x0000000008002248                SPI2_IRQHandler
                0x0000000008002248                TIM21_IRQHandler
                0x0000000008002248                WWDG_IRQHandler
                0x0000000008002248                DMA1_Channel2_3_IRQHandler
                0x0000000008002248                USART2_IRQHandler
                0x0000000008002248                FLASH_IRQHandler
                0x0000000008002248                USART1_IRQHandler
                0x0000000008002248                RNG_LPUART1_IRQHandler
                0x0000000008002248                LPTIM1_IRQHandler
 *fill*         0x000000000800224a        0x2 
 .text.HAL_InitTick
                0x000000000800224c       0x4c ./Drivers/STM32L0xx_HAL_Driver/Src/stm32l0xx_hal.o
                0x000000000800224c                HAL_InitTick
 .text.HAL_Init
                0x0000000008002298       0x28 ./Drivers/STM32L0xx_HAL_Driver/Src/stm32l0xx_hal.o
                0x0000000008002298                HAL_Init
 .text.HAL_IncTick
                0x00000000080022c0       0x18 ./Drivers/STM32L0xx_HAL_Driver/Src/stm32l0xx_hal.o
                0x00000000080022c0                HAL_IncTick
 .text.HAL_GetTick
                0x00000000080022d8        0xc ./Drivers/STM32L0xx_HAL_Driver/Src/stm32l0xx_hal.o
                0x00000000080022d8                HAL_GetTick
 .text.HAL_Delay
                0x00000000080022e4       0x24 ./Drivers/STM32L0xx_HAL_Driver/Src/stm32l0xx_hal.o
                0x00000000080022e4                HAL_Delay
 .text.HAL_NVIC_SetPriority
                0x0000000008002308       0x64 ./Drivers/STM32L0xx_HAL_Driver/Src/stm32l0xx_hal_cortex.o
                0x0000000008002308                HAL_NVIC_SetPriority
 .text.HAL_NVIC_EnableIRQ
                0x000000000800236c       0x18 ./Drivers/STM32L0xx_HAL_Driver/Src/stm32l0xx_hal_cortex.o
                0x000000000800236c                HAL_NVIC_EnableIRQ
 .text.HAL_SYSTICK_Config
                0x0000000008002384       0x38 ./Drivers/STM32L0xx_HAL_Driver/Src/stm32l0xx_hal_cortex.o
                0x0000000008002384                HAL_SYSTICK_Config
 .text.HAL_GPIO_Init
                0x00000000080023bc      0x1f4 ./Drivers/STM32L0xx_HAL_Driver/Src/stm32l0xx_hal_gpio.o
                0x00000000080023bc                HAL_GPIO_Init
 .text.HAL_GPIO_ReadPin
                0x00000000080025b0        0xc ./Drivers/STM32L0xx_HAL_Driver/Src/stm32l0xx_hal_gpio.o
                0x00000000080025b0                HAL_GPIO_ReadPin
 .text.HAL_GPIO_EXTI_IRQHandler
                0x00000000080025bc       0x1c ./Drivers/STM32L0xx_HAL_Driver/Src/stm32l0xx_hal_gpio.o
                0x00000000080025bc                HAL_GPIO_EXTI_IRQHandler
 .text.I2C_Flush_TXDR
                0x00000000080025d8       0x1e ./Drivers/STM32L0xx_HAL_Driver/Src/stm32l0xx_hal_i2c.o
 *fill*         0x00000000080025f6        0x2 
 .text.I2C_TransferConfig
                0x00000000080025f8       0x30 ./Drivers/STM32L0xx_HAL_Driver/Src/stm32l0xx_hal_i2c.o
 .text.I2C_IsAcknowledgeFailed
                0x0000000008002628       0x90 ./Drivers/STM32L0xx_HAL_Driver/Src/stm32l0xx_hal_i2c.o
 .text.I2C_WaitOnTXISFlagUntilTimeout
                0x00000000080026b8       0x54 ./Drivers/STM32L0xx_HAL_Driver/Src/stm32l0xx_hal_i2c.o
 .text.I2C_WaitOnFlagUntilTimeout
                0x000000000800270c       0x5a ./Drivers/STM32L0xx_HAL_Driver/Src/stm32l0xx_hal_i2c.o
 .text.I2C_WaitOnSTOPFlagUntilTimeout
                0x0000000008002766       0x50 ./Drivers/STM32L0xx_HAL_Driver/Src/stm32l0xx_hal_i2c.o
 *fill*         0x00000000080027b6        0x2 
 .text.HAL_I2C_Init
                0x00000000080027b8       0xcc ./Drivers/STM32L0xx_HAL_Driver/Src/stm32l0xx_hal_i2c.o
                0x00000000080027b8                HAL_I2C_Init
 .text.HAL_I2C_Master_Transmit
                0x0000000008002884      0x190 ./Drivers/STM32L0xx_HAL_Driver/Src/stm32l0xx_hal_i2c.o
                0x0000000008002884                HAL_I2C_Master_Transmit
 .text.HAL_I2C_IsDeviceReady
                0x0000000008002a14      0x184 ./Drivers/STM32L0xx_HAL_Driver/Src/stm32l0xx_hal_i2c.o
                0x0000000008002a14                HAL_I2C_IsDeviceReady
 .text.HAL_I2CEx_ConfigAnalogFilter
                0x0000000008002b98       0x58 ./Drivers/STM32L0xx_HAL_Driver/Src/stm32l0xx_hal_i2c_ex.o
                0x0000000008002b98                HAL_I2CEx_ConfigAnalogFilter
 .text.HAL_I2CEx_ConfigDigitalFilter
                0x0000000008002bf0       0x54 ./Drivers/STM32L0xx_HAL_Driver/Src/stm32l0xx_hal_i2c_ex.o
                0x0000000008002bf0                HAL_I2CEx_ConfigDigitalFilter
 .text.HAL_RCC_EnableCSS
                0x0000000008002c44       0x14 ./Drivers/STM32L0xx_HAL_Driver/Src/stm32l0xx_hal_rcc.o
                0x0000000008002c44                HAL_RCC_EnableCSS
 .text.HAL_RCC_GetSysClockFreq
                0x0000000008002c58       0xb4 ./Drivers/STM32L0xx_HAL_Driver/Src/stm32l0xx_hal_rcc.o
                0x0000000008002c58                HAL_RCC_GetSysClockFreq
 .text.HAL_RCC_OscConfig
                0x0000000008002d0c      0x60c ./Drivers/STM32L0xx_HAL_Driver/Src/stm32l0xx_hal_rcc.o
                0x0000000008002d0c                HAL_RCC_OscConfig
 .text.HAL_RCC_ClockConfig
                0x0000000008003318      0x200 ./Drivers/STM32L0xx_HAL_Driver/Src/stm32l0xx_hal_rcc.o
                0x0000000008003318                HAL_RCC_ClockConfig
 .text.HAL_RCC_GetPCLK1Freq
                0x0000000008003518       0x20 ./Drivers/STM32L0xx_HAL_Driver/Src/stm32l0xx_hal_rcc.o
                0x0000000008003518                HAL_RCC_GetPCLK1Freq
 .text.HAL_RCC_GetPCLK2Freq
                0x0000000008003538       0x20 ./Drivers/STM32L0xx_HAL_Driver/Src/stm32l0xx_hal_rcc.o
                0x0000000008003538                HAL_RCC_GetPCLK2Freq
 .text.HAL_RCC_CSSCallback
                0x0000000008003558        0x2 ./Drivers/STM32L0xx_HAL_Driver/Src/stm32l0xx_hal_rcc.o
                0x0000000008003558                HAL_RCC_CSSCallback
 *fill*         0x000000000800355a        0x2 
 .text.HAL_RCC_NMI_IRQHandler
                0x000000000800355c       0x20 ./Drivers/STM32L0xx_HAL_Driver/Src/stm32l0xx_hal_rcc.o
                0x000000000800355c                HAL_RCC_NMI_IRQHandler
 .text.HAL_RCCEx_PeriphCLKConfig
                0x000000000800357c      0x250 ./Drivers/STM32L0xx_HAL_Driver/Src/stm32l0xx_hal_rcc_ex.o
                0x000000000800357c                HAL_RCCEx_PeriphCLKConfig
 .text.TIM_Base_SetConfig
                0x00000000080037cc       0x74 ./Drivers/STM32L0xx_HAL_Driver/Src/stm32l0xx_hal_tim.o
 .text.TIM_CCxChannelCmd
                0x0000000008003840       0x1a ./Drivers/STM32L0xx_HAL_Driver/Src/stm32l0xx_hal_tim.o
 .text.HAL_TIM_Base_Init
                0x000000000800385a       0x48 ./Drivers/STM32L0xx_HAL_Driver/Src/stm32l0xx_hal_tim.o
                0x000000000800385a                HAL_TIM_Base_Init
 *fill*         0x00000000080038a2        0x2 
 .text.HAL_TIM_Base_Start_IT
                0x00000000080038a4       0x68 ./Drivers/STM32L0xx_HAL_Driver/Src/stm32l0xx_hal_tim.o
                0x00000000080038a4                HAL_TIM_Base_Start_IT
 .text.HAL_TIM_Base_Stop_IT
                0x000000000800390c       0x2c ./Drivers/STM32L0xx_HAL_Driver/Src/stm32l0xx_hal_tim.o
                0x000000000800390c                HAL_TIM_Base_Stop_IT
 .text.HAL_TIM_Encoder_Init
                0x0000000008003938       0xb4 ./Drivers/STM32L0xx_HAL_Driver/Src/stm32l0xx_hal_tim.o
                0x0000000008003938                HAL_TIM_Encoder_Init
 .text.HAL_TIM_Encoder_Start_IT
                0x00000000080039ec       0xa2 ./Drivers/STM32L0xx_HAL_Driver/Src/stm32l0xx_hal_tim.o
                0x00000000080039ec                HAL_TIM_Encoder_Start_IT
 .text.HAL_TIM_OC_DelayElapsedCallback
                0x0000000008003a8e        0x2 ./Drivers/STM32L0xx_HAL_Driver/Src/stm32l0xx_hal_tim.o
                0x0000000008003a8e                HAL_TIM_OC_DelayElapsedCallback
 .text.HAL_TIM_PWM_PulseFinishedCallback
                0x0000000008003a90        0x2 ./Drivers/STM32L0xx_HAL_Driver/Src/stm32l0xx_hal_tim.o
                0x0000000008003a90                HAL_TIM_PWM_PulseFinishedCallback
 .text.HAL_TIM_TriggerCallback
                0x0000000008003a92        0x2 ./Drivers/STM32L0xx_HAL_Driver/Src/stm32l0xx_hal_tim.o
                0x0000000008003a92                HAL_TIM_TriggerCallback
 .text.HAL_TIM_IRQHandler
                0x0000000008003a94      0x122 ./Drivers/STM32L0xx_HAL_Driver/Src/stm32l0xx_hal_tim.o
                0x0000000008003a94                HAL_TIM_IRQHandler
 .text.HAL_TIM_Base_GetState
                0x0000000008003bb6        0x8 ./Drivers/STM32L0xx_HAL_Driver/Src/stm32l0xx_hal_tim.o
                0x0000000008003bb6                HAL_TIM_Base_GetState
 .text.HAL_TIM_Encoder_GetState
                0x0000000008003bbe        0x8 ./Drivers/STM32L0xx_HAL_Driver/Src/stm32l0xx_hal_tim.o
                0x0000000008003bbe                HAL_TIM_Encoder_GetState
 *fill*         0x0000000008003bc6        0x2 
 .text.HAL_TIMEx_MasterConfigSynchronization
                0x0000000008003bc8       0x6c ./Drivers/STM32L0xx_HAL_Driver/Src/stm32l0xx_hal_tim_ex.o
                0x0000000008003bc8                HAL_TIMEx_MasterConfigSynchronization
 .text.UART_SetConfig
                0x0000000008003c34      0x2b4 ./Drivers/STM32L0xx_HAL_Driver/Src/stm32l0xx_hal_uart.o
                0x0000000008003c34                UART_SetConfig
 .text.UART_AdvFeatureConfig
                0x0000000008003ee8       0xe0 ./Drivers/STM32L0xx_HAL_Driver/Src/stm32l0xx_hal_uart.o
                0x0000000008003ee8                UART_AdvFeatureConfig
 .text.UART_WaitOnFlagUntilTimeout
                0x0000000008003fc8      0x100 ./Drivers/STM32L0xx_HAL_Driver/Src/stm32l0xx_hal_uart.o
                0x0000000008003fc8                UART_WaitOnFlagUntilTimeout
 .text.UART_CheckIdleState
                0x00000000080040c8       0x70 ./Drivers/STM32L0xx_HAL_Driver/Src/stm32l0xx_hal_uart.o
                0x00000000080040c8                UART_CheckIdleState
 .text.HAL_UART_Init
                0x0000000008004138       0x6c ./Drivers/STM32L0xx_HAL_Driver/Src/stm32l0xx_hal_uart.o
                0x0000000008004138                HAL_UART_Init
 .text.__errno  0x00000000080041a4        0xc c:/st/stm32cubeide_1.10.0/stm32cubeide/plugins/com.st.stm32cube.ide.mcu.externaltools.gnu-tools-for-stm32.10.3-2021.10.win32_1.0.0.202111181127/tools/bin/../lib/gcc/arm-none-eabi/10.3.1/../../../../arm-none-eabi/lib/thumb/v6-m/nofp\libc_nano.a(lib_a-errno.o)
                0x00000000080041a4                __errno
 .text.__libc_init_array
                0x00000000080041b0       0x48 c:/st/stm32cubeide_1.10.0/stm32cubeide/plugins/com.st.stm32cube.ide.mcu.externaltools.gnu-tools-for-stm32.10.3-2021.10.win32_1.0.0.202111181127/tools/bin/../lib/gcc/arm-none-eabi/10.3.1/../../../../arm-none-eabi/lib/thumb/v6-m/nofp\libc_nano.a(lib_a-init.o)
                0x00000000080041b0                __libc_init_array
 .text.memcpy   0x00000000080041f8       0x12 c:/st/stm32cubeide_1.10.0/stm32cubeide/plugins/com.st.stm32cube.ide.mcu.externaltools.gnu-tools-for-stm32.10.3-2021.10.win32_1.0.0.202111181127/tools/bin/../lib/gcc/arm-none-eabi/10.3.1/../../../../arm-none-eabi/lib/thumb/v6-m/nofp\libc_nano.a(lib_a-memcpy-stub.o)
                0x00000000080041f8                memcpy
 .text.memset   0x000000000800420a       0x10 c:/st/stm32cubeide_1.10.0/stm32cubeide/plugins/com.st.stm32cube.ide.mcu.externaltools.gnu-tools-for-stm32.10.3-2021.10.win32_1.0.0.202111181127/tools/bin/../lib/gcc/arm-none-eabi/10.3.1/../../../../arm-none-eabi/lib/thumb/v6-m/nofp\libc_nano.a(lib_a-memset.o)
                0x000000000800420a                memset
 *fill*         0x000000000800421a        0x2 
 .text.sprintf  0x000000000800421c       0x40 c:/st/stm32cubeide_1.10.0/stm32cubeide/plugins/com.st.stm32cube.ide.mcu.externaltools.gnu-tools-for-stm32.10.3-2021.10.win32_1.0.0.202111181127/tools/bin/../lib/gcc/arm-none-eabi/10.3.1/../../../../arm-none-eabi/lib/thumb/v6-m/nofp\libc_nano.a(lib_a-sprintf.o)
                0x000000000800421c                siprintf
                0x000000000800421c                sprintf
 .text.__ssputs_r
                0x000000000800425c       0xc4 c:/st/stm32cubeide_1.10.0/stm32cubeide/plugins/com.st.stm32cube.ide.mcu.externaltools.gnu-tools-for-stm32.10.3-2021.10.win32_1.0.0.202111181127/tools/bin/../lib/gcc/arm-none-eabi/10.3.1/../../../../arm-none-eabi/lib/thumb/v6-m/nofp\libc_nano.a(lib_a-nano-svfprintf.o)
                0x000000000800425c                __ssputs_r
 .text._svfprintf_r
                0x0000000008004320      0x200 c:/st/stm32cubeide_1.10.0/stm32cubeide/plugins/com.st.stm32cube.ide.mcu.externaltools.gnu-tools-for-stm32.10.3-2021.10.win32_1.0.0.202111181127/tools/bin/../lib/gcc/arm-none-eabi/10.3.1/../../../../arm-none-eabi/lib/thumb/v6-m/nofp\libc_nano.a(lib_a-nano-svfprintf.o)
                0x0000000008004320                _svfiprintf_r
                0x0000000008004320                _svfprintf_r
 .text._printf_common
                0x0000000008004520       0xde c:/st/stm32cubeide_1.10.0/stm32cubeide/plugins/com.st.stm32cube.ide.mcu.externaltools.gnu-tools-for-stm32.10.3-2021.10.win32_1.0.0.202111181127/tools/bin/../lib/gcc/arm-none-eabi/10.3.1/../../../../arm-none-eabi/lib/thumb/v6-m/nofp\libc_nano.a(lib_a-nano-vfprintf_i.o)
                0x0000000008004520                _printf_common
 *fill*         0x00000000080045fe        0x2 
 .text._printf_i
                0x0000000008004600      0x224 c:/st/stm32cubeide_1.10.0/stm32cubeide/plugins/com.st.stm32cube.ide.mcu.externaltools.gnu-tools-for-stm32.10.3-2021.10.win32_1.0.0.202111181127/tools/bin/../lib/gcc/arm-none-eabi/10.3.1/../../../../arm-none-eabi/lib/thumb/v6-m/nofp\libc_nano.a(lib_a-nano-vfprintf_i.o)
                0x0000000008004600                _printf_i
 .text.memchr   0x0000000008004824       0x16 c:/st/stm32cubeide_1.10.0/stm32cubeide/plugins/com.st.stm32cube.ide.mcu.externaltools.gnu-tools-for-stm32.10.3-2021.10.win32_1.0.0.202111181127/tools/bin/../lib/gcc/arm-none-eabi/10.3.1/../../../../arm-none-eabi/lib/thumb/v6-m/nofp\libc_nano.a(lib_a-memchr-stub.o)
                0x0000000008004824                memchr
 .text.memmove  0x000000000800483a       0x26 c:/st/stm32cubeide_1.10.0/stm32cubeide/plugins/com.st.stm32cube.ide.mcu.externaltools.gnu-tools-for-stm32.10.3-2021.10.win32_1.0.0.202111181127/tools/bin/../lib/gcc/arm-none-eabi/10.3.1/../../../../arm-none-eabi/lib/thumb/v6-m/nofp\libc_nano.a(lib_a-memmove.o)
                0x000000000800483a                memmove
 .text._free_r  0x0000000008004860       0x94 c:/st/stm32cubeide_1.10.0/stm32cubeide/plugins/com.st.stm32cube.ide.mcu.externaltools.gnu-tools-for-stm32.10.3-2021.10.win32_1.0.0.202111181127/tools/bin/../lib/gcc/arm-none-eabi/10.3.1/../../../../arm-none-eabi/lib/thumb/v6-m/nofp\libc_nano.a(lib_a-nano-freer.o)
                0x0000000008004860                _free_r
 .text.sbrk_aligned
                0x00000000080048f4       0x44 c:/st/stm32cubeide_1.10.0/stm32cubeide/plugins/com.st.stm32cube.ide.mcu.externaltools.gnu-tools-for-stm32.10.3-2021.10.win32_1.0.0.202111181127/tools/bin/../lib/gcc/arm-none-eabi/10.3.1/../../../../arm-none-eabi/lib/thumb/v6-m/nofp\libc_nano.a(lib_a-nano-mallocr.o)
 .text._malloc_r
                0x0000000008004938       0xec c:/st/stm32cubeide_1.10.0/stm32cubeide/plugins/com.st.stm32cube.ide.mcu.externaltools.gnu-tools-for-stm32.10.3-2021.10.win32_1.0.0.202111181127/tools/bin/../lib/gcc/arm-none-eabi/10.3.1/../../../../arm-none-eabi/lib/thumb/v6-m/nofp\libc_nano.a(lib_a-nano-mallocr.o)
                0x0000000008004938                _malloc_r
 .text._realloc_r
                0x0000000008004a24       0x5e c:/st/stm32cubeide_1.10.0/stm32cubeide/plugins/com.st.stm32cube.ide.mcu.externaltools.gnu-tools-for-stm32.10.3-2021.10.win32_1.0.0.202111181127/tools/bin/../lib/gcc/arm-none-eabi/10.3.1/../../../../arm-none-eabi/lib/thumb/v6-m/nofp\libc_nano.a(lib_a-nano-reallocr.o)
                0x0000000008004a24                _realloc_r
 *fill*         0x0000000008004a82        0x2 
 .text._sbrk_r  0x0000000008004a84       0x24 c:/st/stm32cubeide_1.10.0/stm32cubeide/plugins/com.st.stm32cube.ide.mcu.externaltools.gnu-tools-for-stm32.10.3-2021.10.win32_1.0.0.202111181127/tools/bin/../lib/gcc/arm-none-eabi/10.3.1/../../../../arm-none-eabi/lib/thumb/v6-m/nofp\libc_nano.a(lib_a-sbrkr.o)
                0x0000000008004a84                _sbrk_r
 .text.__malloc_lock
                0x0000000008004aa8       0x10 c:/st/stm32cubeide_1.10.0/stm32cubeide/plugins/com.st.stm32cube.ide.mcu.externaltools.gnu-tools-for-stm32.10.3-2021.10.win32_1.0.0.202111181127/tools/bin/../lib/gcc/arm-none-eabi/10.3.1/../../../../arm-none-eabi/lib/thumb/v6-m/nofp\libc_nano.a(lib_a-mlock.o)
                0x0000000008004aa8                __malloc_lock
 .text.__malloc_unlock
                0x0000000008004ab8       0x10 c:/st/stm32cubeide_1.10.0/stm32cubeide/plugins/com.st.stm32cube.ide.mcu.externaltools.gnu-tools-for-stm32.10.3-2021.10.win32_1.0.0.202111181127/tools/bin/../lib/gcc/arm-none-eabi/10.3.1/../../../../arm-none-eabi/lib/thumb/v6-m/nofp\libc_nano.a(lib_a-mlock.o)
                0x0000000008004ab8                __malloc_unlock
 .text._malloc_usable_size_r
                0x0000000008004ac8       0x10 c:/st/stm32cubeide_1.10.0/stm32cubeide/plugins/com.st.stm32cube.ide.mcu.externaltools.gnu-tools-for-stm32.10.3-2021.10.win32_1.0.0.202111181127/tools/bin/../lib/gcc/arm-none-eabi/10.3.1/../../../../arm-none-eabi/lib/thumb/v6-m/nofp\libc_nano.a(lib_a-nano-msizer.o)
                0x0000000008004ac8                _malloc_usable_size_r
 .text.__retarget_lock_acquire_recursive
                0x0000000008004ad8        0x2 c:/st/stm32cubeide_1.10.0/stm32cubeide/plugins/com.st.stm32cube.ide.mcu.externaltools.gnu-tools-for-stm32.10.3-2021.10.win32_1.0.0.202111181127/tools/bin/../lib/gcc/arm-none-eabi/10.3.1/../../../../arm-none-eabi/lib/thumb/v6-m/nofp\libc_nano.a(lib_a-lock.o)
                0x0000000008004ad8                __retarget_lock_acquire_recursive
 .text.__retarget_lock_release_recursive
                0x0000000008004ada        0x2 c:/st/stm32cubeide_1.10.0/stm32cubeide/plugins/com.st.stm32cube.ide.mcu.externaltools.gnu-tools-for-stm32.10.3-2021.10.win32_1.0.0.202111181127/tools/bin/../lib/gcc/arm-none-eabi/10.3.1/../../../../arm-none-eabi/lib/thumb/v6-m/nofp\libc_nano.a(lib_a-lock.o)
                0x0000000008004ada                __retarget_lock_release_recursive
 *(.glue_7)
 .glue_7        0x0000000008004adc        0x0 linker stubs
 *(.glue_7t)
 .glue_7t       0x0000000008004adc        0x0 linker stubs
 *(.eh_frame)
 .eh_frame      0x0000000008004adc        0x0 c:/st/stm32cubeide_1.10.0/stm32cubeide/plugins/com.st.stm32cube.ide.mcu.externaltools.gnu-tools-for-stm32.10.3-2021.10.win32_1.0.0.202111181127/tools/bin/../lib/gcc/arm-none-eabi/10.3.1/thumb/v6-m/nofp/crtbegin.o
 *(.init)
 .init          0x0000000008004adc        0x4 c:/st/stm32cubeide_1.10.0/stm32cubeide/plugins/com.st.stm32cube.ide.mcu.externaltools.gnu-tools-for-stm32.10.3-2021.10.win32_1.0.0.202111181127/tools/bin/../lib/gcc/arm-none-eabi/10.3.1/thumb/v6-m/nofp/crti.o
                0x0000000008004adc                _init
 .init          0x0000000008004ae0        0x8 c:/st/stm32cubeide_1.10.0/stm32cubeide/plugins/com.st.stm32cube.ide.mcu.externaltools.gnu-tools-for-stm32.10.3-2021.10.win32_1.0.0.202111181127/tools/bin/../lib/gcc/arm-none-eabi/10.3.1/thumb/v6-m/nofp/crtn.o
 *(.fini)
 .fini          0x0000000008004ae8        0x4 c:/st/stm32cubeide_1.10.0/stm32cubeide/plugins/com.st.stm32cube.ide.mcu.externaltools.gnu-tools-for-stm32.10.3-2021.10.win32_1.0.0.202111181127/tools/bin/../lib/gcc/arm-none-eabi/10.3.1/thumb/v6-m/nofp/crti.o
                0x0000000008004ae8                _fini
 .fini          0x0000000008004aec        0x8 c:/st/stm32cubeide_1.10.0/stm32cubeide/plugins/com.st.stm32cube.ide.mcu.externaltools.gnu-tools-for-stm32.10.3-2021.10.win32_1.0.0.202111181127/tools/bin/../lib/gcc/arm-none-eabi/10.3.1/thumb/v6-m/nofp/crtn.o
                0x0000000008004af4                . = ALIGN (0x4)
                0x0000000008004af4                _etext = .

.vfp11_veneer   0x0000000008004af4        0x0
 .vfp11_veneer  0x0000000008004af4        0x0 linker stubs

.v4_bx          0x0000000008004af4        0x0
 .v4_bx         0x0000000008004af4        0x0 linker stubs

.iplt           0x0000000008004af4        0x0
 .iplt          0x0000000008004af4        0x0 c:/st/stm32cubeide_1.10.0/stm32cubeide/plugins/com.st.stm32cube.ide.mcu.externaltools.gnu-tools-for-stm32.10.3-2021.10.win32_1.0.0.202111181127/tools/bin/../lib/gcc/arm-none-eabi/10.3.1/thumb/v6-m/nofp/crtbegin.o

.rodata         0x0000000008004af4     0x2cd4
                0x0000000008004af4                . = ALIGN (0x4)
 *(.rodata)
 *(.rodata*)
 .rodata.HAL_TIM_PeriodElapsedCallback
                0x0000000008004af4       0x7c ./Core/Src/main.o
 .rodata.New_Task_Element.str1.4
                0x0000000008004b70       0x10 ./Core/Src/ssd1306_adds.o
 .rodata.Show_Project_Tasks.str1.4
                0x0000000008004b80       0x17 ./Core/Src/ssd1306_adds.o
 *fill*         0x0000000008004b97        0x1 
 .rodata.Show_Value_Screen.str1.4
                0x0000000008004b98       0x2a ./Core/Src/ssd1306_adds.o
 *fill*         0x0000000008004bc2        0x2 
 .rodata.Show_Summary.str1.4
                0x0000000008004bc4       0x3a ./Core/Src/ssd1306_adds.o
 *fill*         0x0000000008004bfe        0x2 
 .rodata.Show_Project_Details.str1.4
                0x0000000008004c00        0xb ./Core/Src/ssd1306_adds.o
                                         0x13 (size before relaxing)
 *fill*         0x0000000008004c0b        0x1 
 .rodata.Show_Summary_Correctness_Query.str1.4
                0x0000000008004c0c       0x13 ./Core/Src/ssd1306_adds.o
 *fill*         0x0000000008004c1f        0x1 
 .rodata.Set_Theme.str1.4
                0x0000000008004c20       0x72 ./Core/Src/ssd1306_adds.o
 *fill*         0x0000000008004c92        0x2 
 .rodata.Set_Theme
                0x0000000008004c94       0xf8 ./Core/Src/ssd1306_adds.o
 .rodata.Structures_Init.str1.4
                0x0000000008004d8c       0xd1 ./Core/Src/ssd1306_adds.o
 .rodata.G_PROJECT_COUNT
                0x0000000008004e5d        0x1 ./Core/Src/ssd1306_adds.o
                0x0000000008004e5d                G_PROJECT_COUNT
 *fill*         0x0000000008004e5e        0x2 
 .rodata.IMG_DIAMETER
                0x0000000008004e60      0x400 ./Core/Src/ssd1306_adds.o
                0x0000000008004e60                IMG_DIAMETER
 .rodata.IMG_LOGO
                0x0000000008005260      0x400 ./Core/Src/ssd1306_adds.o
                0x0000000008005260                IMG_LOGO
 .rodata.IMG_SPEED
                0x0000000008005660      0x400 ./Core/Src/ssd1306_adds.o
                0x0000000008005660                IMG_SPEED
 .rodata.IMG_TURNS
                0x0000000008005a60      0x400 ./Core/Src/ssd1306_adds.o
                0x0000000008005a60                IMG_TURNS
 .rodata.IMG_WIDTH
                0x0000000008005e60      0x400 ./Core/Src/ssd1306_adds.o
                0x0000000008005e60                IMG_WIDTH
 .rodata.Font11x18
                0x0000000008006260      0xd5c ./Core/Src/ssd1306_fonts.o
                0x0000000008006260                Font11x18
 .rodata.Font7x10
                0x0000000008006fbc      0x76c ./Core/Src/ssd1306_fonts.o
                0x0000000008006fbc                Font7x10
 .rodata.AHBPrescTable
                0x0000000008007728       0x10 ./Core/Src/system_stm32l0xx.o
                0x0000000008007728                AHBPrescTable
 .rodata.APBPrescTable
                0x0000000008007738        0x8 ./Core/Src/system_stm32l0xx.o
                0x0000000008007738                APBPrescTable
 .rodata.PLLMulTable
                0x0000000008007740        0x9 ./Core/Src/system_stm32l0xx.o
                0x0000000008007740                PLLMulTable
 *fill*         0x0000000008007749        0x3 
 .rodata.UART_SetConfig
                0x000000000800774c       0x48 ./Drivers/STM32L0xx_HAL_Driver/Src/stm32l0xx_hal_uart.o
 .rodata._svfprintf_r.str1.1
                0x0000000008007794       0x11 c:/st/stm32cubeide_1.10.0/stm32cubeide/plugins/com.st.stm32cube.ide.mcu.externaltools.gnu-tools-for-stm32.10.3-2021.10.win32_1.0.0.202111181127/tools/bin/../lib/gcc/arm-none-eabi/10.3.1/../../../../arm-none-eabi/lib/thumb/v6-m/nofp\libc_nano.a(lib_a-nano-svfprintf.o)
 .rodata._printf_i.str1.1
                0x00000000080077a5       0x22 c:/st/stm32cubeide_1.10.0/stm32cubeide/plugins/com.st.stm32cube.ide.mcu.externaltools.gnu-tools-for-stm32.10.3-2021.10.win32_1.0.0.202111181127/tools/bin/../lib/gcc/arm-none-eabi/10.3.1/../../../../arm-none-eabi/lib/thumb/v6-m/nofp\libc_nano.a(lib_a-nano-vfprintf_i.o)
                0x00000000080077c8                . = ALIGN (0x4)
 *fill*         0x00000000080077c7        0x1 

.ARM.extab      0x00000000080077c8        0x0
                0x00000000080077c8                . = ALIGN (0x4)
 *(.ARM.extab* .gnu.linkonce.armextab.*)
                0x00000000080077c8                . = ALIGN (0x4)

.ARM            0x00000000080077c8        0x8
                0x00000000080077c8                . = ALIGN (0x4)
                0x00000000080077c8                __exidx_start = .
 *(.ARM.exidx*)
 .ARM.exidx     0x00000000080077c8        0x8 c:/st/stm32cubeide_1.10.0/stm32cubeide/plugins/com.st.stm32cube.ide.mcu.externaltools.gnu-tools-for-stm32.10.3-2021.10.win32_1.0.0.202111181127/tools/bin/../lib/gcc/arm-none-eabi/10.3.1/thumb/v6-m/nofp\libgcc.a(_udivmoddi4.o)
                0x00000000080077d0                __exidx_end = .
                0x00000000080077d0                . = ALIGN (0x4)

.rel.dyn        0x00000000080077d0        0x0
 .rel.iplt      0x00000000080077d0        0x0 c:/st/stm32cubeide_1.10.0/stm32cubeide/plugins/com.st.stm32cube.ide.mcu.externaltools.gnu-tools-for-stm32.10.3-2021.10.win32_1.0.0.202111181127/tools/bin/../lib/gcc/arm-none-eabi/10.3.1/thumb/v6-m/nofp/crtbegin.o

.preinit_array  0x00000000080077d0        0x0
                0x00000000080077d0                . = ALIGN (0x4)
                0x00000000080077d0                PROVIDE (__preinit_array_start = .)
 *(.preinit_array*)
                0x00000000080077d0                PROVIDE (__preinit_array_end = .)
                0x00000000080077d0                . = ALIGN (0x4)

.init_array     0x00000000080077d0        0x4
                0x00000000080077d0                . = ALIGN (0x4)
                0x00000000080077d0                PROVIDE (__init_array_start = .)
 *(SORT_BY_NAME(.init_array.*))
 *(.init_array*)
 .init_array    0x00000000080077d0        0x4 c:/st/stm32cubeide_1.10.0/stm32cubeide/plugins/com.st.stm32cube.ide.mcu.externaltools.gnu-tools-for-stm32.10.3-2021.10.win32_1.0.0.202111181127/tools/bin/../lib/gcc/arm-none-eabi/10.3.1/thumb/v6-m/nofp/crtbegin.o
                0x00000000080077d4                PROVIDE (__init_array_end = .)
                0x00000000080077d4                . = ALIGN (0x4)

.fini_array     0x00000000080077d4        0x4
                0x00000000080077d4                . = ALIGN (0x4)
                [!provide]                        PROVIDE (__fini_array_start = .)
 *(SORT_BY_NAME(.fini_array.*))
 *(.fini_array*)
 .fini_array    0x00000000080077d4        0x4 c:/st/stm32cubeide_1.10.0/stm32cubeide/plugins/com.st.stm32cube.ide.mcu.externaltools.gnu-tools-for-stm32.10.3-2021.10.win32_1.0.0.202111181127/tools/bin/../lib/gcc/arm-none-eabi/10.3.1/thumb/v6-m/nofp/crtbegin.o
                [!provide]                        PROVIDE (__fini_array_end = .)
                0x00000000080077d8                . = ALIGN (0x4)
                0x00000000080077d8                _sidata = LOADADDR (.data)

.data           0x0000000020000000       0x84 load address 0x00000000080077d8
                0x0000000020000000                . = ALIGN (0x4)
                0x0000000020000000                _sdata = .
 *(.data)
 *(.data*)
 .data.encoderCountPrev
                0x0000000020000000        0x2 ./Core/Src/main.o
                0x0000000020000000                encoderCountPrev
 *fill*         0x0000000020000002        0x2 
 .data.Font_11x18
                0x0000000020000004        0x8 ./Core/Src/ssd1306_fonts.o
                0x0000000020000004                Font_11x18
 .data.Font_7x10
                0x000000002000000c        0x8 ./Core/Src/ssd1306_fonts.o
                0x000000002000000c                Font_7x10
 .data.SystemCoreClock
                0x0000000020000014        0x4 ./Core/Src/system_stm32l0xx.o
                0x0000000020000014                SystemCoreClock
 .data.uwTickFreq
                0x0000000020000018        0x1 ./Drivers/STM32L0xx_HAL_Driver/Src/stm32l0xx_hal.o
                0x0000000020000018                uwTickFreq
 *fill*         0x0000000020000019        0x3 
 .data.uwTickPrio
                0x000000002000001c        0x4 ./Drivers/STM32L0xx_HAL_Driver/Src/stm32l0xx_hal.o
                0x000000002000001c                uwTickPrio
 .data._impure_ptr
                0x0000000020000020        0x4 c:/st/stm32cubeide_1.10.0/stm32cubeide/plugins/com.st.stm32cube.ide.mcu.externaltools.gnu-tools-for-stm32.10.3-2021.10.win32_1.0.0.202111181127/tools/bin/../lib/gcc/arm-none-eabi/10.3.1/../../../../arm-none-eabi/lib/thumb/v6-m/nofp\libc_nano.a(lib_a-impure.o)
                0x0000000020000020                _impure_ptr
 .data.impure_data
                0x0000000020000024       0x60 c:/st/stm32cubeide_1.10.0/stm32cubeide/plugins/com.st.stm32cube.ide.mcu.externaltools.gnu-tools-for-stm32.10.3-2021.10.win32_1.0.0.202111181127/tools/bin/../lib/gcc/arm-none-eabi/10.3.1/../../../../arm-none-eabi/lib/thumb/v6-m/nofp\libc_nano.a(lib_a-impure.o)
 *(.RamFunc)
 *(.RamFunc*)
                0x0000000020000084                . = ALIGN (0x4)
                0x0000000020000084                _edata = .

.igot.plt       0x0000000020000084        0x0 load address 0x000000000800785c
 .igot.plt      0x0000000020000084        0x0 c:/st/stm32cubeide_1.10.0/stm32cubeide/plugins/com.st.stm32cube.ide.mcu.externaltools.gnu-tools-for-stm32.10.3-2021.10.win32_1.0.0.202111181127/tools/bin/../lib/gcc/arm-none-eabi/10.3.1/thumb/v6-m/nofp/crtbegin.o
                0x0000000020000084                . = ALIGN (0x4)

.bss            0x0000000020000084      0x714 load address 0x000000000800785c
                0x0000000020000084                _sbss = .
                0x0000000020000084                __bss_start__ = _sbss
 *(.bss)
 .bss           0x0000000020000084       0x1c c:/st/stm32cubeide_1.10.0/stm32cubeide/plugins/com.st.stm32cube.ide.mcu.externaltools.gnu-tools-for-stm32.10.3-2021.10.win32_1.0.0.202111181127/tools/bin/../lib/gcc/arm-none-eabi/10.3.1/thumb/v6-m/nofp/crtbegin.o
 *(.bss*)
 .bss.hi2c1     0x00000000200000a0       0x4c ./Core/Src/i2c.o
                0x00000000200000a0                hi2c1
 .bss.encoderCount
                0x00000000200000ec        0x2 ./Core/Src/main.o
                0x00000000200000ec                encoderCount
 .bss.g_diameter_MAIN
                0x00000000200000ee        0x2 ./Core/Src/main.o
                0x00000000200000ee                g_diameter_MAIN
 .bss.g_speed_MAIN
                0x00000000200000f0        0x2 ./Core/Src/main.o
                0x00000000200000f0                g_speed_MAIN
 .bss.g_turns_MAIN
                0x00000000200000f2        0x2 ./Core/Src/main.o
                0x00000000200000f2                g_turns_MAIN
 .bss.g_width_MAIN
                0x00000000200000f4        0x2 ./Core/Src/main.o
                0x00000000200000f4                g_width_MAIN
 .bss.pressBtnCounter
                0x00000000200000f6        0x1 ./Core/Src/main.o
 *fill*         0x00000000200000f7        0x1 
 .bss.SSD1306   0x00000000200000f8        0x6 ./Core/Src/ssd1306.o
 *fill*         0x00000000200000fe        0x2 
 .bss.SSD1306_Buffer
                0x0000000020000100      0x400 ./Core/Src/ssd1306.o
 .bss.Details   0x0000000020000500      0x110 ./Core/Src/ssd1306_adds.o
                0x0000000020000500                Details
 .bss.Settings  0x0000000020000610       0x20 ./Core/Src/ssd1306_adds.o
                0x0000000020000610                Settings
 .bss.arrayToken
                0x0000000020000630        0x4 ./Core/Src/ssd1306_adds.o
                0x0000000020000630                arrayToken
 .bss.g_correctionFlag
                0x0000000020000634        0x1 ./Core/Src/ssd1306_adds.o
                0x0000000020000634                g_correctionFlag
 .bss.g_projectSelect
                0x0000000020000635        0x1 ./Core/Src/ssd1306_adds.o
                0x0000000020000635                g_projectSelect
 .bss.g_selector
                0x0000000020000636        0x1 ./Core/Src/ssd1306_adds.o
                0x0000000020000636                g_selector
 .bss.g_taskStep
                0x0000000020000637        0x1 ./Core/Src/ssd1306_adds.o
                0x0000000020000637                g_taskStep
 .bss.g_workStep
                0x0000000020000638        0x1 ./Core/Src/ssd1306_adds.o
                0x0000000020000638                g_workStep
 .bss.markerPosition
                0x0000000020000639        0x1 ./Core/Src/ssd1306_adds.o
                0x0000000020000639                markerPosition
 .bss.progressBarStep
                0x000000002000063a        0x1 ./Core/Src/ssd1306_adds.o
                0x000000002000063a                progressBarStep
 .bss.progressBarWidth
                0x000000002000063b        0x1 ./Core/Src/ssd1306_adds.o
                0x000000002000063b                progressBarWidth
 .bss.__sbrk_heap_end
                0x000000002000063c        0x4 ./Core/Src/sysmem.o
 .bss.htim2     0x0000000020000640       0x40 ./Core/Src/tim.o
                0x0000000020000640                htim2
 .bss.htim6     0x0000000020000680       0x40 ./Core/Src/tim.o
                0x0000000020000680                htim6
 .bss.htim7     0x00000000200006c0       0x40 ./Core/Src/tim.o
                0x00000000200006c0                htim7
 .bss.huart2    0x0000000020000700       0x84 ./Core/Src/usart.o
                0x0000000020000700                huart2
 .bss.uwTick    0x0000000020000784        0x4 ./Drivers/STM32L0xx_HAL_Driver/Src/stm32l0xx_hal.o
                0x0000000020000784                uwTick
 .bss.__malloc_free_list
                0x0000000020000788        0x4 c:/st/stm32cubeide_1.10.0/stm32cubeide/plugins/com.st.stm32cube.ide.mcu.externaltools.gnu-tools-for-stm32.10.3-2021.10.win32_1.0.0.202111181127/tools/bin/../lib/gcc/arm-none-eabi/10.3.1/../../../../arm-none-eabi/lib/thumb/v6-m/nofp\libc_nano.a(lib_a-nano-mallocr.o)
                0x0000000020000788                __malloc_free_list
 .bss.__malloc_sbrk_start
                0x000000002000078c        0x4 c:/st/stm32cubeide_1.10.0/stm32cubeide/plugins/com.st.stm32cube.ide.mcu.externaltools.gnu-tools-for-stm32.10.3-2021.10.win32_1.0.0.202111181127/tools/bin/../lib/gcc/arm-none-eabi/10.3.1/../../../../arm-none-eabi/lib/thumb/v6-m/nofp\libc_nano.a(lib_a-nano-mallocr.o)
                0x000000002000078c                __malloc_sbrk_start
 .bss.errno     0x0000000020000790        0x4 c:/st/stm32cubeide_1.10.0/stm32cubeide/plugins/com.st.stm32cube.ide.mcu.externaltools.gnu-tools-for-stm32.10.3-2021.10.win32_1.0.0.202111181127/tools/bin/../lib/gcc/arm-none-eabi/10.3.1/../../../../arm-none-eabi/lib/thumb/v6-m/nofp\libc_nano.a(lib_a-reent.o)
                0x0000000020000790                errno
 .bss.__lock___malloc_recursive_mutex
                0x0000000020000794        0x1 c:/st/stm32cubeide_1.10.0/stm32cubeide/plugins/com.st.stm32cube.ide.mcu.externaltools.gnu-tools-for-stm32.10.3-2021.10.win32_1.0.0.202111181127/tools/bin/../lib/gcc/arm-none-eabi/10.3.1/../../../../arm-none-eabi/lib/thumb/v6-m/nofp\libc_nano.a(lib_a-lock.o)
                0x0000000020000794                __lock___malloc_recursive_mutex
 *(COMMON)
                0x0000000020000798                . = ALIGN (0x4)
 *fill*         0x0000000020000795        0x3 
                0x0000000020000798                _ebss = .
                0x0000000020000798                __bss_end__ = _ebss

._user_heap_stack
                0x0000000020000798      0x600 load address 0x000000000800785c
                0x0000000020000798                . = ALIGN (0x8)
                [!provide]                        PROVIDE (end = .)
                0x0000000020000798                PROVIDE (_end = .)
                0x0000000020000998                . = (. + _Min_Heap_Size)
 *fill*         0x0000000020000798      0x200 
                0x0000000020000d98                . = (. + _Min_Stack_Size)
 *fill*         0x0000000020000998      0x400 
                0x0000000020000d98                . = ALIGN (0x8)

/DISCARD/
 libc.a(*)
 libm.a(*)
 libgcc.a(*)

.ARM.attributes
                0x0000000000000000       0x28
 *(.ARM.attributes)
 .ARM.attributes
                0x0000000000000000       0x1e c:/st/stm32cubeide_1.10.0/stm32cubeide/plugins/com.st.stm32cube.ide.mcu.externaltools.gnu-tools-for-stm32.10.3-2021.10.win32_1.0.0.202111181127/tools/bin/../lib/gcc/arm-none-eabi/10.3.1/thumb/v6-m/nofp/crti.o
 .ARM.attributes
                0x000000000000001e       0x2c c:/st/stm32cubeide_1.10.0/stm32cubeide/plugins/com.st.stm32cube.ide.mcu.externaltools.gnu-tools-for-stm32.10.3-2021.10.win32_1.0.0.202111181127/tools/bin/../lib/gcc/arm-none-eabi/10.3.1/thumb/v6-m/nofp/crtbegin.o
 .ARM.attributes
                0x000000000000004a       0x2c ./Core/Src/gpio.o
 .ARM.attributes
                0x0000000000000076       0x2c ./Core/Src/i2c.o
 .ARM.attributes
                0x00000000000000a2       0x2c ./Core/Src/main.o
 .ARM.attributes
                0x00000000000000ce       0x2c ./Core/Src/ssd1306.o
 .ARM.attributes
                0x00000000000000fa       0x2c ./Core/Src/ssd1306_adds.o
 .ARM.attributes
                0x0000000000000126       0x2c ./Core/Src/ssd1306_fonts.o
 .ARM.attributes
                0x0000000000000152       0x2c ./Core/Src/stm32l0xx_hal_msp.o
 .ARM.attributes
                0x000000000000017e       0x2c ./Core/Src/stm32l0xx_it.o
 .ARM.attributes
                0x00000000000001aa       0x2c ./Core/Src/sysmem.o
 .ARM.attributes
                0x00000000000001d6       0x2c ./Core/Src/system_stm32l0xx.o
 .ARM.attributes
                0x0000000000000202       0x2c ./Core/Src/tim.o
 .ARM.attributes
                0x000000000000022e       0x2c ./Core/Src/usart.o
 .ARM.attributes
                0x000000000000025a       0x22 ./Core/Startup/startup_stm32l073rztx.o
 .ARM.attributes
                0x000000000000027c       0x2c ./Drivers/STM32L0xx_HAL_Driver/Src/stm32l0xx_hal.o
 .ARM.attributes
                0x00000000000002a8       0x2c ./Drivers/STM32L0xx_HAL_Driver/Src/stm32l0xx_hal_cortex.o
 .ARM.attributes
                0x00000000000002d4       0x2c ./Drivers/STM32L0xx_HAL_Driver/Src/stm32l0xx_hal_gpio.o
 .ARM.attributes
                0x0000000000000300       0x2c ./Drivers/STM32L0xx_HAL_Driver/Src/stm32l0xx_hal_i2c.o
 .ARM.attributes
                0x000000000000032c       0x2c ./Drivers/STM32L0xx_HAL_Driver/Src/stm32l0xx_hal_i2c_ex.o
 .ARM.attributes
                0x0000000000000358       0x2c ./Drivers/STM32L0xx_HAL_Driver/Src/stm32l0xx_hal_rcc.o
 .ARM.attributes
                0x0000000000000384       0x2c ./Drivers/STM32L0xx_HAL_Driver/Src/stm32l0xx_hal_rcc_ex.o
 .ARM.attributes
                0x00000000000003b0       0x2c ./Drivers/STM32L0xx_HAL_Driver/Src/stm32l0xx_hal_tim.o
 .ARM.attributes
                0x00000000000003dc       0x2c ./Drivers/STM32L0xx_HAL_Driver/Src/stm32l0xx_hal_tim_ex.o
 .ARM.attributes
                0x0000000000000408       0x2c ./Drivers/STM32L0xx_HAL_Driver/Src/stm32l0xx_hal_uart.o
 .ARM.attributes
                0x0000000000000434       0x2c c:/st/stm32cubeide_1.10.0/stm32cubeide/plugins/com.st.stm32cube.ide.mcu.externaltools.gnu-tools-for-stm32.10.3-2021.10.win32_1.0.0.202111181127/tools/bin/../lib/gcc/arm-none-eabi/10.3.1/../../../../arm-none-eabi/lib/thumb/v6-m/nofp\libc_nano.a(lib_a-errno.o)
 .ARM.attributes
                0x0000000000000460       0x2c c:/st/stm32cubeide_1.10.0/stm32cubeide/plugins/com.st.stm32cube.ide.mcu.externaltools.gnu-tools-for-stm32.10.3-2021.10.win32_1.0.0.202111181127/tools/bin/../lib/gcc/arm-none-eabi/10.3.1/../../../../arm-none-eabi/lib/thumb/v6-m/nofp\libc_nano.a(lib_a-impure.o)
 .ARM.attributes
                0x000000000000048c       0x2c c:/st/stm32cubeide_1.10.0/stm32cubeide/plugins/com.st.stm32cube.ide.mcu.externaltools.gnu-tools-for-stm32.10.3-2021.10.win32_1.0.0.202111181127/tools/bin/../lib/gcc/arm-none-eabi/10.3.1/../../../../arm-none-eabi/lib/thumb/v6-m/nofp\libc_nano.a(lib_a-init.o)
 .ARM.attributes
                0x00000000000004b8       0x2c c:/st/stm32cubeide_1.10.0/stm32cubeide/plugins/com.st.stm32cube.ide.mcu.externaltools.gnu-tools-for-stm32.10.3-2021.10.win32_1.0.0.202111181127/tools/bin/../lib/gcc/arm-none-eabi/10.3.1/../../../../arm-none-eabi/lib/thumb/v6-m/nofp\libc_nano.a(lib_a-memcpy-stub.o)
 .ARM.attributes
                0x00000000000004e4       0x2c c:/st/stm32cubeide_1.10.0/stm32cubeide/plugins/com.st.stm32cube.ide.mcu.externaltools.gnu-tools-for-stm32.10.3-2021.10.win32_1.0.0.202111181127/tools/bin/../lib/gcc/arm-none-eabi/10.3.1/../../../../arm-none-eabi/lib/thumb/v6-m/nofp\libc_nano.a(lib_a-memset.o)
 .ARM.attributes
                0x0000000000000510       0x2c c:/st/stm32cubeide_1.10.0/stm32cubeide/plugins/com.st.stm32cube.ide.mcu.externaltools.gnu-tools-for-stm32.10.3-2021.10.win32_1.0.0.202111181127/tools/bin/../lib/gcc/arm-none-eabi/10.3.1/../../../../arm-none-eabi/lib/thumb/v6-m/nofp\libc_nano.a(lib_a-sprintf.o)
 .ARM.attributes
                0x000000000000053c       0x2c c:/st/stm32cubeide_1.10.0/stm32cubeide/plugins/com.st.stm32cube.ide.mcu.externaltools.gnu-tools-for-stm32.10.3-2021.10.win32_1.0.0.202111181127/tools/bin/../lib/gcc/arm-none-eabi/10.3.1/../../../../arm-none-eabi/lib/thumb/v6-m/nofp\libc_nano.a(lib_a-nano-svfprintf.o)
 .ARM.attributes
                0x0000000000000568       0x2c c:/st/stm32cubeide_1.10.0/stm32cubeide/plugins/com.st.stm32cube.ide.mcu.externaltools.gnu-tools-for-stm32.10.3-2021.10.win32_1.0.0.202111181127/tools/bin/../lib/gcc/arm-none-eabi/10.3.1/../../../../arm-none-eabi/lib/thumb/v6-m/nofp\libc_nano.a(lib_a-nano-vfprintf_i.o)
 .ARM.attributes
                0x0000000000000594       0x2c c:/st/stm32cubeide_1.10.0/stm32cubeide/plugins/com.st.stm32cube.ide.mcu.externaltools.gnu-tools-for-stm32.10.3-2021.10.win32_1.0.0.202111181127/tools/bin/../lib/gcc/arm-none-eabi/10.3.1/../../../../arm-none-eabi/lib/thumb/v6-m/nofp\libc_nano.a(lib_a-memchr-stub.o)
 .ARM.attributes
                0x00000000000005c0       0x2c c:/st/stm32cubeide_1.10.0/stm32cubeide/plugins/com.st.stm32cube.ide.mcu.externaltools.gnu-tools-for-stm32.10.3-2021.10.win32_1.0.0.202111181127/tools/bin/../lib/gcc/arm-none-eabi/10.3.1/../../../../arm-none-eabi/lib/thumb/v6-m/nofp\libc_nano.a(lib_a-memmove.o)
 .ARM.attributes
                0x00000000000005ec       0x2c c:/st/stm32cubeide_1.10.0/stm32cubeide/plugins/com.st.stm32cube.ide.mcu.externaltools.gnu-tools-for-stm32.10.3-2021.10.win32_1.0.0.202111181127/tools/bin/../lib/gcc/arm-none-eabi/10.3.1/../../../../arm-none-eabi/lib/thumb/v6-m/nofp\libc_nano.a(lib_a-nano-freer.o)
 .ARM.attributes
                0x0000000000000618       0x2c c:/st/stm32cubeide_1.10.0/stm32cubeide/plugins/com.st.stm32cube.ide.mcu.externaltools.gnu-tools-for-stm32.10.3-2021.10.win32_1.0.0.202111181127/tools/bin/../lib/gcc/arm-none-eabi/10.3.1/../../../../arm-none-eabi/lib/thumb/v6-m/nofp\libc_nano.a(lib_a-nano-mallocr.o)
 .ARM.attributes
                0x0000000000000644       0x2c c:/st/stm32cubeide_1.10.0/stm32cubeide/plugins/com.st.stm32cube.ide.mcu.externaltools.gnu-tools-for-stm32.10.3-2021.10.win32_1.0.0.202111181127/tools/bin/../lib/gcc/arm-none-eabi/10.3.1/../../../../arm-none-eabi/lib/thumb/v6-m/nofp\libc_nano.a(lib_a-nano-reallocr.o)
 .ARM.attributes
                0x0000000000000670       0x2c c:/st/stm32cubeide_1.10.0/stm32cubeide/plugins/com.st.stm32cube.ide.mcu.externaltools.gnu-tools-for-stm32.10.3-2021.10.win32_1.0.0.202111181127/tools/bin/../lib/gcc/arm-none-eabi/10.3.1/../../../../arm-none-eabi/lib/thumb/v6-m/nofp\libc_nano.a(lib_a-sbrkr.o)
 .ARM.attributes
                0x000000000000069c       0x2c c:/st/stm32cubeide_1.10.0/stm32cubeide/plugins/com.st.stm32cube.ide.mcu.externaltools.gnu-tools-for-stm32.10.3-2021.10.win32_1.0.0.202111181127/tools/bin/../lib/gcc/arm-none-eabi/10.3.1/../../../../arm-none-eabi/lib/thumb/v6-m/nofp\libc_nano.a(lib_a-mlock.o)
 .ARM.attributes
                0x00000000000006c8       0x2c c:/st/stm32cubeide_1.10.0/stm32cubeide/plugins/com.st.stm32cube.ide.mcu.externaltools.gnu-tools-for-stm32.10.3-2021.10.win32_1.0.0.202111181127/tools/bin/../lib/gcc/arm-none-eabi/10.3.1/../../../../arm-none-eabi/lib/thumb/v6-m/nofp\libc_nano.a(lib_a-nano-msizer.o)
 .ARM.attributes
                0x00000000000006f4       0x2c c:/st/stm32cubeide_1.10.0/stm32cubeide/plugins/com.st.stm32cube.ide.mcu.externaltools.gnu-tools-for-stm32.10.3-2021.10.win32_1.0.0.202111181127/tools/bin/../lib/gcc/arm-none-eabi/10.3.1/../../../../arm-none-eabi/lib/thumb/v6-m/nofp\libc_nano.a(lib_a-reent.o)
 .ARM.attributes
                0x0000000000000720       0x2c c:/st/stm32cubeide_1.10.0/stm32cubeide/plugins/com.st.stm32cube.ide.mcu.externaltools.gnu-tools-for-stm32.10.3-2021.10.win32_1.0.0.202111181127/tools/bin/../lib/gcc/arm-none-eabi/10.3.1/../../../../arm-none-eabi/lib/thumb/v6-m/nofp\libc_nano.a(lib_a-lock.o)
 .ARM.attributes
                0x000000000000074c       0x1e c:/st/stm32cubeide_1.10.0/stm32cubeide/plugins/com.st.stm32cube.ide.mcu.externaltools.gnu-tools-for-stm32.10.3-2021.10.win32_1.0.0.202111181127/tools/bin/../lib/gcc/arm-none-eabi/10.3.1/thumb/v6-m/nofp\libgcc.a(_thumb1_case_shi.o)
 .ARM.attributes
                0x000000000000076a       0x1e c:/st/stm32cubeide_1.10.0/stm32cubeide/plugins/com.st.stm32cube.ide.mcu.externaltools.gnu-tools-for-stm32.10.3-2021.10.win32_1.0.0.202111181127/tools/bin/../lib/gcc/arm-none-eabi/10.3.1/thumb/v6-m/nofp\libgcc.a(_udivsi3.o)
 .ARM.attributes
                0x0000000000000788       0x1e c:/st/stm32cubeide_1.10.0/stm32cubeide/plugins/com.st.stm32cube.ide.mcu.externaltools.gnu-tools-for-stm32.10.3-2021.10.win32_1.0.0.202111181127/tools/bin/../lib/gcc/arm-none-eabi/10.3.1/thumb/v6-m/nofp\libgcc.a(_dvmd_tls.o)
 .ARM.attributes
                0x00000000000007a6       0x1e c:/st/stm32cubeide_1.10.0/stm32cubeide/plugins/com.st.stm32cube.ide.mcu.externaltools.gnu-tools-for-stm32.10.3-2021.10.win32_1.0.0.202111181127/tools/bin/../lib/gcc/arm-none-eabi/10.3.1/thumb/v6-m/nofp\libgcc.a(_aeabi_uldivmod.o)
 .ARM.attributes
                0x00000000000007c4       0x2c c:/st/stm32cubeide_1.10.0/stm32cubeide/plugins/com.st.stm32cube.ide.mcu.externaltools.gnu-tools-for-stm32.10.3-2021.10.win32_1.0.0.202111181127/tools/bin/../lib/gcc/arm-none-eabi/10.3.1/thumb/v6-m/nofp\libgcc.a(_muldi3.o)
 .ARM.attributes
                0x00000000000007f0       0x2c c:/st/stm32cubeide_1.10.0/stm32cubeide/plugins/com.st.stm32cube.ide.mcu.externaltools.gnu-tools-for-stm32.10.3-2021.10.win32_1.0.0.202111181127/tools/bin/../lib/gcc/arm-none-eabi/10.3.1/thumb/v6-m/nofp\libgcc.a(_udivmoddi4.o)
 .ARM.attributes
                0x000000000000081c       0x1e c:/st/stm32cubeide_1.10.0/stm32cubeide/plugins/com.st.stm32cube.ide.mcu.externaltools.gnu-tools-for-stm32.10.3-2021.10.win32_1.0.0.202111181127/tools/bin/../lib/gcc/arm-none-eabi/10.3.1/thumb/v6-m/nofp\libgcc.a(_clzdi2.o)
 .ARM.attributes
                0x000000000000083a       0x1e c:/st/stm32cubeide_1.10.0/stm32cubeide/plugins/com.st.stm32cube.ide.mcu.externaltools.gnu-tools-for-stm32.10.3-2021.10.win32_1.0.0.202111181127/tools/bin/../lib/gcc/arm-none-eabi/10.3.1/thumb/v6-m/nofp\libgcc.a(_clzsi2.o)
 .ARM.attributes
                0x0000000000000858       0x1e c:/st/stm32cubeide_1.10.0/stm32cubeide/plugins/com.st.stm32cube.ide.mcu.externaltools.gnu-tools-for-stm32.10.3-2021.10.win32_1.0.0.202111181127/tools/bin/../lib/gcc/arm-none-eabi/10.3.1/thumb/v6-m/nofp/crtn.o
OUTPUT(Szeloba.elf elf32-littlearm)
LOAD linker stubs
LOAD c:/st/stm32cubeide_1.10.0/stm32cubeide/plugins/com.st.stm32cube.ide.mcu.externaltools.gnu-tools-for-stm32.10.3-2021.10.win32_1.0.0.202111181127/tools/bin/../lib/gcc/arm-none-eabi/10.3.1/../../../../arm-none-eabi/lib/thumb/v6-m/nofp\libc.a
LOAD c:/st/stm32cubeide_1.10.0/stm32cubeide/plugins/com.st.stm32cube.ide.mcu.externaltools.gnu-tools-for-stm32.10.3-2021.10.win32_1.0.0.202111181127/tools/bin/../lib/gcc/arm-none-eabi/10.3.1/../../../../arm-none-eabi/lib/thumb/v6-m/nofp\libm.a
LOAD c:/st/stm32cubeide_1.10.0/stm32cubeide/plugins/com.st.stm32cube.ide.mcu.externaltools.gnu-tools-for-stm32.10.3-2021.10.win32_1.0.0.202111181127/tools/bin/../lib/gcc/arm-none-eabi/10.3.1/thumb/v6-m/nofp\libgcc.a

.debug_info     0x0000000000000000    0x1a40c
 .debug_info    0x0000000000000000      0x5dc ./Core/Src/gpio.o
 .debug_info    0x00000000000005dc      0xa81 ./Core/Src/i2c.o
 .debug_info    0x000000000000105d     0x126d ./Core/Src/main.o
 .debug_info    0x00000000000022ca     0x2330 ./Core/Src/ssd1306.o
 .debug_info    0x00000000000045fa     0x1eb8 ./Core/Src/ssd1306_adds.o
 .debug_info    0x00000000000064b2      0x299 ./Core/Src/ssd1306_fonts.o
 .debug_info    0x000000000000674b      0x1e3 ./Core/Src/stm32l0xx_hal_msp.o
 .debug_info    0x000000000000692e      0x762 ./Core/Src/stm32l0xx_it.o
 .debug_info    0x0000000000007090      0x18e ./Core/Src/sysmem.o
 .debug_info    0x000000000000721e      0x346 ./Core/Src/system_stm32l0xx.o
 .debug_info    0x0000000000007564      0xf28 ./Core/Src/tim.o
 .debug_info    0x000000000000848c      0xa2a ./Core/Src/usart.o
 .debug_info    0x0000000000008eb6       0x22 ./Core/Startup/startup_stm32l073rztx.o
 .debug_info    0x0000000000008ed8      0x994 ./Drivers/STM32L0xx_HAL_Driver/Src/stm32l0xx_hal.o
 .debug_info    0x000000000000986c      0xa3c ./Drivers/STM32L0xx_HAL_Driver/Src/stm32l0xx_hal_cortex.o
 .debug_info    0x000000000000a2a8      0x6e4 ./Drivers/STM32L0xx_HAL_Driver/Src/stm32l0xx_hal_gpio.o
 .debug_info    0x000000000000a98c     0x3fcf ./Drivers/STM32L0xx_HAL_Driver/Src/stm32l0xx_hal_i2c.o
 .debug_info    0x000000000000e95b      0x914 ./Drivers/STM32L0xx_HAL_Driver/Src/stm32l0xx_hal_i2c_ex.o
 .debug_info    0x000000000000f26f      0xdd4 ./Drivers/STM32L0xx_HAL_Driver/Src/stm32l0xx_hal_rcc.o
 .debug_info    0x0000000000010043      0x9b6 ./Drivers/STM32L0xx_HAL_Driver/Src/stm32l0xx_hal_rcc_ex.o
 .debug_info    0x00000000000109f9     0x419c ./Drivers/STM32L0xx_HAL_Driver/Src/stm32l0xx_hal_tim.o
 .debug_info    0x0000000000014b95      0x70a ./Drivers/STM32L0xx_HAL_Driver/Src/stm32l0xx_hal_tim_ex.o
 .debug_info    0x000000000001529f     0x516d ./Drivers/STM32L0xx_HAL_Driver/Src/stm32l0xx_hal_uart.o

.debug_abbrev   0x0000000000000000     0x2f93
 .debug_abbrev  0x0000000000000000      0x192 ./Core/Src/gpio.o
 .debug_abbrev  0x0000000000000192      0x222 ./Core/Src/i2c.o
 .debug_abbrev  0x00000000000003b4      0x370 ./Core/Src/main.o
 .debug_abbrev  0x0000000000000724      0x340 ./Core/Src/ssd1306.o
 .debug_abbrev  0x0000000000000a64      0x2e5 ./Core/Src/ssd1306_adds.o
 .debug_abbrev  0x0000000000000d49      0x12e ./Core/Src/ssd1306_fonts.o
 .debug_abbrev  0x0000000000000e77       0x9d ./Core/Src/stm32l0xx_hal_msp.o
 .debug_abbrev  0x0000000000000f14      0x1d3 ./Core/Src/stm32l0xx_it.o
 .debug_abbrev  0x00000000000010e7       0xdd ./Core/Src/sysmem.o
 .debug_abbrev  0x00000000000011c4      0x134 ./Core/Src/system_stm32l0xx.o
 .debug_abbrev  0x00000000000012f8      0x248 ./Core/Src/tim.o
 .debug_abbrev  0x0000000000001540      0x200 ./Core/Src/usart.o
 .debug_abbrev  0x0000000000001740       0x12 ./Core/Startup/startup_stm32l073rztx.o
 .debug_abbrev  0x0000000000001752      0x29f ./Drivers/STM32L0xx_HAL_Driver/Src/stm32l0xx_hal.o
 .debug_abbrev  0x00000000000019f1      0x28d ./Drivers/STM32L0xx_HAL_Driver/Src/stm32l0xx_hal_cortex.o
 .debug_abbrev  0x0000000000001c7e      0x1d8 ./Drivers/STM32L0xx_HAL_Driver/Src/stm32l0xx_hal_gpio.o
 .debug_abbrev  0x0000000000001e56      0x29b ./Drivers/STM32L0xx_HAL_Driver/Src/stm32l0xx_hal_i2c.o
 .debug_abbrev  0x00000000000020f1      0x1ad ./Drivers/STM32L0xx_HAL_Driver/Src/stm32l0xx_hal_i2c_ex.o
 .debug_abbrev  0x000000000000229e      0x2e6 ./Drivers/STM32L0xx_HAL_Driver/Src/stm32l0xx_hal_rcc.o
 .debug_abbrev  0x0000000000002584      0x20e ./Drivers/STM32L0xx_HAL_Driver/Src/stm32l0xx_hal_rcc_ex.o
 .debug_abbrev  0x0000000000002792      0x318 ./Drivers/STM32L0xx_HAL_Driver/Src/stm32l0xx_hal_tim.o
 .debug_abbrev  0x0000000000002aaa      0x1af ./Drivers/STM32L0xx_HAL_Driver/Src/stm32l0xx_hal_tim_ex.o
 .debug_abbrev  0x0000000000002c59      0x33a ./Drivers/STM32L0xx_HAL_Driver/Src/stm32l0xx_hal_uart.o

.debug_aranges  0x0000000000000000      0xfc8
 .debug_aranges
                0x0000000000000000       0x20 ./Core/Src/gpio.o
 .debug_aranges
                0x0000000000000020       0x30 ./Core/Src/i2c.o
 .debug_aranges
                0x0000000000000050       0x48 ./Core/Src/main.o
 .debug_aranges
                0x0000000000000098      0x100 ./Core/Src/ssd1306.o
 .debug_aranges
                0x0000000000000198       0xd8 ./Core/Src/ssd1306_adds.o
 .debug_aranges
                0x0000000000000270       0x20 ./Core/Src/ssd1306_fonts.o
 .debug_aranges
                0x0000000000000290       0x20 ./Core/Src/stm32l0xx_hal_msp.o
 .debug_aranges
                0x00000000000002b0       0x60 ./Core/Src/stm32l0xx_it.o
 .debug_aranges
                0x0000000000000310       0x20 ./Core/Src/sysmem.o
 .debug_aranges
                0x0000000000000330       0x28 ./Core/Src/system_stm32l0xx.o
 .debug_aranges
                0x0000000000000358       0x50 ./Core/Src/tim.o
 .debug_aranges
                0x00000000000003a8       0x30 ./Core/Src/usart.o
 .debug_aranges
                0x00000000000003d8       0x28 ./Core/Startup/startup_stm32l073rztx.o
 .debug_aranges
                0x0000000000000400      0x110 ./Drivers/STM32L0xx_HAL_Driver/Src/stm32l0xx_hal.o
 .debug_aranges
                0x0000000000000510       0x90 ./Drivers/STM32L0xx_HAL_Driver/Src/stm32l0xx_hal_cortex.o
 .debug_aranges
                0x00000000000005a0       0x58 ./Drivers/STM32L0xx_HAL_Driver/Src/stm32l0xx_hal_gpio.o
 .debug_aranges
                0x00000000000005f8      0x290 ./Drivers/STM32L0xx_HAL_Driver/Src/stm32l0xx_hal_i2c.o
 .debug_aranges
                0x0000000000000888       0x48 ./Drivers/STM32L0xx_HAL_Driver/Src/stm32l0xx_hal_i2c_ex.o
 .debug_aranges
                0x00000000000008d0       0x80 ./Drivers/STM32L0xx_HAL_Driver/Src/stm32l0xx_hal_rcc.o
 .debug_aranges
                0x0000000000000950       0xb0 ./Drivers/STM32L0xx_HAL_Driver/Src/stm32l0xx_hal_rcc_ex.o
 .debug_aranges
                0x0000000000000a00      0x388 ./Drivers/STM32L0xx_HAL_Driver/Src/stm32l0xx_hal_tim.o
 .debug_aranges
                0x0000000000000d88       0x28 ./Drivers/STM32L0xx_HAL_Driver/Src/stm32l0xx_hal_tim_ex.o
 .debug_aranges
                0x0000000000000db0      0x218 ./Drivers/STM32L0xx_HAL_Driver/Src/stm32l0xx_hal_uart.o

.debug_ranges   0x0000000000000000     0x10d0
 .debug_ranges  0x0000000000000000       0x10 ./Core/Src/gpio.o
 .debug_ranges  0x0000000000000010       0x20 ./Core/Src/i2c.o
 .debug_ranges  0x0000000000000030       0x98 ./Core/Src/main.o
 .debug_ranges  0x00000000000000c8      0x120 ./Core/Src/ssd1306.o
 .debug_ranges  0x00000000000001e8      0x158 ./Core/Src/ssd1306_adds.o
 .debug_ranges  0x0000000000000340       0x10 ./Core/Src/ssd1306_fonts.o
 .debug_ranges  0x0000000000000350       0x10 ./Core/Src/stm32l0xx_hal_msp.o
 .debug_ranges  0x0000000000000360       0x50 ./Core/Src/stm32l0xx_it.o
 .debug_ranges  0x00000000000003b0       0x10 ./Core/Src/sysmem.o
 .debug_ranges  0x00000000000003c0       0x18 ./Core/Src/system_stm32l0xx.o
 .debug_ranges  0x00000000000003d8       0x40 ./Core/Src/tim.o
 .debug_ranges  0x0000000000000418       0x20 ./Core/Src/usart.o
 .debug_ranges  0x0000000000000438       0x20 ./Core/Startup/startup_stm32l073rztx.o
 .debug_ranges  0x0000000000000458      0x100 ./Drivers/STM32L0xx_HAL_Driver/Src/stm32l0xx_hal.o
 .debug_ranges  0x0000000000000558       0xc8 ./Drivers/STM32L0xx_HAL_Driver/Src/stm32l0xx_hal_cortex.o
 .debug_ranges  0x0000000000000620       0x48 ./Drivers/STM32L0xx_HAL_Driver/Src/stm32l0xx_hal_gpio.o
 .debug_ranges  0x0000000000000668      0x280 ./Drivers/STM32L0xx_HAL_Driver/Src/stm32l0xx_hal_i2c.o
 .debug_ranges  0x00000000000008e8       0x38 ./Drivers/STM32L0xx_HAL_Driver/Src/stm32l0xx_hal_i2c_ex.o
 .debug_ranges  0x0000000000000920       0xa0 ./Drivers/STM32L0xx_HAL_Driver/Src/stm32l0xx_hal_rcc.o
 .debug_ranges  0x00000000000009c0       0xa0 ./Drivers/STM32L0xx_HAL_Driver/Src/stm32l0xx_hal_rcc_ex.o
 .debug_ranges  0x0000000000000a60      0x450 ./Drivers/STM32L0xx_HAL_Driver/Src/stm32l0xx_hal_tim.o
 .debug_ranges  0x0000000000000eb0       0x18 ./Drivers/STM32L0xx_HAL_Driver/Src/stm32l0xx_hal_tim_ex.o
 .debug_ranges  0x0000000000000ec8      0x208 ./Drivers/STM32L0xx_HAL_Driver/Src/stm32l0xx_hal_uart.o

.debug_macro    0x0000000000000000    0x16a31
 .debug_macro   0x0000000000000000      0x1e7 ./Core/Src/gpio.o
 .debug_macro   0x00000000000001e7      0xa4e ./Core/Src/gpio.o
 .debug_macro   0x0000000000000c35      0x125 ./Core/Src/gpio.o
 .debug_macro   0x0000000000000d5a       0x2e ./Core/Src/gpio.o
 .debug_macro   0x0000000000000d88       0x28 ./Core/Src/gpio.o
 .debug_macro   0x0000000000000db0       0x22 ./Core/Src/gpio.o
 .debug_macro   0x0000000000000dd2       0x8e ./Core/Src/gpio.o
 .debug_macro   0x0000000000000e60       0x51 ./Core/Src/gpio.o
 .debug_macro   0x0000000000000eb1      0x103 ./Core/Src/gpio.o
 .debug_macro   0x0000000000000fb4       0x6a ./Core/Src/gpio.o
 .debug_macro   0x000000000000101e      0x1df ./Core/Src/gpio.o
 .debug_macro   0x00000000000011fd       0x1c ./Core/Src/gpio.o
 .debug_macro   0x0000000000001219       0x22 ./Core/Src/gpio.o
 .debug_macro   0x000000000000123b       0xaf ./Core/Src/gpio.o
 .debug_macro   0x00000000000012ea      0x4da ./Core/Src/gpio.o
 .debug_macro   0x00000000000017c4      0x11f ./Core/Src/gpio.o
 .debug_macro   0x00000000000018e3     0xa44c ./Core/Src/gpio.o
 .debug_macro   0x000000000000bd2f       0x66 ./Core/Src/gpio.o
 .debug_macro   0x000000000000bd95     0x355c ./Core/Src/gpio.o
 .debug_macro   0x000000000000f2f1      0x174 ./Core/Src/gpio.o
 .debug_macro   0x000000000000f465       0x5b ./Core/Src/gpio.o
 .debug_macro   0x000000000000f4c0      0x8eb ./Core/Src/gpio.o
 .debug_macro   0x000000000000fdab      0xbb4 ./Core/Src/gpio.o
 .debug_macro   0x000000000001095f      0x197 ./Core/Src/gpio.o
 .debug_macro   0x0000000000010af6      0x13f ./Core/Src/gpio.o
 .debug_macro   0x0000000000010c35      0x1d1 ./Core/Src/gpio.o
 .debug_macro   0x0000000000010e06       0x82 ./Core/Src/gpio.o
 .debug_macro   0x0000000000010e88      0x28e ./Core/Src/gpio.o
 .debug_macro   0x0000000000011116      0x1e9 ./Core/Src/gpio.o
 .debug_macro   0x00000000000112ff      0x13e ./Core/Src/gpio.o
 .debug_macro   0x000000000001143d      0x4b5 ./Core/Src/gpio.o
 .debug_macro   0x00000000000118f2      0x22c ./Core/Src/gpio.o
 .debug_macro   0x0000000000011b1e       0x5b ./Core/Src/gpio.o
 .debug_macro   0x0000000000011b79       0xa5 ./Core/Src/gpio.o
 .debug_macro   0x0000000000011c1e      0x18d ./Core/Src/gpio.o
 .debug_macro   0x0000000000011dab       0x16 ./Core/Src/gpio.o
 .debug_macro   0x0000000000011dc1      0x773 ./Core/Src/gpio.o
 .debug_macro   0x0000000000012534       0xfc ./Core/Src/gpio.o
 .debug_macro   0x0000000000012630      0x5ba ./Core/Src/gpio.o
 .debug_macro   0x0000000000012bea       0x44 ./Core/Src/gpio.o
 .debug_macro   0x0000000000012c2e      0x1a2 ./Core/Src/gpio.o
 .debug_macro   0x0000000000012dd0       0x52 ./Core/Src/gpio.o
 .debug_macro   0x0000000000012e22      0x1e7 ./Core/Src/i2c.o
 .debug_macro   0x0000000000013009      0x423 ./Core/Src/main.o
 .debug_macro   0x000000000001342c       0x52 ./Core/Src/main.o
 .debug_macro   0x000000000001347e       0x18 ./Core/Src/main.o
 .debug_macro   0x0000000000013496       0x3c ./Core/Src/main.o
 .debug_macro   0x00000000000134d2       0x34 ./Core/Src/main.o
 .debug_macro   0x0000000000013506       0x16 ./Core/Src/main.o
 .debug_macro   0x000000000001351c       0x43 ./Core/Src/main.o
 .debug_macro   0x000000000001355f       0x34 ./Core/Src/main.o
 .debug_macro   0x0000000000013593       0x10 ./Core/Src/main.o
 .debug_macro   0x00000000000135a3       0x58 ./Core/Src/main.o
 .debug_macro   0x00000000000135fb       0x71 ./Core/Src/main.o
 .debug_macro   0x000000000001366c       0x1c ./Core/Src/main.o
 .debug_macro   0x0000000000013688      0x12a ./Core/Src/main.o
 .debug_macro   0x00000000000137b2      0x341 ./Core/Src/main.o
 .debug_macro   0x0000000000013af3       0x10 ./Core/Src/main.o
 .debug_macro   0x0000000000013b03       0x35 ./Core/Src/main.o
 .debug_macro   0x0000000000013b38       0x20 ./Core/Src/main.o
 .debug_macro   0x0000000000013b58       0x16 ./Core/Src/main.o
 .debug_macro   0x0000000000013b6e       0x16 ./Core/Src/main.o
 .debug_macro   0x0000000000013b84       0x29 ./Core/Src/main.o
 .debug_macro   0x0000000000013bad       0x1d ./Core/Src/main.o
 .debug_macro   0x0000000000013bca       0x22 ./Core/Src/main.o
 .debug_macro   0x0000000000013bec       0x1c ./Core/Src/main.o
 .debug_macro   0x0000000000013c08       0x10 ./Core/Src/main.o
 .debug_macro   0x0000000000013c18       0x10 ./Core/Src/main.o
 .debug_macro   0x0000000000013c28       0x1c ./Core/Src/main.o
 .debug_macro   0x0000000000013c44       0x52 ./Core/Src/main.o
 .debug_macro   0x0000000000013c96       0x22 ./Core/Src/main.o
 .debug_macro   0x0000000000013cb8       0x10 ./Core/Src/main.o
 .debug_macro   0x0000000000013cc8       0x52 ./Core/Src/main.o
 .debug_macro   0x0000000000013d1a       0xd5 ./Core/Src/main.o
 .debug_macro   0x0000000000013def       0x1c ./Core/Src/main.o
 .debug_macro   0x0000000000013e0b       0x3d ./Core/Src/main.o
 .debug_macro   0x0000000000013e48       0x16 ./Core/Src/main.o
 .debug_macro   0x0000000000013e5e      0x145 ./Core/Src/main.o
 .debug_macro   0x0000000000013fa3       0x6a ./Core/Src/main.o
 .debug_macro   0x000000000001400d      0x331 ./Core/Src/ssd1306.o
 .debug_macro   0x000000000001433e      0x3fd ./Core/Src/ssd1306_adds.o
 .debug_macro   0x000000000001473b       0x58 ./Core/Src/ssd1306_adds.o
 .debug_macro   0x0000000000014793      0x2a6 ./Core/Src/ssd1306_fonts.o
 .debug_macro   0x0000000000014a39      0x1dd ./Core/Src/stm32l0xx_hal_msp.o
 .debug_macro   0x0000000000014c16      0x1e7 ./Core/Src/stm32l0xx_it.o
 .debug_macro   0x0000000000014dfd       0xff ./Core/Src/sysmem.o
 .debug_macro   0x0000000000014efc      0x23b ./Core/Src/sysmem.o
 .debug_macro   0x0000000000015137      0x1ce ./Core/Src/system_stm32l0xx.o
 .debug_macro   0x0000000000015305      0x1e7 ./Core/Src/tim.o
 .debug_macro   0x00000000000154ec      0x1e7 ./Core/Src/usart.o
 .debug_macro   0x00000000000156d3      0x1f2 ./Drivers/STM32L0xx_HAL_Driver/Src/stm32l0xx_hal.o
 .debug_macro   0x00000000000158c5      0x1ce ./Drivers/STM32L0xx_HAL_Driver/Src/stm32l0xx_hal_cortex.o
 .debug_macro   0x0000000000015a93      0x1d5 ./Drivers/STM32L0xx_HAL_Driver/Src/stm32l0xx_hal_gpio.o
 .debug_macro   0x0000000000015c68      0x293 ./Drivers/STM32L0xx_HAL_Driver/Src/stm32l0xx_hal_i2c.o
 .debug_macro   0x0000000000015efb      0x1ce ./Drivers/STM32L0xx_HAL_Driver/Src/stm32l0xx_hal_i2c_ex.o
 .debug_macro   0x00000000000160c9      0x204 ./Drivers/STM32L0xx_HAL_Driver/Src/stm32l0xx_hal_rcc.o
 .debug_macro   0x00000000000162cd      0x1ce ./Drivers/STM32L0xx_HAL_Driver/Src/stm32l0xx_hal_rcc_ex.o
 .debug_macro   0x000000000001649b      0x1cf ./Drivers/STM32L0xx_HAL_Driver/Src/stm32l0xx_hal_tim.o
 .debug_macro   0x000000000001666a      0x1ce ./Drivers/STM32L0xx_HAL_Driver/Src/stm32l0xx_hal_tim_ex.o
 .debug_macro   0x0000000000016838      0x1f9 ./Drivers/STM32L0xx_HAL_Driver/Src/stm32l0xx_hal_uart.o

.debug_line     0x0000000000000000    0x1b105
 .debug_line    0x0000000000000000      0x7b2 ./Core/Src/gpio.o
 .debug_line    0x00000000000007b2      0x7fb ./Core/Src/i2c.o
 .debug_line    0x0000000000000fad      0xe05 ./Core/Src/main.o
 .debug_line    0x0000000000001db2     0x1392 ./Core/Src/ssd1306.o
 .debug_line    0x0000000000003144     0x14ee ./Core/Src/ssd1306_adds.o
 .debug_line    0x0000000000004632      0x86e ./Core/Src/ssd1306_fonts.o
 .debug_line    0x0000000000004ea0      0x6f2 ./Core/Src/stm32l0xx_hal_msp.o
 .debug_line    0x0000000000005592      0x7d4 ./Core/Src/stm32l0xx_it.o
 .debug_line    0x0000000000005d66      0x50e ./Core/Src/sysmem.o
 .debug_line    0x0000000000006274      0x7df ./Core/Src/system_stm32l0xx.o
 .debug_line    0x0000000000006a53      0x98a ./Core/Src/tim.o
 .debug_line    0x00000000000073dd      0x7e9 ./Core/Src/usart.o
 .debug_line    0x0000000000007bc6       0x89 ./Core/Startup/startup_stm32l073rztx.o
 .debug_line    0x0000000000007c4f      0xaee ./Drivers/STM32L0xx_HAL_Driver/Src/stm32l0xx_hal.o
 .debug_line    0x000000000000873d      0xb6a ./Drivers/STM32L0xx_HAL_Driver/Src/stm32l0xx_hal_cortex.o
 .debug_line    0x00000000000092a7      0xba4 ./Drivers/STM32L0xx_HAL_Driver/Src/stm32l0xx_hal_gpio.o
 .debug_line    0x0000000000009e4b     0x4dba ./Drivers/STM32L0xx_HAL_Driver/Src/stm32l0xx_hal_i2c.o
 .debug_line    0x000000000000ec05      0x9e1 ./Drivers/STM32L0xx_HAL_Driver/Src/stm32l0xx_hal_i2c_ex.o
 .debug_line    0x000000000000f5e6     0x1305 ./Drivers/STM32L0xx_HAL_Driver/Src/stm32l0xx_hal_rcc.o
 .debug_line    0x00000000000108eb     0x10aa ./Drivers/STM32L0xx_HAL_Driver/Src/stm32l0xx_hal_rcc_ex.o
 .debug_line    0x0000000000011995     0x4d0a ./Drivers/STM32L0xx_HAL_Driver/Src/stm32l0xx_hal_tim.o
 .debug_line    0x000000000001669f      0x828 ./Drivers/STM32L0xx_HAL_Driver/Src/stm32l0xx_hal_tim_ex.o
 .debug_line    0x0000000000016ec7     0x423e ./Drivers/STM32L0xx_HAL_Driver/Src/stm32l0xx_hal_uart.o

.debug_str      0x0000000000000000    0x86ea3
 .debug_str     0x0000000000000000    0x7d803 ./Core/Src/gpio.o
                                      0x7db54 (size before relaxing)
 .debug_str     0x000000000007d803      0x4d6 ./Core/Src/i2c.o
                                      0x7dec8 (size before relaxing)
 .debug_str     0x000000000007dcd9     0x4b44 ./Core/Src/main.o
                                      0x8268e (size before relaxing)
 .debug_str     0x000000000008281d      0x58f ./Core/Src/ssd1306.o
                                      0x810ef (size before relaxing)
 .debug_str     0x0000000000082dac      0x4bf ./Core/Src/ssd1306_adds.o
                                      0x8223d (size before relaxing)
 .debug_str     0x000000000008326b       0x77 ./Core/Src/ssd1306_fonts.o
                                      0x805d0 (size before relaxing)
 .debug_str     0x00000000000832e2       0x2c ./Core/Src/stm32l0xx_hal_msp.o
                                      0x7d8c5 (size before relaxing)
 .debug_str     0x000000000008330e       0xf9 ./Core/Src/stm32l0xx_it.o
                                      0x7dde1 (size before relaxing)
 .debug_str     0x0000000000083407      0x4da ./Core/Src/sysmem.o
                                       0x5c8b (size before relaxing)
 .debug_str     0x00000000000838e1       0x99 ./Core/Src/system_stm32l0xx.o
                                      0x7d820 (size before relaxing)
 .debug_str     0x000000000008397a      0x1c8 ./Core/Src/tim.o
                                      0x7e244 (size before relaxing)
 .debug_str     0x0000000000083b42      0x233 ./Core/Src/usart.o
                                      0x7de03 (size before relaxing)
 .debug_str     0x0000000000083d75       0x36 ./Core/Startup/startup_stm32l073rztx.o
                                         0x52 (size before relaxing)
 .debug_str     0x0000000000083dab      0x489 ./Drivers/STM32L0xx_HAL_Driver/Src/stm32l0xx_hal.o
                                      0x7df51 (size before relaxing)
 .debug_str     0x0000000000084234      0x286 ./Drivers/STM32L0xx_HAL_Driver/Src/stm32l0xx_hal_cortex.o
                                      0x7dc97 (size before relaxing)
 .debug_str     0x00000000000844ba       0xb8 ./Drivers/STM32L0xx_HAL_Driver/Src/stm32l0xx_hal_gpio.o
                                      0x7d9b2 (size before relaxing)
 .debug_str     0x0000000000084572      0xd3e ./Drivers/STM32L0xx_HAL_Driver/Src/stm32l0xx_hal_i2c.o
                                      0x7ea86 (size before relaxing)
 .debug_str     0x00000000000852b0       0xb8 ./Drivers/STM32L0xx_HAL_Driver/Src/stm32l0xx_hal_i2c_ex.o
                                      0x7dd8a (size before relaxing)
 .debug_str     0x0000000000085368      0x2a1 ./Drivers/STM32L0xx_HAL_Driver/Src/stm32l0xx_hal_rcc.o
                                      0x7dd95 (size before relaxing)
 .debug_str     0x0000000000085609      0x326 ./Drivers/STM32L0xx_HAL_Driver/Src/stm32l0xx_hal_rcc_ex.o
                                      0x7dd23 (size before relaxing)
 .debug_str     0x000000000008592f      0xc46 ./Drivers/STM32L0xx_HAL_Driver/Src/stm32l0xx_hal_tim.o
                                      0x7eada (size before relaxing)
 .debug_str     0x0000000000086575       0x57 ./Drivers/STM32L0xx_HAL_Driver/Src/stm32l0xx_hal_tim_ex.o
                                      0x7dc8f (size before relaxing)
 .debug_str     0x00000000000865cc      0x8d7 ./Drivers/STM32L0xx_HAL_Driver/Src/stm32l0xx_hal_uart.o
                                      0x7e5c9 (size before relaxing)

.comment        0x0000000000000000       0x50
 .comment       0x0000000000000000       0x50 ./Core/Src/gpio.o
                                         0x51 (size before relaxing)
 .comment       0x0000000000000050       0x51 ./Core/Src/i2c.o
 .comment       0x0000000000000050       0x51 ./Core/Src/main.o
 .comment       0x0000000000000050       0x51 ./Core/Src/ssd1306.o
 .comment       0x0000000000000050       0x51 ./Core/Src/ssd1306_adds.o
 .comment       0x0000000000000050       0x51 ./Core/Src/ssd1306_fonts.o
 .comment       0x0000000000000050       0x51 ./Core/Src/stm32l0xx_hal_msp.o
 .comment       0x0000000000000050       0x51 ./Core/Src/stm32l0xx_it.o
 .comment       0x0000000000000050       0x51 ./Core/Src/sysmem.o
 .comment       0x0000000000000050       0x51 ./Core/Src/system_stm32l0xx.o
 .comment       0x0000000000000050       0x51 ./Core/Src/tim.o
 .comment       0x0000000000000050       0x51 ./Core/Src/usart.o
 .comment       0x0000000000000050       0x51 ./Drivers/STM32L0xx_HAL_Driver/Src/stm32l0xx_hal.o
 .comment       0x0000000000000050       0x51 ./Drivers/STM32L0xx_HAL_Driver/Src/stm32l0xx_hal_cortex.o
 .comment       0x0000000000000050       0x51 ./Drivers/STM32L0xx_HAL_Driver/Src/stm32l0xx_hal_gpio.o
 .comment       0x0000000000000050       0x51 ./Drivers/STM32L0xx_HAL_Driver/Src/stm32l0xx_hal_i2c.o
 .comment       0x0000000000000050       0x51 ./Drivers/STM32L0xx_HAL_Driver/Src/stm32l0xx_hal_i2c_ex.o
 .comment       0x0000000000000050       0x51 ./Drivers/STM32L0xx_HAL_Driver/Src/stm32l0xx_hal_rcc.o
 .comment       0x0000000000000050       0x51 ./Drivers/STM32L0xx_HAL_Driver/Src/stm32l0xx_hal_rcc_ex.o
 .comment       0x0000000000000050       0x51 ./Drivers/STM32L0xx_HAL_Driver/Src/stm32l0xx_hal_tim.o
 .comment       0x0000000000000050       0x51 ./Drivers/STM32L0xx_HAL_Driver/Src/stm32l0xx_hal_tim_ex.o
 .comment       0x0000000000000050       0x51 ./Drivers/STM32L0xx_HAL_Driver/Src/stm32l0xx_hal_uart.o

.debug_frame    0x0000000000000000     0x2ef8
 .debug_frame   0x0000000000000000       0x30 ./Core/Src/gpio.o
 .debug_frame   0x0000000000000030       0x5c ./Core/Src/i2c.o
 .debug_frame   0x000000000000008c       0xa4 ./Core/Src/main.o
 .debug_frame   0x0000000000000130      0x380 ./Core/Src/ssd1306.o
 .debug_frame   0x00000000000004b0      0x2b4 ./Core/Src/ssd1306_adds.o
 .debug_frame   0x0000000000000764       0x2c ./Core/Src/ssd1306_fonts.o
 .debug_frame   0x0000000000000790       0x20 ./Core/Src/stm32l0xx_hal_msp.o
 .debug_frame   0x00000000000007b0       0xd0 ./Core/Src/stm32l0xx_it.o
 .debug_frame   0x0000000000000880       0x28 ./Core/Src/sysmem.o
 .debug_frame   0x00000000000008a8       0x38 ./Core/Src/system_stm32l0xx.o
 .debug_frame   0x00000000000008e0       0xbc ./Core/Src/tim.o
 .debug_frame   0x000000000000099c       0x5c ./Core/Src/usart.o
 .debug_frame   0x00000000000009f8      0x22c ./Drivers/STM32L0xx_HAL_Driver/Src/stm32l0xx_hal.o
 .debug_frame   0x0000000000000c24      0x114 ./Drivers/STM32L0xx_HAL_Driver/Src/stm32l0xx_hal_cortex.o