Archive member included to satisfy reference by file (symbol)

c:/st/stm32cubeide_1.9.0/stm32cubeide/plugins/com.st.stm32cube.ide.mcu.externaltools.gnu-tools-for-stm32.10.3-2021.10.win32_1.0.0.202111181127/tools/bin/../lib/gcc/arm-none-eabi/10.3.1/../../../../arm-none-eabi/lib/thumb/v6-m/nofp\libc_nano.a(lib_a-errno.o)
                              ./Core/Src/syscalls.o (__errno)
c:/st/stm32cubeide_1.9.0/stm32cubeide/plugins/com.st.stm32cube.ide.mcu.externaltools.gnu-tools-for-stm32.10.3-2021.10.win32_1.0.0.202111181127/tools/bin/../lib/gcc/arm-none-eabi/10.3.1/../../../../arm-none-eabi/lib/thumb/v6-m/nofp\libc_nano.a(lib_a-exit.o)
                              c:/st/stm32cubeide_1.9.0/stm32cubeide/plugins/com.st.stm32cube.ide.mcu.externaltools.gnu-tools-for-stm32.10.3-2021.10.win32_1.0.0.202111181127/tools/bin/../lib/gcc/arm-none-eabi/10.3.1/../../../../arm-none-eabi/lib/thumb/v6-m/nofp/crt0.o (exit)
c:/st/stm32cubeide_1.9.0/stm32cubeide/plugins/com.st.stm32cube.ide.mcu.externaltools.gnu-tools-for-stm32.10.3-2021.10.win32_1.0.0.202111181127/tools/bin/../lib/gcc/arm-none-eabi/10.3.1/../../../../arm-none-eabi/lib/thumb/v6-m/nofp\libc_nano.a(lib_a-impure.o)
                              c:/st/stm32cubeide_1.9.0/stm32cubeide/plugins/com.st.stm32cube.ide.mcu.externaltools.gnu-tools-for-stm32.10.3-2021.10.win32_1.0.0.202111181127/tools/bin/../lib/gcc/arm-none-eabi/10.3.1/../../../../arm-none-eabi/lib/thumb/v6-m/nofp\libc_nano.a(lib_a-exit.o) (_global_impure_ptr)
c:/st/stm32cubeide_1.9.0/stm32cubeide/plugins/com.st.stm32cube.ide.mcu.externaltools.gnu-tools-for-stm32.10.3-2021.10.win32_1.0.0.202111181127/tools/bin/../lib/gcc/arm-none-eabi/10.3.1/../../../../arm-none-eabi/lib/thumb/v6-m/nofp\libc_nano.a(lib_a-init.o)
                              c:/st/stm32cubeide_1.9.0/stm32cubeide/plugins/com.st.stm32cube.ide.mcu.externaltools.gnu-tools-for-stm32.10.3-2021.10.win32_1.0.0.202111181127/tools/bin/../lib/gcc/arm-none-eabi/10.3.1/../../../../arm-none-eabi/lib/thumb/v6-m/nofp/crt0.o (__libc_init_array)
c:/st/stm32cubeide_1.9.0/stm32cubeide/plugins/com.st.stm32cube.ide.mcu.externaltools.gnu-tools-for-stm32.10.3-2021.10.win32_1.0.0.202111181127/tools/bin/../lib/gcc/arm-none-eabi/10.3.1/../../../../arm-none-eabi/lib/thumb/v6-m/nofp\libc_nano.a(lib_a-memcpy-stub.o)
                              ./Core/Src/ssd1306_adds.o (memcpy)
c:/st/stm32cubeide_1.9.0/stm32cubeide/plugins/com.st.stm32cube.ide.mcu.externaltools.gnu-tools-for-stm32.10.3-2021.10.win32_1.0.0.202111181127/tools/bin/../lib/gcc/arm-none-eabi/10.3.1/../../../../arm-none-eabi/lib/thumb/v6-m/nofp\libc_nano.a(lib_a-memset.o)
                              c:/st/stm32cubeide_1.9.0/stm32cubeide/plugins/com.st.stm32cube.ide.mcu.externaltools.gnu-tools-for-stm32.10.3-2021.10.win32_1.0.0.202111181127/tools/bin/../lib/gcc/arm-none-eabi/10.3.1/../../../../arm-none-eabi/lib/thumb/v6-m/nofp/crt0.o (memset)
c:/st/stm32cubeide_1.9.0/stm32cubeide/plugins/com.st.stm32cube.ide.mcu.externaltools.gnu-tools-for-stm32.10.3-2021.10.win32_1.0.0.202111181127/tools/bin/../lib/gcc/arm-none-eabi/10.3.1/../../../../arm-none-eabi/lib/thumb/v6-m/nofp\libc_nano.a(lib_a-sprintf.o)
                              ./Core/Src/ssd1306_adds.o (sprintf)
c:/st/stm32cubeide_1.9.0/stm32cubeide/plugins/com.st.stm32cube.ide.mcu.externaltools.gnu-tools-for-stm32.10.3-2021.10.win32_1.0.0.202111181127/tools/bin/../lib/gcc/arm-none-eabi/10.3.1/../../../../arm-none-eabi/lib/thumb/v6-m/nofp\libc_nano.a(lib_a-strlen.o)
                              ./Core/Src/misc.o (strlen)
c:/st/stm32cubeide_1.9.0/stm32cubeide/plugins/com.st.stm32cube.ide.mcu.externaltools.gnu-tools-for-stm32.10.3-2021.10.win32_1.0.0.202111181127/tools/bin/../lib/gcc/arm-none-eabi/10.3.1/../../../../arm-none-eabi/lib/thumb/v6-m/nofp\libc_nano.a(lib_a-nano-svfprintf.o)
                              c:/st/stm32cubeide_1.9.0/stm32cubeide/plugins/com.st.stm32cube.ide.mcu.externaltools.gnu-tools-for-stm32.10.3-2021.10.win32_1.0.0.202111181127/tools/bin/../lib/gcc/arm-none-eabi/10.3.1/../../../../arm-none-eabi/lib/thumb/v6-m/nofp\libc_nano.a(lib_a-sprintf.o) (_svfprintf_r)
c:/st/stm32cubeide_1.9.0/stm32cubeide/plugins/com.st.stm32cube.ide.mcu.externaltools.gnu-tools-for-stm32.10.3-2021.10.win32_1.0.0.202111181127/tools/bin/../lib/gcc/arm-none-eabi/10.3.1/../../../../arm-none-eabi/lib/thumb/v6-m/nofp\libc_nano.a(lib_a-nano-vfprintf_i.o)
                              c:/st/stm32cubeide_1.9.0/stm32cubeide/plugins/com.st.stm32cube.ide.mcu.externaltools.gnu-tools-for-stm32.10.3-2021.10.win32_1.0.0.202111181127/tools/bin/../lib/gcc/arm-none-eabi/10.3.1/../../../../arm-none-eabi/lib/thumb/v6-m/nofp\libc_nano.a(lib_a-nano-svfprintf.o) (_printf_i)
c:/st/stm32cubeide_1.9.0/stm32cubeide/plugins/com.st.stm32cube.ide.mcu.externaltools.gnu-tools-for-stm32.10.3-2021.10.win32_1.0.0.202111181127/tools/bin/../lib/gcc/arm-none-eabi/10.3.1/../../../../arm-none-eabi/lib/thumb/v6-m/nofp\libc_nano.a(lib_a-memchr-stub.o)
[...]
Memory Configuration

Name             Origin             Length             Attributes
RAM              0x0000000020000000 0x0000000000005000 xrw
FLASH            0x0000000008000000 0x0000000000030000 xr
*default*        0x0000000000000000 0xffffffffffffffff

Linker script and memory map

LOAD c:/st/stm32cubeide_1.9.0/stm32cubeide/plugins/com.st.stm32cube.ide.mcu.externaltools.gnu-tools-for-stm32.10.3-2021.10.win32_1.0.0.202111181127/tools/bin/../lib/gcc/arm-none-eabi/10.3.1/thumb/v6-m/nofp/crti.o
LOAD c:/st/stm32cubeide_1.9.0/stm32cubeide/plugins/com.st.stm32cube.ide.mcu.externaltools.gnu-tools-for-stm32.10.3-2021.10.win32_1.0.0.202111181127/tools/bin/../lib/gcc/arm-none-eabi/10.3.1/thumb/v6-m/nofp/crtbegin.o
LOAD c:/st/stm32cubeide_1.9.0/stm32cubeide/plugins/com.st.stm32cube.ide.mcu.externaltools.gnu-tools-for-stm32.10.3-2021.10.win32_1.0.0.202111181127/tools/bin/../lib/gcc/arm-none-eabi/10.3.1/../../../../arm-none-eabi/lib/thumb/v6-m/nofp/crt0.o
LOAD ./Core/Src/gpio.o
LOAD ./Core/Src/i2c.o
LOAD ./Core/Src/main.o
LOAD ./Core/Src/misc.o
LOAD ./Core/Src/ssd1306.o
LOAD ./Core/Src/ssd1306_adds.o
LOAD ./Core/Src/ssd1306_fonts.o
LOAD ./Core/Src/stm32l0xx_hal_msp.o
LOAD ./Core/Src/stm32l0xx_it.o
LOAD ./Core/Src/syscalls.o
LOAD ./Core/Src/sysmem.o
LOAD ./Core/Src/system_stm32l0xx.o
LOAD ./Core/Src/tim.o
LOAD ./Core/Src/usart.o
LOAD ./Core/Startup/startup_stm32l073rztx.o
LOAD ./Drivers/STM32L0xx_HAL_Driver/Src/stm32l0xx_hal.o
LOAD ./Drivers/STM32L0xx_HAL_Driver/Src/stm32l0xx_hal_cortex.o
LOAD ./Drivers/STM32L0xx_HAL_Driver/Src/stm32l0xx_hal_dma.o
LOAD ./Drivers/STM32L0xx_HAL_Driver/Src/stm32l0xx_hal_exti.o
LOAD ./Drivers/STM32L0xx_HAL_Driver/Src/stm32l0xx_hal_flash.o
LOAD ./Drivers/STM32L0xx_HAL_Driver/Src/stm32l0xx_hal_flash_ex.o
LOAD ./Drivers/STM32L0xx_HAL_Driver/Src/stm32l0xx_hal_flash_ramfunc.o
LOAD ./Drivers/STM32L0xx_HAL_Driver/Src/stm32l0xx_hal_gpio.o
LOAD ./Drivers/STM32L0xx_HAL_Driver/Src/stm32l0xx_hal_i2c.o
LOAD ./Drivers/STM32L0xx_HAL_Driver/Src/stm32l0xx_hal_i2c_ex.o
LOAD ./Drivers/STM32L0xx_HAL_Driver/Src/stm32l0xx_hal_pwr.o
LOAD ./Drivers/STM32L0xx_HAL_Driver/Src/stm32l0xx_hal_pwr_ex.o
LOAD ./Drivers/STM32L0xx_HAL_Driver/Src/stm32l0xx_hal_rcc.o
LOAD ./Drivers/STM32L0xx_HAL_Driver/Src/stm32l0xx_hal_rcc_ex.o
LOAD ./Drivers/STM32L0xx_HAL_Driver/Src/stm32l0xx_hal_tim.o
LOAD ./Drivers/STM32L0xx_HAL_Driver/Src/stm32l0xx_hal_tim_ex.o
LOAD ./Drivers/STM32L0xx_HAL_Driver/Src/stm32l0xx_hal_uart.o
LOAD ./Drivers/STM32L0xx_HAL_Driver/Src/stm32l0xx_hal_uart_ex.o
START GROUP
LOAD c:/st/stm32cubeide_1.9.0/stm32cubeide/plugins/com.st.stm32cube.ide.mcu.externaltools.gnu-tools-for-stm32.10.3-2021.10.win32_1.0.0.202111181127/tools/bin/../lib/gcc/arm-none-eabi/10.3.1/../../../../arm-none-eabi/lib/thumb/v6-m/nofp\libc_nano.a
LOAD c:/st/stm32cubeide_1.9.0/stm32cubeide/plugins/com.st.stm32cube.ide.mcu.externaltools.gnu-tools-for-stm32.10.3-2021.10.win32_1.0.0.202111181127/tools/bin/../lib/gcc/arm-none-eabi/10.3.1/../../../../arm-none-eabi/lib/thumb/v6-m/nofp\libm.a
END GROUP
START GROUP
LOAD c:/st/stm32cubeide_1.9.0/stm32cubeide/plugins/com.st.stm32cube.ide.mcu.externaltools.gnu-tools-for-stm32.10.3-2021.10.win32_1.0.0.202111181127/tools/bin/../lib/gcc/arm-none-eabi/10.3.1/thumb/v6-m/nofp\libgcc.a
LOAD c:/st/stm32cubeide_1.9.0/stm32cubeide/plugins/com.st.stm32cube.ide.mcu.externaltools.gnu-tools-for-stm32.10.3-2021.10.win32_1.0.0.202111181127/tools/bin/../lib/gcc/arm-none-eabi/10.3.1/../../../../arm-none-eabi/lib/thumb/v6-m/nofp\libc_nano.a
END GROUP
START GROUP
LOAD c:/st/stm32cubeide_1.9.0/stm32cubeide/plugins/com.st.stm32cube.ide.mcu.externaltools.gnu-tools-for-stm32.10.3-2021.10.win32_1.0.0.202111181127/tools/bin/../lib/gcc/arm-none-eabi/10.3.1/thumb/v6-m/nofp\libgcc.a
LOAD c:/st/stm32cubeide_1.9.0/stm32cubeide/plugins/com.st.stm32cube.ide.mcu.externaltools.gnu-tools-for-stm32.10.3-2021.10.win32_1.0.0.202111181127/tools/bin/../lib/gcc/arm-none-eabi/10.3.1/../../../../arm-none-eabi/lib/thumb/v6-m/nofp\libc_nano.a
LOAD c:/st/stm32cubeide_1.9.0/stm32cubeide/plugins/com.st.stm32cube.ide.mcu.externaltools.gnu-tools-for-stm32.10.3-2021.10.win32_1.0.0.202111181127/tools/bin/../lib/gcc/arm-none-eabi/10.3.1/../../../../arm-none-eabi/lib/thumb/v6-m/nofp\libnosys.a
END GROUP
START GROUP
LOAD c:/st/stm32cubeide_1.9.0/stm32cubeide/plugins/com.st.stm32cube.ide.mcu.externaltools.gnu-tools-for-stm32.10.3-2021.10.win32_1.0.0.202111181127/tools/bin/../lib/gcc/arm-none-eabi/10.3.1/thumb/v6-m/nofp\libgcc.a
LOAD c:/st/stm32cubeide_1.9.0/stm32cubeide/plugins/com.st.stm32cube.ide.mcu.externaltools.gnu-tools-for-stm32.10.3-2021.10.win32_1.0.0.202111181127/tools/bin/../lib/gcc/arm-none-eabi/10.3.1/../../../../arm-none-eabi/lib/thumb/v6-m/nofp\libc_nano.a
LOAD c:/st/stm32cubeide_1.9.0/stm32cubeide/plugins/com.st.stm32cube.ide.mcu.externaltools.gnu-tools-for-stm32.10.3-2021.10.win32_1.0.0.202111181127/tools/bin/../lib/gcc/arm-none-eabi/10.3.1/../../../../arm-none-eabi/lib/thumb/v6-m/nofp\libnosys.a
END GROUP
LOAD c:/st/stm32cubeide_1.9.0/stm32cubeide/plugins/com.st.stm32cube.ide.mcu.externaltools.gnu-tools-for-stm32.10.3-2021.10.win32_1.0.0.202111181127/tools/bin/../lib/gcc/arm-none-eabi/10.3.1/thumb/v6-m/nofp/crtend.o
LOAD c:/st/stm32cubeide_1.9.0/stm32cubeide/plugins/com.st.stm32cube.ide.mcu.externaltools.gnu-tools-for-stm32.10.3-2021.10.win32_1.0.0.202111181127/tools/bin/../lib/gcc/arm-none-eabi/10.3.1/thumb/v6-m/nofp/crtn.o
                0x0000000020005000                _estack = (ORIGIN (RAM) + LENGTH (RAM))
                0x0000000000000200                _Min_Heap_Size = 0x200
                0x0000000000000400                _Min_Stack_Size = 0x400

.isr_vector     0x0000000008000000       0xc0
                0x0000000008000000                . = ALIGN (0x4)
 *(.isr_vector)
 .isr_vector    0x0000000008000000       0xc0 ./Core/Startup/startup_stm32l073rztx.o
                0x0000000008000000                g_pfnVectors
                0x00000000080000c0                . = ALIGN (0x4)

.text           0x00000000080000c0     0x6fe0
                0x00000000080000c0                . = ALIGN (0x4)
 *(.text)
 .text          0x00000000080000c0       0x48 c:/st/stm32cubeide_1.9.0/stm32cubeide/plugins/com.st.stm32cube.ide.mcu.externaltools.gnu-tools-for-stm32.10.3-2021.10.win32_1.0.0.202111181127/tools/bin/../lib/gcc/arm-none-eabi/10.3.1/thumb/v6-m/nofp/crtbegin.o
 .text          0x0000000008000108        0xe c:/st/stm32cubeide_1.9.0/stm32cubeide/plugins/com.st.stm32cube.ide.mcu.externaltools.gnu-tools-for-stm32.10.3-2021.10.win32_1.0.0.202111181127/tools/bin/../lib/gcc/arm-none-eabi/10.3.1/../../../../arm-none-eabi/lib/thumb/v6-m/nofp\libc_nano.a(lib_a-strlen.o)
                0x0000000008000108                strlen
 *fill*         0x0000000008000116        0x2 
 .text          0x0000000008000118       0x14 c:/st/stm32cubeide_1.9.0/stm32cubeide/plugins/com.st.stm32cube.ide.mcu.externaltools.gnu-tools-for-stm32.10.3-2021.10.win32_1.0.0.202111181127/tools/bin/../lib/gcc/arm-none-eabi/10.3.1/thumb/v6-m/nofp\libgcc.a(_thumb1_case_shi.o)
                0x0000000008000118                __gnu_thumb1_case_shi
 .text          0x000000000800012c      0x114 c:/st/stm32cubeide_1.9.0/stm32cubeide/plugins/com.st.stm32cube.ide.mcu.externaltools.gnu-tools-for-stm32.10.3-2021.10.win32_1.0.0.202111181127/tools/bin/../lib/gcc/arm-none-eabi/10.3.1/thumb/v6-m/nofp\libgcc.a(_udivsi3.o)
                0x000000000800012c                __aeabi_uidiv
                0x000000000800012c                __udivsi3
                0x0000000008000238                __aeabi_uidivmod
 .text          0x0000000008000240      0x1d4 c:/st/stm32cubeide_1.9.0/stm32cubeide/plugins/com.st.stm32cube.ide.mcu.externaltools.gnu-tools-for-stm32.10.3-2021.10.win32_1.0.0.202111181127/tools/bin/../lib/gcc/arm-none-eabi/10.3.1/thumb/v6-m/nofp\libgcc.a(_divsi3.o)
                0x0000000008000240                __divsi3
                0x0000000008000240                __aeabi_idiv
                0x000000000800040c                __aeabi_idivmod
 .text          0x0000000008000414        0x4 c:/st/stm32cubeide_1.9.0/stm32cubeide/plugins/com.st.stm32cube.ide.mcu.externaltools.gnu-tools-for-stm32.10.3-2021.10.win32_1.0.0.202111181127/tools/bin/../lib/gcc/arm-none-eabi/10.3.1/thumb/v6-m/nofp\libgcc.a(_dvmd_tls.o)
                0x0000000008000414                __aeabi_idiv0
                0x0000000008000414                __aeabi_ldiv0
 .text          0x0000000008000418       0x40 c:/st/stm32cubeide_1.9.0/stm32cubeide/plugins/com.st.stm32cube.ide.mcu.externaltools.gnu-tools-for-stm32.10.3-2021.10.win32_1.0.0.202111181127/tools/bin/../lib/gcc/arm-none-eabi/10.3.1/thumb/v6-m/nofp\libgcc.a(_aeabi_uldivmod.o)
                0x0000000008000418                __aeabi_uldivmod
 .text          0x0000000008000458       0x5c c:/st/stm32cubeide_1.9.0/stm32cubeide/plugins/com.st.stm32cube.ide.mcu.externaltools.gnu-tools-for-stm32.10.3-2021.10.win32_1.0.0.202111181127/tools/bin/../lib/gcc/arm-none-eabi/10.3.1/thumb/v6-m/nofp\libgcc.a(_muldi3.o)
                0x0000000008000458                __muldi3
                0x0000000008000458                __aeabi_lmul
 .text          0x00000000080004b4      0x198 c:/st/stm32cubeide_1.9.0/stm32cubeide/plugins/com.st.stm32cube.ide.mcu.externaltools.gnu-tools-for-stm32.10.3-2021.10.win32_1.0.0.202111181127/tools/bin/../lib/gcc/arm-none-eabi/10.3.1/thumb/v6-m/nofp\libgcc.a(_udivmoddi4.o)
                0x00000000080004b4                __udivmoddi4
 .text          0x000000000800064c       0x18 c:/st/stm32cubeide_1.9.0/stm32cubeide/plugins/com.st.stm32cube.ide.mcu.externaltools.gnu-tools-for-stm32.10.3-2021.10.win32_1.0.0.202111181127/tools/bin/../lib/gcc/arm-none-eabi/10.3.1/thumb/v6-m/nofp\libgcc.a(_clzdi2.o)
                0x000000000800064c                __clzdi2
 .text          0x0000000008000664       0x3c c:/st/stm32cubeide_1.9.0/stm32cubeide/plugins/com.st.stm32cube.ide.mcu.externaltools.gnu-tools-for-stm32.10.3-2021.10.win32_1.0.0.202111181127/tools/bin/../lib/gcc/arm-none-eabi/10.3.1/thumb/v6-m/nofp\libgcc.a(_clzsi2.o)
                0x0000000008000664                __clzsi2
 *(.text*)
 .text.MX_GPIO_Init
                0x00000000080006a0      0x184 ./Core/Src/gpio.o
                0x00000000080006a0                MX_GPIO_Init
 .text.MX_I2C1_Init
                0x0000000008000824       0x80 ./Core/Src/i2c.o
                0x0000000008000824                MX_I2C1_Init
 .text.HAL_I2C_MspInit
                0x00000000080008a4       0x8c ./Core/Src/i2c.o
                0x00000000080008a4                HAL_I2C_MspInit
 .text.main     0x0000000008000930       0x58 ./Core/Src/main.o
                0x0000000008000930                main
 .text.SystemClock_Config
                0x0000000008000988       0xd0 ./Core/Src/main.o
                0x0000000008000988                SystemClock_Config
 .text.HAL_TIM_IC_CaptureCallback
                0x0000000008000a58       0x58 ./Core/Src/main.o
                0x0000000008000a58                HAL_TIM_IC_CaptureCallback
 .text.HAL_TIM_PeriodElapsedCallback
                0x0000000008000ab0      0x2b0 ./Core/Src/main.o
                0x0000000008000ab0                HAL_TIM_PeriodElapsedCallback
 .text.HAL_GPIO_EXTI_Callback
                0x0000000008000d60       0x44 ./Core/Src/main.o
                0x0000000008000d60                HAL_GPIO_EXTI_Callback
 .text.Error_Handler
                0x0000000008000da4        0xa ./Core/Src/main.o
                0x0000000008000da4                Error_Handler
 *fill*         0x0000000008000dae        0x2 
 .text.printUART
                0x0000000008000db0       0x34 ./Core/Src/misc.o
                0x0000000008000db0                printUART
 .text.SSD1306_DrawBitmap
                0x0000000008000de4      0x13e ./Core/Src/ssd1306.o
                0x0000000008000de4                SSD1306_DrawBitmap
 *fill*         0x0000000008000f22        0x2 
 .text.SSD1306_Init
                0x0000000008000f24      0x188 ./Core/Src/ssd1306.o
                0x0000000008000f24                SSD1306_Init
 .text.SSD1306_UpdateScreen
                0x00000000080010ac       0x68 ./Core/Src/ssd1306.o
                0x00000000080010ac                SSD1306_UpdateScreen
 .text.SSD1306_Fill
                0x0000000008001114       0x34 ./Core/Src/ssd1306.o
                0x0000000008001114                SSD1306_Fill
 .text.SSD1306_DrawPixel
                0x0000000008001148       0xdc ./Core/Src/ssd1306.o
                0x0000000008001148                SSD1306_DrawPixel
 .text.SSD1306_GotoXY
                0x0000000008001224       0x30 ./Core/Src/ssd1306.o
                0x0000000008001224                SSD1306_GotoXY
 .text.SSD1306_Putc
                0x0000000008001254      0x104 ./Core/Src/ssd1306.o
                0x0000000008001254                SSD1306_Putc
 .text.SSD1306_Puts
                0x0000000008001358       0x4c ./Core/Src/ssd1306.o
                0x0000000008001358                SSD1306_Puts
 .text.SSD1306_DrawLine
                0x00000000080013a4      0x31e ./Core/Src/ssd1306.o
                0x00000000080013a4                SSD1306_DrawLine
 .text.SSD1306_DrawRectangle
                0x00000000080016c2      0x12e ./Core/Src/ssd1306.o
                0x00000000080016c2                SSD1306_DrawRectangle
 .text.SSD1306_DrawFilledRectangle
                0x00000000080017f0       0xd8 ./Core/Src/ssd1306.o
                0x00000000080017f0                SSD1306_DrawFilledRectangle
 .text.SSD1306_Clear
                0x00000000080018c8       0x14 ./Core/Src/ssd1306.o
                0x00000000080018c8                SSD1306_Clear
 .text.SSD1306_SetContrast
                0x00000000080018dc       0x38 ./Core/Src/ssd1306.o
                0x00000000080018dc                SSD1306_SetContrast
 .text.ssd1306_I2C_Init
                0x0000000008001914       0x28 ./Core/Src/ssd1306.o
                0x0000000008001914                ssd1306_I2C_Init
 .text.ssd1306_I2C_WriteMulti
                0x000000000800193c       0xd8 ./Core/Src/ssd1306.o
                0x000000000800193c                ssd1306_I2C_WriteMulti
 .text.ssd1306_I2C_Write
                0x0000000008001a14       0x50 ./Core/Src/ssd1306.o
                0x0000000008001a14                ssd1306_I2C_Write
 .text.setTheme
                0x0000000008001a64      0x168 ./Core/Src/ssd1306_adds.o
                0x0000000008001a64                setTheme
 .text.showLogo
                0x0000000008001bcc       0x24 ./Core/Src/ssd1306_adds.o
                0x0000000008001bcc                showLogo
 .text.showProjectSelectMenu
                0x0000000008001bf0      0x110 ./Core/Src/ssd1306_adds.o
                0x0000000008001bf0                showProjectSelectMenu
 .text.newTaskElement
                0x0000000008001d00       0x90 ./Core/Src/ssd1306_adds.o
                0x0000000008001d00                newTaskElement
 .text.showProjectElements
                0x0000000008001d90      0x128 ./Core/Src/ssd1306_adds.o
                0x0000000008001d90                showProjectElements
 .text.showProjectDetails
                0x0000000008001eb8      0x120 ./Core/Src/ssd1306_adds.o
                0x0000000008001eb8                showProjectDetails
 .text.showValueScreen
                0x0000000008001fd8      0x310 ./Core/Src/ssd1306_adds.o
                0x0000000008001fd8                showValueScreen
 .text.setMarkerPosition
                0x00000000080022e8       0x70 ./Core/Src/ssd1306_adds.o
                0x00000000080022e8                setMarkerPosition
 .text.moveMarker
                0x0000000008002358       0x40 ./Core/Src/ssd1306_adds.o
                0x0000000008002358                moveMarker
 .text.changeValue
                0x0000000008002398      0x170 ./Core/Src/ssd1306_adds.o
                0x0000000008002398                changeValue
 .text.arrayToInt_chVal
                0x0000000008002508       0x74 ./Core/Src/ssd1306_adds.o
                0x0000000008002508                arrayToInt_chVal
 .text.intToArray_chVal
                0x000000000800257c       0x8c ./Core/Src/ssd1306_adds.o
                0x000000000800257c                intToArray_chVal
 .text.drawMarker
                0x0000000008002608       0x96 ./Core/Src/ssd1306_adds.o
                0x0000000008002608                drawMarker
 .text.clearMarker
                0x000000000800269e       0x1c ./Core/Src/ssd1306_adds.o
                0x000000000800269e                clearMarker
 .text.clearValue
                0x00000000080026ba       0x1c ./Core/Src/ssd1306_adds.o
                0x00000000080026ba                clearValue
 *fill*         0x00000000080026d6        0x2 
 .text.showLabelBar
                0x00000000080026d8       0x38 ./Core/Src/ssd1306_adds.o
                0x00000000080026d8                showLabelBar
 .text.clearContent
                0x0000000008002710       0x1c ./Core/Src/ssd1306_adds.o
                0x0000000008002710                clearContent
 .text.paginationBar
                0x000000000800272c       0x42 ./Core/Src/ssd1306_adds.o
                0x000000000800272c                paginationBar
 .text.countArray
                0x000000000800276e       0x60 ./Core/Src/ssd1306_adds.o
                0x000000000800276e                countArray
 *fill*         0x00000000080027ce        0x2 
 .text.getProjectStructByID
                0x00000000080027d0       0x80 ./Core/Src/ssd1306_adds.o
                0x00000000080027d0                getProjectStructByID
 .text.HAL_MspInit
                0x0000000008002850       0x28 ./Core/Src/stm32l0xx_hal_msp.o
                0x0000000008002850                HAL_MspInit
 .text.NMI_Handler
                0x0000000008002878        0x6 ./Core/Src/stm32l0xx_it.o
                0x0000000008002878                NMI_Handler
 .text.HardFault_Handler
                0x000000000800287e        0x6 ./Core/Src/stm32l0xx_it.o
                0x000000000800287e                HardFault_Handler
 .text.SVC_Handler
                0x0000000008002884        0xa ./Core/Src/stm32l0xx_it.o
                0x0000000008002884                SVC_Handler
 .text.PendSV_Handler
                0x000000000800288e        0xa ./Core/Src/stm32l0xx_it.o
                0x000000000800288e                PendSV_Handler
 .text.SysTick_Handler
                0x0000000008002898        0xe ./Core/Src/stm32l0xx_it.o
                0x0000000008002898                SysTick_Handler
 .text.EXTI4_15_IRQHandler
                0x00000000080028a6       0x10 ./Core/Src/stm32l0xx_it.o
                0x00000000080028a6                EXTI4_15_IRQHandler
 *fill*         0x00000000080028b6        0x2 
 .text.TIM2_IRQHandler
                0x00000000080028b8       0x18 ./Core/Src/stm32l0xx_it.o
                0x00000000080028b8                TIM2_IRQHandler
 .text.TIM6_DAC_IRQHandler
                0x00000000080028d0       0x18 ./Core/Src/stm32l0xx_it.o
                0x00000000080028d0                TIM6_DAC_IRQHandler
 .text.TIM7_IRQHandler
                0x00000000080028e8       0x18 ./Core/Src/stm32l0xx_it.o
                0x00000000080028e8                TIM7_IRQHandler
 .text.USART2_IRQHandler
                0x0000000008002900       0x18 ./Core/Src/stm32l0xx_it.o
                0x0000000008002900                USART2_IRQHandler
 .text._sbrk    0x0000000008002918       0x6c ./Core/Src/sysmem.o
                0x0000000008002918                _sbrk
 .text.SystemInit
                0x0000000008002984        0xa ./Core/Src/system_stm32l0xx.o
                0x0000000008002984                SystemInit
 *fill*         0x000000000800298e        0x2 
 .text.MX_TIM2_Init
                0x0000000008002990       0xc8 ./Core/Src/tim.o
                0x0000000008002990                MX_TIM2_Init
 .text.MX_TIM6_Init
                0x0000000008002a58       0x78 ./Core/Src/tim.o
                0x0000000008002a58                MX_TIM6_Init
 .text.MX_TIM7_Init
                0x0000000008002ad0       0x78 ./Core/Src/tim.o
                0x0000000008002ad0                MX_TIM7_Init
 .text.HAL_TIM_Encoder_MspInit
                0x0000000008002b48       0x94 ./Core/Src/tim.o
                0x0000000008002b48                HAL_TIM_Encoder_MspInit
 .text.HAL_TIM_Base_MspInit
                0x0000000008002bdc       0x6c ./Core/Src/tim.o
                0x0000000008002bdc                HAL_TIM_Base_MspInit
 .text.MX_USART2_UART_Init
                0x0000000008002c48       0x60 ./Core/Src/usart.o
                0x0000000008002c48                MX_USART2_UART_Init
 .text.HAL_UART_MspInit
                0x0000000008002ca8       0x98 ./Core/Src/usart.o
                0x0000000008002ca8                HAL_UART_MspInit
 .text.Reset_Handler
                0x0000000008002d40       0x50 ./Core/Startup/startup_stm32l073rztx.o
                0x0000000008002d40                Reset_Handler
 .text.Default_Handler
                0x0000000008002d90        0x2 ./Core/Startup/startup_stm32l073rztx.o
                0x0000000008002d90                TSC_IRQHandler
                0x0000000008002d90                ADC1_COMP_IRQHandler
                0x0000000008002d90                PVD_IRQHandler
                0x0000000008002d90                I2C1_IRQHandler
                0x0000000008002d90                RCC_CRS_IRQHandler
                0x0000000008002d90                SPI1_IRQHandler
                0x0000000008002d90                EXTI2_3_IRQHandler
                0x0000000008002d90                I2C2_IRQHandler
                0x0000000008002d90                RTC_IRQHandler
                0x0000000008002d90                LCD_IRQHandler
                0x0000000008002d90                DMA1_Channel4_5_6_7_IRQHandler
                0x0000000008002d90                TIM3_IRQHandler
                0x0000000008002d90                DMA1_Channel1_IRQHandler
                0x0000000008002d90                USART4_5_IRQHandler
                0x0000000008002d90                Default_Handler
                0x0000000008002d90                TIM22_IRQHandler
                0x0000000008002d90                EXTI0_1_IRQHandler
                0x0000000008002d90                USB_IRQHandler
                0x0000000008002d90                I2C3_IRQHandler
                0x0000000008002d90                SPI2_IRQHandler
                0x0000000008002d90                TIM21_IRQHandler
                0x0000000008002d90                WWDG_IRQHandler
                0x0000000008002d90                DMA1_Channel2_3_IRQHandler
                0x0000000008002d90                FLASH_IRQHandler
                0x0000000008002d90                USART1_IRQHandler
                0x0000000008002d90                RNG_LPUART1_IRQHandler
                0x0000000008002d90                LPTIM1_IRQHandler
 *fill*         0x0000000008002d92        0x2 
 .text.HAL_Init
                0x0000000008002d94       0x40 ./Drivers/STM32L0xx_HAL_Driver/Src/stm32l0xx_hal.o
                0x0000000008002d94                HAL_Init
 .text.HAL_InitTick
                0x0000000008002dd4       0x68 ./Drivers/STM32L0xx_HAL_Driver/Src/stm32l0xx_hal.o
                0x0000000008002dd4                HAL_InitTick
 .text.HAL_IncTick
                0x0000000008002e3c       0x24 ./Drivers/STM32L0xx_HAL_Driver/Src/stm32l0xx_hal.o
                0x0000000008002e3c                HAL_IncTick
 .text.HAL_GetTick
                0x0000000008002e60       0x14 ./Drivers/STM32L0xx_HAL_Driver/Src/stm32l0xx_hal.o
                0x0000000008002e60                HAL_GetTick
 .text.HAL_Delay
                0x0000000008002e74       0x48 ./Drivers/STM32L0xx_HAL_Driver/Src/stm32l0xx_hal.o
                0x0000000008002e74                HAL_Delay
 .text.__NVIC_EnableIRQ
                0x0000000008002ebc       0x34 ./Drivers/STM32L0xx_HAL_Driver/Src/stm32l0xx_hal_cortex.o
 .text.__NVIC_SetPriority
                0x0000000008002ef0       0xdc ./Drivers/STM32L0xx_HAL_Driver/Src/stm32l0xx_hal_cortex.o
 .text.SysTick_Config
                0x0000000008002fcc       0x48 ./Drivers/STM32L0xx_HAL_Driver/Src/stm32l0xx_hal_cortex.o
 .text.HAL_NVIC_SetPriority
                0x0000000008003014       0x2a ./Drivers/STM32L0xx_HAL_Driver/Src/stm32l0xx_hal_cortex.o
                0x0000000008003014                HAL_NVIC_SetPriority
 .text.HAL_NVIC_EnableIRQ
                0x000000000800303e       0x20 ./Drivers/STM32L0xx_HAL_Driver/Src/stm32l0xx_hal_cortex.o
                0x000000000800303e                HAL_NVIC_EnableIRQ
 .text.HAL_SYSTICK_Config
                0x000000000800305e       0x1a ./Drivers/STM32L0xx_HAL_Driver/Src/stm32l0xx_hal_cortex.o
                0x000000000800305e                HAL_SYSTICK_Config
 .text.HAL_DMA_Abort
                0x0000000008003078       0x80 ./Drivers/STM32L0xx_HAL_Driver/Src/stm32l0xx_hal_dma.o
                0x0000000008003078                HAL_DMA_Abort
 .text.HAL_DMA_Abort_IT
                0x00000000080030f8       0x8e ./Drivers/STM32L0xx_HAL_Driver/Src/stm32l0xx_hal_dma.o
                0x00000000080030f8                HAL_DMA_Abort_IT
 *fill*         0x0000000008003186        0x2 
 .text.HAL_GPIO_Init
                0x0000000008003188      0x2fc ./Drivers/STM32L0xx_HAL_Driver/Src/stm32l0xx_hal_gpio.o
                0x0000000008003188                HAL_GPIO_Init
 .text.HAL_GPIO_ReadPin
                0x0000000008003484       0x3a ./Drivers/STM32L0xx_HAL_Driver/Src/stm32l0xx_hal_gpio.o
                0x0000000008003484                HAL_GPIO_ReadPin
 *fill*         0x00000000080034be        0x2 
 .text.HAL_GPIO_EXTI_IRQHandler
                0x00000000080034c0       0x38 ./Drivers/STM32L0xx_HAL_Driver/Src/stm32l0xx_hal_gpio.o
                0x00000000080034c0                HAL_GPIO_EXTI_IRQHandler
 .text.HAL_I2C_Init
                0x00000000080034f8      0x12c ./Drivers/STM32L0xx_HAL_Driver/Src/stm32l0xx_hal_i2c.o
                0x00000000080034f8                HAL_I2C_Init
 .text.HAL_I2C_Master_Transmit
                0x0000000008003624      0x210 ./Drivers/STM32L0xx_HAL_Driver/Src/stm32l0xx_hal_i2c.o
                0x0000000008003624                HAL_I2C_Master_Transmit
 .text.HAL_I2C_IsDeviceReady
                0x0000000008003834      0x234 ./Drivers/STM32L0xx_HAL_Driver/Src/stm32l0xx_hal_i2c.o
                0x0000000008003834                HAL_I2C_IsDeviceReady
 .text.I2C_Flush_TXDR
                0x0000000008003a68       0x44 ./Drivers/STM32L0xx_HAL_Driver/Src/stm32l0xx_hal_i2c.o
 .text.I2C_WaitOnFlagUntilTimeout
                0x0000000008003aac       0x7e ./Drivers/STM32L0xx_HAL_Driver/Src/stm32l0xx_hal_i2c.o
 .text.I2C_WaitOnTXISFlagUntilTimeout
                0x0000000008003b2a       0x7e ./Drivers/STM32L0xx_HAL_Driver/Src/stm32l0xx_hal_i2c.o
 .text.I2C_WaitOnSTOPFlagUntilTimeout
                0x0000000008003ba8       0x78 ./Drivers/STM32L0xx_HAL_Driver/Src/stm32l0xx_hal_i2c.o
 .text.I2C_IsAcknowledgeFailed
                0x0000000008003c20       0xf4 ./Drivers/STM32L0xx_HAL_Driver/Src/stm32l0xx_hal_i2c.o
 .text.I2C_TransferConfig
                0x0000000008003d14       0x6c ./Drivers/STM32L0xx_HAL_Driver/Src/stm32l0xx_hal_i2c.o
 .text.HAL_I2CEx_ConfigAnalogFilter
                0x0000000008003d80       0x98 ./Drivers/STM32L0xx_HAL_Driver/Src/stm32l0xx_hal_i2c_ex.o
                0x0000000008003d80                HAL_I2CEx_ConfigAnalogFilter
 .text.HAL_I2CEx_ConfigDigitalFilter
                0x0000000008003e18       0x98 ./Drivers/STM32L0xx_HAL_Driver/Src/stm32l0xx_hal_i2c_ex.o
                0x0000000008003e18                HAL_I2CEx_ConfigDigitalFilter
 .text.HAL_RCC_OscConfig
                0x0000000008003eb0      0x7a8 ./Drivers/STM32L0xx_HAL_Driver/Src/stm32l0xx_hal_rcc.o
                0x0000000008003eb0                HAL_RCC_OscConfig
 .text.HAL_RCC_ClockConfig
                0x0000000008004658      0x290 ./Drivers/STM32L0xx_HAL_Driver/Src/stm32l0xx_hal_rcc.o
                0x0000000008004658                HAL_RCC_ClockConfig
 .text.HAL_RCC_GetSysClockFreq
                0x00000000080048e8      0x14c ./Drivers/STM32L0xx_HAL_Driver/Src/stm32l0xx_hal_rcc.o
                0x00000000080048e8                HAL_RCC_GetSysClockFreq
 .text.HAL_RCC_GetHCLKFreq
                0x0000000008004a34       0x14 ./Drivers/STM32L0xx_HAL_Driver/Src/stm32l0xx_hal_rcc.o
                0x0000000008004a34                HAL_RCC_GetHCLKFreq
 .text.HAL_RCC_GetPCLK1Freq
                0x0000000008004a48       0x2c ./Drivers/STM32L0xx_HAL_Driver/Src/stm32l0xx_hal_rcc.o
                0x0000000008004a48                HAL_RCC_GetPCLK1Freq
 .text.HAL_RCC_GetPCLK2Freq
                0x0000000008004a74       0x2c ./Drivers/STM32L0xx_HAL_Driver/Src/stm32l0xx_hal_rcc.o
                0x0000000008004a74                HAL_RCC_GetPCLK2Freq
 .text.HAL_RCCEx_PeriphCLKConfig
                0x0000000008004aa0      0x2e8 ./Drivers/STM32L0xx_HAL_Driver/Src/stm32l0xx_hal_rcc_ex.o
                0x0000000008004aa0                HAL_RCCEx_PeriphCLKConfig
 .text.HAL_TIM_Base_Init
                0x0000000008004d88       0x80 ./Drivers/STM32L0xx_HAL_Driver/Src/stm32l0xx_hal_tim.o
                0x0000000008004d88                HAL_TIM_Base_Init
 .text.HAL_TIM_Base_Start_IT
                0x0000000008004e08       0xa4 ./Drivers/STM32L0xx_HAL_Driver/Src/stm32l0xx_hal_tim.o
                0x0000000008004e08                HAL_TIM_Base_Start_IT
 .text.HAL_TIM_Base_Stop_IT
                0x0000000008004eac       0x4c ./Drivers/STM32L0xx_HAL_Driver/Src/stm32l0xx_hal_tim.o
                0x0000000008004eac                HAL_TIM_Base_Stop_IT
 .text.HAL_TIM_Encoder_Init
                0x0000000008004ef8      0x140 ./Drivers/STM32L0xx_HAL_Driver/Src/stm32l0xx_hal_tim.o
                0x0000000008004ef8                HAL_TIM_Encoder_Init
 .text.HAL_TIM_Encoder_Start_IT
                0x0000000008005038      0x12a ./Drivers/STM32L0xx_HAL_Driver/Src/stm32l0xx_hal_tim.o
                0x0000000008005038                HAL_TIM_Encoder_Start_IT
 .text.HAL_TIM_IRQHandler
                0x0000000008005162      0x1d0 ./Drivers/STM32L0xx_HAL_Driver/Src/stm32l0xx_hal_tim.o
                0x0000000008005162                HAL_TIM_IRQHandler
 .text.HAL_TIM_OC_DelayElapsedCallback
                0x0000000008005332       0x10 ./Drivers/STM32L0xx_HAL_Driver/Src/stm32l0xx_hal_tim.o
                0x0000000008005332                HAL_TIM_OC_DelayElapsedCallback
 .text.HAL_TIM_PWM_PulseFinishedCallback
                0x0000000008005342       0x10 ./Drivers/STM32L0xx_HAL_Driver/Src/stm32l0xx_hal_tim.o
                0x0000000008005342                HAL_TIM_PWM_PulseFinishedCallback
 .text.HAL_TIM_TriggerCallback
                0x0000000008005352       0x10 ./Drivers/STM32L0xx_HAL_Driver/Src/stm32l0xx_hal_tim.o
                0x0000000008005352                HAL_TIM_TriggerCallback
 .text.HAL_TIM_Base_GetState
                0x0000000008005362       0x18 ./Drivers/STM32L0xx_HAL_Driver/Src/stm32l0xx_hal_tim.o
                0x0000000008005362                HAL_TIM_Base_GetState
 .text.HAL_TIM_Encoder_GetState
                0x000000000800537a       0x18 ./Drivers/STM32L0xx_HAL_Driver/Src/stm32l0xx_hal_tim.o
                0x000000000800537a                HAL_TIM_Encoder_GetState
 *fill*         0x0000000008005392        0x2 
 .text.TIM_Base_SetConfig
                0x0000000008005394       0xbc ./Drivers/STM32L0xx_HAL_Driver/Src/stm32l0xx_hal_tim.o
 .text.TIM_CCxChannelCmd
                0x0000000008005450       0x46 ./Drivers/STM32L0xx_HAL_Driver/Src/stm32l0xx_hal_tim.o
 *fill*         0x0000000008005496        0x2 
 .text.HAL_TIMEx_MasterConfigSynchronization
                0x0000000008005498       0xbc ./Drivers/STM32L0xx_HAL_Driver/Src/stm32l0xx_hal_tim_ex.o
                0x0000000008005498                HAL_TIMEx_MasterConfigSynchronization
 .text.HAL_UART_Init
                0x0000000008005554       0xa8 ./Drivers/STM32L0xx_HAL_Driver/Src/stm32l0xx_hal_uart.o
                0x0000000008005554                HAL_UART_Init
 .text.HAL_UART_Transmit
                0x00000000080055fc      0x150 ./Drivers/STM32L0xx_HAL_Driver/Src/stm32l0xx_hal_uart.o
                0x00000000080055fc                HAL_UART_Transmit
 .text.HAL_UART_IRQHandler
                0x000000000800574c      0x5b4 ./Drivers/STM32L0xx_HAL_Driver/Src/stm32l0xx_hal_uart.o
                0x000000000800574c                HAL_UART_IRQHandler
 .text.HAL_UART_TxCpltCallback
                0x0000000008005d00       0x10 ./Drivers/STM32L0xx_HAL_Driver/Src/stm32l0xx_hal_uart.o
                0x0000000008005d00                HAL_UART_TxCpltCallback
 .text.HAL_UART_ErrorCallback
                0x0000000008005d10       0x10 ./Drivers/STM32L0xx_HAL_Driver/Src/stm32l0xx_hal_uart.o
                0x0000000008005d10                HAL_UART_ErrorCallback
 .text.HAL_UARTEx_RxEventCallback
                0x0000000008005d20       0x16 ./Drivers/STM32L0xx_HAL_Driver/Src/stm32l0xx_hal_uart.o
                0x0000000008005d20                HAL_UARTEx_RxEventCallback
 *fill*         0x0000000008005d36        0x2 
 .text.UART_SetConfig
                0x0000000008005d38      0x540 ./Drivers/STM32L0xx_HAL_Driver/Src/stm32l0xx_hal_uart.o
                0x0000000008005d38                UART_SetConfig
 .text.UART_AdvFeatureConfig
                0x0000000008006278      0x168 ./Drivers/STM32L0xx_HAL_Driver/Src/stm32l0xx_hal_uart.o
                0x0000000008006278                UART_AdvFeatureConfig
 .text.UART_CheckIdleState
                0x00000000080063e0       0x90 ./Drivers/STM32L0xx_HAL_Driver/Src/stm32l0xx_hal_uart.o
                0x00000000080063e0                UART_CheckIdleState
 .text.UART_WaitOnFlagUntilTimeout
                0x0000000008006470      0x188 ./Drivers/STM32L0xx_HAL_Driver/Src/stm32l0xx_hal_uart.o
                0x0000000008006470                UART_WaitOnFlagUntilTimeout
 .text.UART_EndRxTransfer
                0x00000000080065f8       0xc4 ./Drivers/STM32L0xx_HAL_Driver/Src/stm32l0xx_hal_uart.o
 .text.UART_DMAAbortOnError
                0x00000000080066bc       0x2e ./Drivers/STM32L0xx_HAL_Driver/Src/stm32l0xx_hal_uart.o
 .text.UART_EndTransmit_IT
                0x00000000080066ea       0x56 ./Drivers/STM32L0xx_HAL_Driver/Src/stm32l0xx_hal_uart.o
 .text.HAL_UARTEx_WakeupCallback
                0x0000000008006740       0x10 ./Drivers/STM32L0xx_HAL_Driver/Src/stm32l0xx_hal_uart_ex.o
                0x0000000008006740                HAL_UARTEx_WakeupCallback
 .text.__errno  0x0000000008006750        0xc c:/st/stm32cubeide_1.9.0/stm32cubeide/plugins/com.st.stm32cube.ide.mcu.externaltools.gnu-tools-for-stm32.10.3-2021.10.win32_1.0.0.202111181127/tools/bin/../lib/gcc/arm-none-eabi/10.3.1/../../../../arm-none-eabi/lib/thumb/v6-m/nofp\libc_nano.a(lib_a-errno.o)
                0x0000000008006750                __errno
 .text.__libc_init_array
                0x000000000800675c       0x48 c:/st/stm32cubeide_1.9.0/stm32cubeide/plugins/com.st.stm32cube.ide.mcu.externaltools.gnu-tools-for-stm32.10.3-2021.10.win32_1.0.0.202111181127/tools/bin/../lib/gcc/arm-none-eabi/10.3.1/../../../../arm-none-eabi/lib/thumb/v6-m/nofp\libc_nano.a(lib_a-init.o)
                0x000000000800675c                __libc_init_array
 .text.memcpy   0x00000000080067a4       0x12 c:/st/stm32cubeide_1.9.0/stm32cubeide/plugins/com.st.stm32cube.ide.mcu.externaltools.gnu-tools-for-stm32.10.3-2021.10.win32_1.0.0.202111181127/tools/bin/../lib/gcc/arm-none-eabi/10.3.1/../../../../arm-none-eabi/lib/thumb/v6-m/nofp\libc_nano.a(lib_a-memcpy-stub.o)
                0x00000000080067a4                memcpy
 .text.memset   0x00000000080067b6       0x10 c:/st/stm32cubeide_1.9.0/stm32cubeide/plugins/com.st.stm32cube.ide.mcu.externaltools.gnu-tools-for-stm32.10.3-2021.10.win32_1.0.0.202111181127/tools/bin/../lib/gcc/arm-none-eabi/10.3.1/../../../../arm-none-eabi/lib/thumb/v6-m/nofp\libc_nano.a(lib_a-memset.o)
                0x00000000080067b6                memset
 *fill*         0x00000000080067c6        0x2 
 .text.sprintf  0x00000000080067c8       0x40 c:/st/stm32cubeide_1.9.0/stm32cubeide/plugins/com.st.stm32cube.ide.mcu.externaltools.gnu-tools-for-stm32.10.3-2021.10.win32_1.0.0.202111181127/tools/bin/../lib/gcc/arm-none-eabi/10.3.1/../../../../arm-none-eabi/lib/thumb/v6-m/nofp\libc_nano.a(lib_a-sprintf.o)
                0x00000000080067c8                siprintf
                0x00000000080067c8                sprintf
 .text.__ssputs_r
                0x0000000008006808       0xc4 c:/st/stm32cubeide_1.9.0/stm32cubeide/plugins/com.st.stm32cube.ide.mcu.externaltools.gnu-tools-for-stm32.10.3-2021.10.win32_1.0.0.202111181127/tools/bin/../lib/gcc/arm-none-eabi/10.3.1/../../../../arm-none-eabi/lib/thumb/v6-m/nofp\libc_nano.a(lib_a-nano-svfprintf.o)
                0x0000000008006808                __ssputs_r
 .text._svfprintf_r
                0x00000000080068cc      0x200 c:/st/stm32cubeide_1.9.0/stm32cubeide/plugins/com.st.stm32cube.ide.mcu.externaltools.gnu-tools-for-stm32.10.3-2021.10.win32_1.0.0.202111181127/tools/bin/../lib/gcc/arm-none-eabi/10.3.1/../../../../arm-none-eabi/lib/thumb/v6-m/nofp\libc_nano.a(lib_a-nano-svfprintf.o)
                0x00000000080068cc                _svfiprintf_r
                0x00000000080068cc                _svfprintf_r
 .text._printf_common
                0x0000000008006acc       0xde c:/st/stm32cubeide_1.9.0/stm32cubeide/plugins/com.st.stm32cube.ide.mcu.externaltools.gnu-tools-for-stm32.10.3-2021.10.win32_1.0.0.202111181127/tools/bin/../lib/gcc/arm-none-eabi/10.3.1/../../../../arm-none-eabi/lib/thumb/v6-m/nofp\libc_nano.a(lib_a-nano-vfprintf_i.o)
                0x0000000008006acc                _printf_common
 *fill*         0x0000000008006baa        0x2 
 .text._printf_i
                0x0000000008006bac      0x224 c:/st/stm32cubeide_1.9.0/stm32cubeide/plugins/com.st.stm32cube.ide.mcu.externaltools.gnu-tools-for-stm32.10.3-2021.10.win32_1.0.0.202111181127/tools/bin/../lib/gcc/arm-none-eabi/10.3.1/../../../../arm-none-eabi/lib/thumb/v6-m/nofp\libc_nano.a(lib_a-nano-vfprintf_i.o)
                0x0000000008006bac                _printf_i
 .text.memchr   0x0000000008006dd0       0x16 c:/st/stm32cubeide_1.9.0/stm32cubeide/plugins/com.st.stm32cube.ide.mcu.externaltools.gnu-tools-for-stm32.10.3-2021.10.win32_1.0.0.202111181127/tools/bin/../lib/gcc/arm-none-eabi/10.3.1/../../../../arm-none-eabi/lib/thumb/v6-m/nofp\libc_nano.a(lib_a-memchr-stub.o)
                0x0000000008006dd0                memchr
 .text.memmove  0x0000000008006de6       0x26 c:/st/stm32cubeide_1.9.0/stm32cubeide/plugins/com.st.stm32cube.ide.mcu.externaltools.gnu-tools-for-stm32.10.3-2021.10.win32_1.0.0.202111181127/tools/bin/../lib/gcc/arm-none-eabi/10.3.1/../../../../arm-none-eabi/lib/thumb/v6-m/nofp\libc_nano.a(lib_a-memmove.o)
                0x0000000008006de6                memmove
 .text._free_r  0x0000000008006e0c       0x94 c:/st/stm32cubeide_1.9.0/stm32cubeide/plugins/com.st.stm32cube.ide.mcu.externaltools.gnu-tools-for-stm32.10.3-2021.10.win32_1.0.0.202111181127/tools/bin/../lib/gcc/arm-none-eabi/10.3.1/../../../../arm-none-eabi/lib/thumb/v6-m/nofp\libc_nano.a(lib_a-nano-freer.o)
                0x0000000008006e0c                _free_r
 .text.sbrk_aligned
                0x0000000008006ea0       0x44 c:/st/stm32cubeide_1.9.0/stm32cubeide/plugins/com.st.stm32cube.ide.mcu.externaltools.gnu-tools-for-stm32.10.3-2021.10.win32_1.0.0.202111181127/tools/bin/../lib/gcc/arm-none-eabi/10.3.1/../../../../arm-none-eabi/lib/thumb/v6-m/nofp\libc_nano.a(lib_a-nano-mallocr.o)
 .text._malloc_r
                0x0000000008006ee4       0xec c:/st/stm32cubeide_1.9.0/stm32cubeide/plugins/com.st.stm32cube.ide.mcu.externaltools.gnu-tools-for-stm32.10.3-2021.10.win32_1.0.0.202111181127/tools/bin/../lib/gcc/arm-none-eabi/10.3.1/../../../../arm-none-eabi/lib/thumb/v6-m/nofp\libc_nano.a(lib_a-nano-mallocr.o)
                0x0000000008006ee4                _malloc_r
 .text._realloc_r
                0x0000000008006fd0       0x5e c:/st/stm32cubeide_1.9.0/stm32cubeide/plugins/com.st.stm32cube.ide.mcu.externaltools.gnu-tools-for-stm32.10.3-2021.10.win32_1.0.0.202111181127/tools/bin/../lib/gcc/arm-none-eabi/10.3.1/../../../../arm-none-eabi/lib/thumb/v6-m/nofp\libc_nano.a(lib_a-nano-reallocr.o)
                0x0000000008006fd0                _realloc_r
 *fill*         0x000000000800702e        0x2 
 .text._sbrk_r  0x0000000008007030       0x24 c:/st/stm32cubeide_1.9.0/stm32cubeide/plugins/com.st.stm32cube.ide.mcu.externaltools.gnu-tools-for-stm32.10.3-2021.10.win32_1.0.0.202111181127/tools/bin/../lib/gcc/arm-none-eabi/10.3.1/../../../../arm-none-eabi/lib/thumb/v6-m/nofp\libc_nano.a(lib_a-sbrkr.o)
                0x0000000008007030                _sbrk_r
 .text.__malloc_lock
                0x0000000008007054       0x10 c:/st/stm32cubeide_1.9.0/stm32cubeide/plugins/com.st.stm32cube.ide.mcu.externaltools.gnu-tools-for-stm32.10.3-2021.10.win32_1.0.0.202111181127/tools/bin/../lib/gcc/arm-none-eabi/10.3.1/../../../../arm-none-eabi/lib/thumb/v6-m/nofp\libc_nano.a(lib_a-mlock.o)
                0x0000000008007054                __malloc_lock
 .text.__malloc_unlock
                0x0000000008007064       0x10 c:/st/stm32cubeide_1.9.0/stm32cubeide/plugins/com.st.stm32cube.ide.mcu.externaltools.gnu-tools-for-stm32.10.3-2021.10.win32_1.0.0.202111181127/tools/bin/../lib/gcc/arm-none-eabi/10.3.1/../../../../arm-none-eabi/lib/thumb/v6-m/nofp\libc_nano.a(lib_a-mlock.o)
                0x0000000008007064                __malloc_unlock
 .text._malloc_usable_size_r
                0x0000000008007074       0x10 c:/st/stm32cubeide_1.9.0/stm32cubeide/plugins/com.st.stm32cube.ide.mcu.externaltools.gnu-tools-for-stm32.10.3-2021.10.win32_1.0.0.202111181127/tools/bin/../lib/gcc/arm-none-eabi/10.3.1/../../../../arm-none-eabi/lib/thumb/v6-m/nofp\libc_nano.a(lib_a-nano-msizer.o)
                0x0000000008007074                _malloc_usable_size_r
 .text.__retarget_lock_acquire_recursive
                0x0000000008007084        0x2 c:/st/stm32cubeide_1.9.0/stm32cubeide/plugins/com.st.stm32cube.ide.mcu.externaltools.gnu-tools-for-stm32.10.3-2021.10.win32_1.0.0.202111181127/tools/bin/../lib/gcc/arm-none-eabi/10.3.1/../../../../arm-none-eabi/lib/thumb/v6-m/nofp\libc_nano.a(lib_a-lock.o)
                0x0000000008007084                __retarget_lock_acquire_recursive
 .text.__retarget_lock_release_recursive
                0x0000000008007086        0x2 c:/st/stm32cubeide_1.9.0/stm32cubeide/plugins/com.st.stm32cube.ide.mcu.externaltools.gnu-tools-for-stm32.10.3-2021.10.win32_1.0.0.202111181127/tools/bin/../lib/gcc/arm-none-eabi/10.3.1/../../../../arm-none-eabi/lib/thumb/v6-m/nofp\libc_nano.a(lib_a-lock.o)
                0x0000000008007086                __retarget_lock_release_recursive
 *(.glue_7)
 .glue_7        0x0000000008007088        0x0 linker stubs
 *(.glue_7t)
 .glue_7t       0x0000000008007088        0x0 linker stubs
 *(.eh_frame)
 .eh_frame      0x0000000008007088        0x0 c:/st/stm32cubeide_1.9.0/stm32cubeide/plugins/com.st.stm32cube.ide.mcu.externaltools.gnu-tools-for-stm32.10.3-2021.10.win32_1.0.0.202111181127/tools/bin/../lib/gcc/arm-none-eabi/10.3.1/thumb/v6-m/nofp/crtbegin.o
 *(.init)
 .init          0x0000000008007088        0x4 c:/st/stm32cubeide_1.9.0/stm32cubeide/plugins/com.st.stm32cube.ide.mcu.externaltools.gnu-tools-for-stm32.10.3-2021.10.win32_1.0.0.202111181127/tools/bin/../lib/gcc/arm-none-eabi/10.3.1/thumb/v6-m/nofp/crti.o
                0x0000000008007088                _init
 .init          0x000000000800708c        0x8 c:/st/stm32cubeide_1.9.0/stm32cubeide/plugins/com.st.stm32cube.ide.mcu.externaltools.gnu-tools-for-stm32.10.3-2021.10.win32_1.0.0.202111181127/tools/bin/../lib/gcc/arm-none-eabi/10.3.1/thumb/v6-m/nofp/crtn.o
 *(.fini)
 .fini          0x0000000008007094        0x4 c:/st/stm32cubeide_1.9.0/stm32cubeide/plugins/com.st.stm32cube.ide.mcu.externaltools.gnu-tools-for-stm32.10.3-2021.10.win32_1.0.0.202111181127/tools/bin/../lib/gcc/arm-none-eabi/10.3.1/thumb/v6-m/nofp/crti.o
                0x0000000008007094                _fini
 .fini          0x0000000008007098        0x8 c:/st/stm32cubeide_1.9.0/stm32cubeide/plugins/com.st.stm32cube.ide.mcu.externaltools.gnu-tools-for-stm32.10.3-2021.10.win32_1.0.0.202111181127/tools/bin/../lib/gcc/arm-none-eabi/10.3.1/thumb/v6-m/nofp/crtn.o
                0x00000000080070a0                . = ALIGN (0x4)
                0x00000000080070a0                _etext = .

.vfp11_veneer   0x00000000080070a0        0x0
 .vfp11_veneer  0x00000000080070a0        0x0 linker stubs

.v4_bx          0x00000000080070a0        0x0
 .v4_bx         0x00000000080070a0        0x0 linker stubs

.iplt           0x00000000080070a0        0x0
 .iplt          0x00000000080070a0        0x0 c:/st/stm32cubeide_1.9.0/stm32cubeide/plugins/com.st.stm32cube.ide.mcu.externaltools.gnu-tools-for-stm32.10.3-2021.10.win32_1.0.0.202111181127/tools/bin/../lib/gcc/arm-none-eabi/10.3.1/thumb/v6-m/nofp/crtbegin.o

.rodata         0x00000000080070a0     0x2b38
                0x00000000080070a0                . = ALIGN (0x4)
 *(.rodata)
 .rodata        0x00000000080070a0        0xd ./Core/Src/main.o
 *fill*         0x00000000080070ad        0x3 
 .rodata        0x00000000080070b0      0x141 ./Core/Src/ssd1306_adds.o
 *(.rodata*)
 *fill*         0x00000000080071f1        0x3 
 .rodata.HAL_TIM_PeriodElapsedCallback
                0x00000000080071f4       0x48 ./Core/Src/main.o
 .rodata.logo   0x000000000800723c      0x400 ./Core/Src/ssd1306_adds.o
                0x000000000800723c                logo
 .rodata.width  0x000000000800763c      0x400 ./Core/Src/ssd1306_adds.o
                0x000000000800763c                width
 .rodata.turns  0x0000000008007a3c      0x400 ./Core/Src/ssd1306_adds.o
                0x0000000008007a3c                turns
 .rodata.diameter
                0x0000000008007e3c      0x400 ./Core/Src/ssd1306_adds.o
                0x0000000008007e3c                diameter
 .rodata.speed  0x000000000800823c      0x400 ./Core/Src/ssd1306_adds.o
                0x000000000800823c                speed
 .rodata.PROJECT_COUNT
                0x000000000800863c        0x1 ./Core/Src/ssd1306_adds.o
                0x000000000800863c                PROJECT_COUNT
 *fill*         0x000000000800863d        0x3 
 .rodata.setTheme
                0x0000000008008640       0x30 ./Core/Src/ssd1306_adds.o
 .rodata.Font7x10
                0x0000000008008670      0x76c ./Core/Src/ssd1306_fonts.o
                0x0000000008008670                Font7x10
 .rodata.Font11x18
                0x0000000008008ddc      0xd5c ./Core/Src/ssd1306_fonts.o
                0x0000000008008ddc                Font11x18
 .rodata.AHBPrescTable
                0x0000000008009b38       0x10 ./Core/Src/system_stm32l0xx.o
                0x0000000008009b38                AHBPrescTable
 .rodata.APBPrescTable
                0x0000000008009b48        0x8 ./Core/Src/system_stm32l0xx.o
                0x0000000008009b48                APBPrescTable
 .rodata.PLLMulTable
                0x0000000008009b50        0x9 ./Core/Src/system_stm32l0xx.o
                0x0000000008009b50                PLLMulTable
 *fill*         0x0000000008009b59        0x3 
 .rodata.UART_SetConfig
                0x0000000008009b5c       0x48 ./Drivers/STM32L0xx_HAL_Driver/Src/stm32l0xx_hal_uart.o
 .rodata._svfprintf_r.str1.1
                0x0000000008009ba4       0x11 c:/st/stm32cubeide_1.9.0/stm32cubeide/plugins/com.st.stm32cube.ide.mcu.externaltools.gnu-tools-for-stm32.10.3-2021.10.win32_1.0.0.202111181127/tools/bin/../lib/gcc/arm-none-eabi/10.3.1/../../../../arm-none-eabi/lib/thumb/v6-m/nofp\libc_nano.a(lib_a-nano-svfprintf.o)
 .rodata._printf_i.str1.1
                0x0000000008009bb5       0x22 c:/st/stm32cubeide_1.9.0/stm32cubeide/plugins/com.st.stm32cube.ide.mcu.externaltools.gnu-tools-for-stm32.10.3-2021.10.win32_1.0.0.202111181127/tools/bin/../lib/gcc/arm-none-eabi/10.3.1/../../../../arm-none-eabi/lib/thumb/v6-m/nofp\libc_nano.a(lib_a-nano-vfprintf_i.o)
                0x0000000008009bd8                . = ALIGN (0x4)
 *fill*         0x0000000008009bd7        0x1 

.ARM.extab      0x0000000008009bd8        0x0
                0x0000000008009bd8                . = ALIGN (0x4)
 *(.ARM.extab* .gnu.linkonce.armextab.*)
                0x0000000008009bd8                . = ALIGN (0x4)

.ARM            0x0000000008009bd8        0x8
                0x0000000008009bd8                . = ALIGN (0x4)
                0x0000000008009bd8                __exidx_start = .
 *(.ARM.exidx*)
 .ARM.exidx     0x0000000008009bd8        0x8 c:/st/stm32cubeide_1.9.0/stm32cubeide/plugins/com.st.stm32cube.ide.mcu.externaltools.gnu-tools-for-stm32.10.3-2021.10.win32_1.0.0.202111181127/tools/bin/../lib/gcc/arm-none-eabi/10.3.1/thumb/v6-m/nofp\libgcc.a(_udivmoddi4.o)
                0x0000000008009be0                __exidx_end = .
                0x0000000008009be0                . = ALIGN (0x4)

.rel.dyn        0x0000000008009be0        0x0
 .rel.iplt      0x0000000008009be0        0x0 c:/st/stm32cubeide_1.9.0/stm32cubeide/plugins/com.st.stm32cube.ide.mcu.externaltools.gnu-tools-for-stm32.10.3-2021.10.win32_1.0.0.202111181127/tools/bin/../lib/gcc/arm-none-eabi/10.3.1/thumb/v6-m/nofp/crtbegin.o

.preinit_array  0x0000000008009be0        0x0
                0x0000000008009be0                . = ALIGN (0x4)
                0x0000000008009be0                PROVIDE (__preinit_array_start = .)
 *(.preinit_array*)
                0x0000000008009be0                PROVIDE (__preinit_array_end = .)
                0x0000000008009be0                . = ALIGN (0x4)

.init_array     0x0000000008009be0        0x4
                0x0000000008009be0                . = ALIGN (0x4)
                0x0000000008009be0                PROVIDE (__init_array_start = .)
 *(SORT_BY_NAME(.init_array.*))
 *(.init_array*)
 .init_array    0x0000000008009be0        0x4 c:/st/stm32cubeide_1.9.0/stm32cubeide/plugins/com.st.stm32cube.ide.mcu.externaltools.gnu-tools-for-stm32.10.3-2021.10.win32_1.0.0.202111181127/tools/bin/../lib/gcc/arm-none-eabi/10.3.1/thumb/v6-m/nofp/crtbegin.o
                0x0000000008009be4                PROVIDE (__init_array_end = .)
                0x0000000008009be4                . = ALIGN (0x4)

.fini_array     0x0000000008009be4        0x4
                0x0000000008009be4                . = ALIGN (0x4)
                [!provide]                        PROVIDE (__fini_array_start = .)
 *(SORT_BY_NAME(.fini_array.*))
 *(.fini_array*)
 .fini_array    0x0000000008009be4        0x4 c:/st/stm32cubeide_1.9.0/stm32cubeide/plugins/com.st.stm32cube.ide.mcu.externaltools.gnu-tools-for-stm32.10.3-2021.10.win32_1.0.0.202111181127/tools/bin/../lib/gcc/arm-none-eabi/10.3.1/thumb/v6-m/nofp/crtbegin.o
                [!provide]                        PROVIDE (__fini_array_end = .)
                0x0000000008009be8                . = ALIGN (0x4)
                0x0000000008009be8                _sidata = LOADADDR (.data)

.data           0x0000000020000000      0x194 load address 0x0000000008009be8
                0x0000000020000000                . = ALIGN (0x4)
                0x0000000020000000                _sdata = .
 *(.data)
 *(.data*)
 .data.encoderCountPrev
                0x0000000020000000        0x2 ./Core/Src/main.o
                0x0000000020000000                encoderCountPrev
 *fill*         0x0000000020000002        0x2 
 .data.PeaveyC30_MAIN
                0x0000000020000004       0x44 ./Core/Src/ssd1306_adds.o
                0x0000000020000004                PeaveyC30_MAIN
 .data.PeaveyC30_SPK
                0x0000000020000048       0x44 ./Core/Src/ssd1306_adds.o
                0x0000000020000048                PeaveyC30_SPK
 .data.Test_Trafo
                0x000000002000008c       0x44 ./Core/Src/ssd1306_adds.o
                0x000000002000008c                Test_Trafo
 .data.Empty    0x00000000200000d0       0x44 ./Core/Src/ssd1306_adds.o
                0x00000000200000d0                Empty
 .data.Font_7x10
                0x0000000020000114        0x8 ./Core/Src/ssd1306_fonts.o
                0x0000000020000114                Font_7x10
 .data.Font_11x18
                0x000000002000011c        0x8 ./Core/Src/ssd1306_fonts.o
                0x000000002000011c                Font_11x18
 .data.SystemCoreClock
                0x0000000020000124        0x4 ./Core/Src/system_stm32l0xx.o
                0x0000000020000124                SystemCoreClock
 .data.uwTickPrio
                0x0000000020000128        0x4 ./Drivers/STM32L0xx_HAL_Driver/Src/stm32l0xx_hal.o
                0x0000000020000128                uwTickPrio
 .data.uwTickFreq
                0x000000002000012c        0x1 ./Drivers/STM32L0xx_HAL_Driver/Src/stm32l0xx_hal.o
                0x000000002000012c                uwTickFreq
 *fill*         0x000000002000012d        0x3 
 .data._impure_ptr
                0x0000000020000130        0x4 c:/st/stm32cubeide_1.9.0/stm32cubeide/plugins/com.st.stm32cube.ide.mcu.externaltools.gnu-tools-for-stm32.10.3-2021.10.win32_1.0.0.202111181127/tools/bin/../lib/gcc/arm-none-eabi/10.3.1/../../../../arm-none-eabi/lib/thumb/v6-m/nofp\libc_nano.a(lib_a-impure.o)
                0x0000000020000130                _impure_ptr
 .data.impure_data
                0x0000000020000134       0x60 c:/st/stm32cubeide_1.9.0/stm32cubeide/plugins/com.st.stm32cube.ide.mcu.externaltools.gnu-tools-for-stm32.10.3-2021.10.win32_1.0.0.202111181127/tools/bin/../lib/gcc/arm-none-eabi/10.3.1/../../../../arm-none-eabi/lib/thumb/v6-m/nofp\libc_nano.a(lib_a-impure.o)
 *(.RamFunc)
 *(.RamFunc*)
                0x0000000020000194                . = ALIGN (0x4)
                0x0000000020000194                _edata = .

.igot.plt       0x0000000020000194        0x0 load address 0x0000000008009d7c
 .igot.plt      0x0000000020000194        0x0 c:/st/stm32cubeide_1.9.0/stm32cubeide/plugins/com.st.stm32cube.ide.mcu.externaltools.gnu-tools-for-stm32.10.3-2021.10.win32_1.0.0.202111181127/tools/bin/../lib/gcc/arm-none-eabi/10.3.1/thumb/v6-m/nofp/crtbegin.o
                0x0000000020000194                . = ALIGN (0x4)

.bss            0x0000000020000194      0x5e4 load address 0x0000000008009d7c
                0x0000000020000194                _sbss = .
                0x0000000020000194                __bss_start__ = _sbss
 *(.bss)
 .bss           0x0000000020000194       0x1c c:/st/stm32cubeide_1.9.0/stm32cubeide/plugins/com.st.stm32cube.ide.mcu.externaltools.gnu-tools-for-stm32.10.3-2021.10.win32_1.0.0.202111181127/tools/bin/../lib/gcc/arm-none-eabi/10.3.1/thumb/v6-m/nofp/crtbegin.o
 *(.bss*)
 .bss.hi2c1     0x00000000200001b0       0x4c ./Core/Src/i2c.o
                0x00000000200001b0                hi2c1
 .bss.encoderCount
                0x00000000200001fc        0x2 ./Core/Src/main.o
                0x00000000200001fc                encoderCount
 .bss.pressBtnCounter
                0x00000000200001fe        0x1 ./Core/Src/main.o
 *fill*         0x00000000200001ff        0x1 
 .bss.width_MAIN
                0x0000000020000200        0x2 ./Core/Src/main.o
 .bss.turns_MAIN
                0x0000000020000202        0x2 ./Core/Src/main.o
 .bss.diameter_MAIN
                0x0000000020000204        0x2 ./Core/Src/main.o
 .bss.speed_MAIN
                0x0000000020000206        0x2 ./Core/Src/main.o
 .bss.SSD1306_Buffer
                0x0000000020000208      0x400 ./Core/Src/ssd1306.o
 .bss.SSD1306   0x0000000020000608        0x6 ./Core/Src/ssd1306.o
 .bss.workStep  0x000000002000060e        0x1 ./Core/Src/ssd1306_adds.o
                0x000000002000060e                workStep
 .bss.projectSelect
                0x000000002000060f        0x1 ./Core/Src/ssd1306_adds.o
                0x000000002000060f                projectSelect
 .bss.progressBarWidth
                0x0000000020000610        0x1 ./Core/Src/ssd1306_adds.o
                0x0000000020000610                progressBarWidth
 .bss.progressBarStep
                0x0000000020000611        0x1 ./Core/Src/ssd1306_adds.o
                0x0000000020000611                progressBarStep
 .bss.markerPosition
                0x0000000020000612        0x1 ./Core/Src/ssd1306_adds.o
                0x0000000020000612                markerPosition
 *fill*         0x0000000020000613        0x1 
 .bss.arrayToken
                0x0000000020000614        0x5 ./Core/Src/ssd1306_adds.o
                0x0000000020000614                arrayToken
 *fill*         0x0000000020000619        0x3 
 .bss.__sbrk_heap_end
                0x000000002000061c        0x4 ./Core/Src/sysmem.o
 .bss.htim2     0x0000000020000620       0x40 ./Core/Src/tim.o
                0x0000000020000620                htim2
 .bss.htim6     0x0000000020000660       0x40 ./Core/Src/tim.o
                0x0000000020000660                htim6
 .bss.htim7     0x00000000200006a0       0x40 ./Core/Src/tim.o
                0x00000000200006a0                htim7
 .bss.huart2    0x00000000200006e0       0x84 ./Core/Src/usart.o
                0x00000000200006e0                huart2
 .bss.uwTick    0x0000000020000764        0x4 ./Drivers/STM32L0xx_HAL_Driver/Src/stm32l0xx_hal.o
                0x0000000020000764                uwTick
 .bss.__malloc_free_list
                0x0000000020000768        0x4 c:/st/stm32cubeide_1.9.0/stm32cubeide/plugins/com.st.stm32cube.ide.mcu.externaltools.gnu-tools-for-stm32.10.3-2021.10.win32_1.0.0.202111181127/tools/bin/../lib/gcc/arm-none-eabi/10.3.1/../../../../arm-none-eabi/lib/thumb/v6-m/nofp\libc_nano.a(lib_a-nano-mallocr.o)
                0x0000000020000768                __malloc_free_list
 .bss.__malloc_sbrk_start
                0x000000002000076c        0x4 c:/st/stm32cubeide_1.9.0/stm32cubeide/plugins/com.st.stm32cube.ide.mcu.externaltools.gnu-tools-for-stm32.10.3-2021.10.win32_1.0.0.202111181127/tools/bin/../lib/gcc/arm-none-eabi/10.3.1/../../../../arm-none-eabi/lib/thumb/v6-m/nofp\libc_nano.a(lib_a-nano-mallocr.o)
                0x000000002000076c                __malloc_sbrk_start
 .bss.errno     0x0000000020000770        0x4 c:/st/stm32cubeide_1.9.0/stm32cubeide/plugins/com.st.stm32cube.ide.mcu.externaltools.gnu-tools-for-stm32.10.3-2021.10.win32_1.0.0.202111181127/tools/bin/../lib/gcc/arm-none-eabi/10.3.1/../../../../arm-none-eabi/lib/thumb/v6-m/nofp\libc_nano.a(lib_a-reent.o)
                0x0000000020000770                errno
 .bss.__lock___malloc_recursive_mutex
                0x0000000020000774        0x1 c:/st/stm32cubeide_1.9.0/stm32cubeide/plugins/com.st.stm32cube.ide.mcu.externaltools.gnu-tools-for-stm32.10.3-2021.10.win32_1.0.0.202111181127/tools/bin/../lib/gcc/arm-none-eabi/10.3.1/../../../../arm-none-eabi/lib/thumb/v6-m/nofp\libc_nano.a(lib_a-lock.o)
                0x0000000020000774                __lock___malloc_recursive_mutex
 *(COMMON)
                0x0000000020000778                . = ALIGN (0x4)
 *fill*         0x0000000020000775        0x3 
                0x0000000020000778                _ebss = .
                0x0000000020000778                __bss_end__ = _ebss

._user_heap_stack
                0x0000000020000778      0x600 load address 0x0000000008009d7c
                0x0000000020000778                . = ALIGN (0x8)
                [!provide]                        PROVIDE (end = .)
                0x0000000020000778                PROVIDE (_end = .)
                0x0000000020000978                . = (. + _Min_Heap_Size)
 *fill*         0x0000000020000778      0x200 
                0x0000000020000d78                . = (. + _Min_Stack_Size)
 *fill*         0x0000000020000978      0x400 
                0x0000000020000d78                . = ALIGN (0x8)

/DISCARD/
 libc.a(*)
 libm.a(*)
 libgcc.a(*)

.ARM.attributes
                0x0000000000000000       0x28
 *(.ARM.attributes)
 .ARM.attributes
                0x0000000000000000       0x1e c:/st/stm32cubeide_1.9.0/stm32cubeide/plugins/com.st.stm32cube.ide.mcu.externaltools.gnu-tools-for-stm32.10.3-2021.10.win32_1.0.0.202111181127/tools/bin/../lib/gcc/arm-none-eabi/10.3.1/thumb/v6-m/nofp/crti.o
 .ARM.attributes
                0x000000000000001e       0x2c c:/st/stm32cubeide_1.9.0/stm32cubeide/plugins/com.st.stm32cube.ide.mcu.externaltools.gnu-tools-for-stm32.10.3-2021.10.win32_1.0.0.202111181127/tools/bin/../lib/gcc/arm-none-eabi/10.3.1/thumb/v6-m/nofp/crtbegin.o
 .ARM.attributes
                0x000000000000004a       0x2c ./Core/Src/gpio.o
 .ARM.attributes
                0x0000000000000076       0x2c ./Core/Src/i2c.o
 .ARM.attributes
                0x00000000000000a2       0x2c ./Core/Src/main.o
 .ARM.attributes
                0x00000000000000ce       0x2c ./Core/Src/misc.o
 .ARM.attributes
                0x00000000000000fa       0x2c ./Core/Src/ssd1306.o
 .ARM.attributes
                0x0000000000000126       0x2c ./Core/Src/ssd1306_adds.o
 .ARM.attributes
                0x0000000000000152       0x2c ./Core/Src/ssd1306_fonts.o
 .ARM.attributes
                0x000000000000017e       0x2c ./Core/Src/stm32l0xx_hal_msp.o
 .ARM.attributes
                0x00000000000001aa       0x2c ./Core/Src/stm32l0xx_it.o
 .ARM.attributes
                0x00000000000001d6       0x2c ./Core/Src/sysmem.o
 .ARM.attributes
                0x0000000000000202       0x2c ./Core/Src/system_stm32l0xx.o
 .ARM.attributes
                0x000000000000022e       0x2c ./Core/Src/tim.o
 .ARM.attributes
                0x000000000000025a       0x2c ./Core/Src/usart.o
 .ARM.attributes
                0x0000000000000286       0x22 ./Core/Startup/startup_stm32l073rztx.o
 .ARM.attributes
                0x00000000000002a8       0x2c ./Drivers/STM32L0xx_HAL_Driver/Src/stm32l0xx_hal.o
 .ARM.attributes
                0x00000000000002d4       0x2c ./Drivers/STM32L0xx_HAL_Driver/Src/stm32l0xx_hal_cortex.o
 .ARM.attributes
                0x0000000000000300       0x2c ./Drivers/STM32L0xx_HAL_Driver/Src/stm32l0xx_hal_dma.o
 .ARM.attributes
                0x000000000000032c       0x2c ./Drivers/STM32L0xx_HAL_Driver/Src/stm32l0xx_hal_gpio.o
 .ARM.attributes
                0x0000000000000358       0x2c ./Drivers/STM32L0xx_HAL_Driver/Src/stm32l0xx_hal_i2c.o
 .ARM.attributes
                0x0000000000000384       0x2c ./Drivers/STM32L0xx_HAL_Driver/Src/stm32l0xx_hal_i2c_ex.o
 .ARM.attributes
                0x00000000000003b0       0x2c ./Drivers/STM32L0xx_HAL_Driver/Src/stm32l0xx_hal_rcc.o
 .ARM.attributes
                0x00000000000003dc       0x2c ./Drivers/STM32L0xx_HAL_Driver/Src/stm32l0xx_hal_rcc_ex.o
 .ARM.attributes
                0x0000000000000408       0x2c ./Drivers/STM32L0xx_HAL_Driver/Src/stm32l0xx_hal_tim.o
 .ARM.attributes
                0x0000000000000434       0x2c ./Drivers/STM32L0xx_HAL_Driver/Src/stm32l0xx_hal_tim_ex.o
 .ARM.attributes
                0x0000000000000460       0x2c ./Drivers/STM32L0xx_HAL_Driver/Src/stm32l0xx_hal_uart.o
 .ARM.attributes
                0x000000000000048c       0x2c ./Drivers/STM32L0xx_HAL_Driver/Src/stm32l0xx_hal_uart_ex.o
 .ARM.attributes
                0x00000000000004b8       0x2c c:/st/stm32cubeide_1.9.0/stm32cubeide/plugins/com.st.stm32cube.ide.mcu.externaltools.gnu-tools-for-stm32.10.3-2021.10.win32_1.0.0.202111181127/tools/bin/../lib/gcc/arm-none-eabi/10.3.1/../../../../arm-none-eabi/lib/thumb/v6-m/nofp\libc_nano.a(lib_a-errno.o)
 .ARM.attributes
                0x00000000000004e4       0x2c c:/st/stm32cubeide_1.9.0/stm32cubeide/plugins/com.st.stm32cube.ide.mcu.externaltools.gnu-tools-for-stm32.10.3-2021.10.win32_1.0.0.202111181127/tools/bin/../lib/gcc/arm-none-eabi/10.3.1/../../../../arm-none-eabi/lib/thumb/v6-m/nofp\libc_nano.a(lib_a-impure.o)
 .ARM.attributes
                0x0000000000000510       0x2c c:/st/stm32cubeide_1.9.0/stm32cubeide/plugins/com.st.stm32cube.ide.mcu.externaltools.gnu-tools-for-stm32.10.3-2021.10.win32_1.0.0.202111181127/tools/bin/../lib/gcc/arm-none-eabi/10.3.1/../../../../arm-none-eabi/lib/thumb/v6-m/nofp\libc_nano.a(lib_a-init.o)
 .ARM.attributes
                0x000000000000053c       0x2c c:/st/stm32cubeide_1.9.0/stm32cubeide/plugins/com.st.stm32cube.ide.mcu.externaltools.gnu-tools-for-stm32.10.3-2021.10.win32_1.0.0.202111181127/tools/bin/../lib/gcc/arm-none-eabi/10.3.1/../../../../arm-none-eabi/lib/thumb/v6-m/nofp\libc_nano.a(lib_a-memcpy-stub.o)
 .ARM.attributes
                0x0000000000000568       0x2c c:/st/stm32cubeide_1.9.0/stm32cubeide/plugins/com.st.stm32cube.ide.mcu.externaltools.gnu-tools-for-stm32.10.3-2021.10.win32_1.0.0.202111181127/tools/bin/../lib/gcc/arm-none-eabi/10.3.1/../../../../arm-none-eabi/lib/thumb/v6-m/nofp\libc_nano.a(lib_a-memset.o)
 .ARM.attributes
                0x0000000000000594       0x2c c:/st/stm32cubeide_1.9.0/stm32cubeide/plugins/com.st.stm32cube.ide.mcu.externaltools.gnu-tools-for-stm32.10.3-2021.10.win32_1.0.0.202111181127/tools/bin/../lib/gcc/arm-none-eabi/10.3.1/../../../../arm-none-eabi/lib/thumb/v6-m/nofp\libc_nano.a(lib_a-sprintf.o)
 .ARM.attributes
                0x00000000000005c0       0x1c c:/st/stm32cubeide_1.9.0/stm32cubeide/plugins/com.st.stm32cube.ide.mcu.externaltools.gnu-tools-for-stm32.10.3-2021.10.win32_1.0.0.202111181127/tools/bin/../lib/gcc/arm-none-eabi/10.3.1/../../../../arm-none-eabi/lib/thumb/v6-m/nofp\libc_nano.a(lib_a-strlen.o)
 .ARM.attributes
                0x00000000000005dc       0x2c c:/st/stm32cubeide_1.9.0/stm32cubeide/plugins/com.st.stm32cube.ide.mcu.externaltools.gnu-tools-for-stm32.10.3-2021.10.win32_1.0.0.202111181127/tools/bin/../lib/gcc/arm-none-eabi/10.3.1/../../../../arm-none-eabi/lib/thumb/v6-m/nofp\libc_nano.a(lib_a-nano-svfprintf.o)
 .ARM.attributes
                0x0000000000000608       0x2c c:/st/stm32cubeide_1.9.0/stm32cubeide/plugins/com.st.stm32cube.ide.mcu.externaltools.gnu-tools-for-stm32.10.3-2021.10.win32_1.0.0.202111181127/tools/bin/../lib/gcc/arm-none-eabi/10.3.1/../../../../arm-none-eabi/lib/thumb/v6-m/nofp\libc_nano.a(lib_a-nano-vfprintf_i.o)
 .ARM.attributes
                0x0000000000000634       0x2c c:/st/stm32cubeide_1.9.0/stm32cubeide/plugins/com.st.stm32cube.ide.mcu.externaltools.gnu-tools-for-stm32.10.3-2021.10.win32_1.0.0.202111181127/tools/bin/../lib/gcc/arm-none-eabi/10.3.1/../../../../arm-none-eabi/lib/thumb/v6-m/nofp\libc_nano.a(lib_a-memchr-stub.o)
 .ARM.attributes
                0x0000000000000660       0x2c c:/st/stm32cubeide_1.9.0/stm32cubeide/plugins/com.st.stm32cube.ide.mcu.externaltools.gnu-tools-for-stm32.10.3-2021.10.win32_1.0.0.202111181127/tools/bin/../lib/gcc/arm-none-eabi/10.3.1/../../../../arm-none-eabi/lib/thumb/v6-m/nofp\libc_nano.a(lib_a-memmove.o)
 .ARM.attributes
                0x000000000000068c       0x2c c:/st/stm32cubeide_1.9.0/stm32cubeide/plugins/com.st.stm32cube.ide.mcu.externaltools.gnu-tools-for-stm32.10.3-2021.10.win32_1.0.0.202111181127/tools/bin/../lib/gcc/arm-none-eabi/10.3.1/../../../../arm-none-eabi/lib/thumb/v6-m/nofp\libc_nano.a(lib_a-nano-freer.o)
 .ARM.attributes
                0x00000000000006b8       0x2c c:/st/stm32cubeide_1.9.0/stm32cubeide/plugins/com.st.stm32cube.ide.mcu.externaltools.gnu-tools-for-stm32.10.3-2021.10.win32_1.0.0.202111181127/tools/bin/../lib/gcc/arm-none-eabi/10.3.1/../../../../arm-none-eabi/lib/thumb/v6-m/nofp\libc_nano.a(lib_a-nano-mallocr.o)
 .ARM.attributes
                0x00000000000006e4       0x2c c:/st/stm32cubeide_1.9.0/stm32cubeide/plugins/com.st.stm32cube.ide.mcu.externaltools.gnu-tools-for-stm32.10.3-2021.10.win32_1.0.0.202111181127/tools/bin/../lib/gcc/arm-none-eabi/10.3.1/../../../../arm-none-eabi/lib/thumb/v6-m/nofp\libc_nano.a(lib_a-nano-reallocr.o)
 .ARM.attributes
                0x0000000000000710       0x2c c:/st/stm32cubeide_1.9.0/stm32cubeide/plugins/com.st.stm32cube.ide.mcu.externaltools.gnu-tools-for-stm32.10.3-2021.10.win32_1.0.0.202111181127/tools/bin/../lib/gcc/arm-none-eabi/10.3.1/../../../../arm-none-eabi/lib/thumb/v6-m/nofp\libc_nano.a(lib_a-sbrkr.o)
 .ARM.attributes
                0x000000000000073c       0x2c c:/st/stm32cubeide_1.9.0/stm32cubeide/plugins/com.st.stm32cube.ide.mcu.externaltools.gnu-tools-for-stm32.10.3-2021.10.win32_1.0.0.202111181127/tools/bin/../lib/gcc/arm-none-eabi/10.3.1/../../../../arm-none-eabi/lib/thumb/v6-m/nofp\libc_nano.a(lib_a-mlock.o)
 .ARM.attributes
                0x0000000000000768       0x2c c:/st/stm32cubeide_1.9.0/stm32cubeide/plugins/com.st.stm32cube.ide.mcu.externaltools.gnu-tools-for-stm32.10.3-2021.10.win32_1.0.0.202111181127/tools/bin/../lib/gcc/arm-none-eabi/10.3.1/../../../../arm-none-eabi/lib/thumb/v6-m/nofp\libc_nano.a(lib_a-nano-msizer.o)
 .ARM.attributes
                0x0000000000000794       0x2c c:/st/stm32cubeide_1.9.0/stm32cubeide/plugins/com.st.stm32cube.ide.mcu.externaltools.gnu-tools-for-stm32.10.3-2021.10.win32_1.0.0.202111181127/tools/bin/../lib/gcc/arm-none-eabi/10.3.1/../../../../arm-none-eabi/lib/thumb/v6-m/nofp\libc_nano.a(lib_a-reent.o)
 .ARM.attributes
                0x00000000000007c0       0x2c c:/st/stm32cubeide_1.9.0/stm32cubeide/plugins/com.st.stm32cube.ide.mcu.externaltools.gnu-tools-for-stm32.10.3-2021.10.win32_1.0.0.202111181127/tools/bin/../lib/gcc/arm-none-eabi/10.3.1/../../../../arm-none-eabi/lib/thumb/v6-m/nofp\libc_nano.a(lib_a-lock.o)
 .ARM.attributes
                0x00000000000007ec       0x1e c:/st/stm32cubeide_1.9.0/stm32cubeide/plugins/com.st.stm32cube.ide.mcu.externaltools.gnu-tools-for-stm32.10.3-2021.10.win32_1.0.0.202111181127/tools/bin/../lib/gcc/arm-none-eabi/10.3.1/thumb/v6-m/nofp\libgcc.a(_thumb1_case_shi.o)
 .ARM.attributes
                0x000000000000080a       0x1e c:/st/stm32cubeide_1.9.0/stm32cubeide/plugins/com.st.stm32cube.ide.mcu.externaltools.gnu-tools-for-stm32.10.3-2021.10.win32_1.0.0.202111181127/tools/bin/../lib/gcc/arm-none-eabi/10.3.1/thumb/v6-m/nofp\libgcc.a(_udivsi3.o)
 .ARM.attributes
                0x0000000000000828       0x1e c:/st/stm32cubeide_1.9.0/stm32cubeide/plugins/com.st.stm32cube.ide.mcu.externaltools.gnu-tools-for-stm32.10.3-2021.10.win32_1.0.0.202111181127/tools/bin/../lib/gcc/arm-none-eabi/10.3.1/thumb/v6-m/nofp\libgcc.a(_divsi3.o)
 .ARM.attributes
                0x0000000000000846       0x1e c:/st/stm32cubeide_1.9.0/stm32cubeide/plugins/com.st.stm32cube.ide.mcu.externaltools.gnu-tools-for-stm32.10.3-2021.10.win32_1.0.0.202111181127/tools/bin/../lib/gcc/arm-none-eabi/10.3.1/thumb/v6-m/nofp\libgcc.a(_dvmd_tls.o)
 .ARM.attributes
                0x0000000000000864       0x1e c:/st/stm32cubeide_1.9.0/stm32cubeide/plugins/com.st.stm32cube.ide.mcu.externaltools.gnu-tools-for-stm32.10.3-2021.10.win32_1.0.0.202111181127/tools/bin/../lib/gcc/arm-none-eabi/10.3.1/thumb/v6-m/nofp\libgcc.a(_aeabi_uldivmod.o)
 .ARM.attributes
                0x0000000000000882       0x2c c:/st/stm32cubeide_1.9.0/stm32cubeide/plugins/com.st.stm32cube.ide.mcu.externaltools.gnu-tools-for-stm32.10.3-2021.10.win32_1.0.0.202111181127/tools/bin/../lib/gcc/arm-none-eabi/10.3.1/thumb/v6-m/nofp\libgcc.a(_muldi3.o)
 .ARM.attributes
                0x00000000000008ae       0x2c c:/st/stm32cubeide_1.9.0/stm32cubeide/plugins/com.st.stm32cube.ide.mcu.externaltools.gnu-tools-for-stm32.10.3-2021.10.win32_1.0.0.202111181127/tools/bin/../lib/gcc/arm-none-eabi/10.3.1/thumb/v6-m/nofp\libgcc.a(_udivmoddi4.o)
 .ARM.attributes
                0x00000000000008da       0x1e c:/st/stm32cubeide_1.9.0/stm32cubeide/plugins/com.st.stm32cube.ide.mcu.externaltools.gnu-tools-for-stm32.10.3-2021.10.win32_1.0.0.202111181127/tools/bin/../lib/gcc/arm-none-eabi/10.3.1/thumb/v6-m/nofp\libgcc.a(_clzdi2.o)
 .ARM.attributes
                0x00000000000008f8       0x1e c:/st/stm32cubeide_1.9.0/stm32cubeide/plugins/com.st.stm32cube.ide.mcu.externaltools.gnu-tools-for-stm32.10.3-2021.10.win32_1.0.0.202111181127/tools/bin/../lib/gcc/arm-none-eabi/10.3.1/thumb/v6-m/nofp\libgcc.a(_clzsi2.o)
 .ARM.attributes
                0x0000000000000916       0x1e c:/st/stm32cubeide_1.9.0/stm32cubeide/plugins/com.st.stm32cube.ide.mcu.externaltools.gnu-tools-for-stm32.10.3-2021.10.win32_1.0.0.202111181127/tools/bin/../lib/gcc/arm-none-eabi/10.3.1/thumb/v6-m/nofp/crtn.o
OUTPUT(Szeloba.elf elf32-littlearm)
LOAD linker stubs
LOAD c:/st/stm32cubeide_1.9.0/stm32cubeide/plugins/com.st.stm32cube.ide.mcu.externaltools.gnu-tools-for-stm32.10.3-2021.10.win32_1.0.0.202111181127/tools/bin/../lib/gcc/arm-none-eabi/10.3.1/../../../../arm-none-eabi/lib/thumb/v6-m/nofp\libc.a
LOAD c:/st/stm32cubeide_1.9.0/stm32cubeide/plugins/com.st.stm32cube.ide.mcu.externaltools.gnu-tools-for-stm32.10.3-2021.10.win32_1.0.0.202111181127/tools/bin/../lib/gcc/arm-none-eabi/10.3.1/../../../../arm-none-eabi/lib/thumb/v6-m/nofp\libm.a
LOAD c:/st/stm32cubeide_1.9.0/stm32cubeide/plugins/com.st.stm32cube.ide.mcu.externaltools.gnu-tools-for-stm32.10.3-2021.10.win32_1.0.0.202111181127/tools/bin/../lib/gcc/arm-none-eabi/10.3.1/thumb/v6-m/nofp\libgcc.a

.debug_info     0x0000000000000000    0x142a9
 .debug_info    0x0000000000000000      0x4d5 ./Core/Src/gpio.o
 .debug_info    0x00000000000004d5      0x990 ./Core/Src/i2c.o
 .debug_info    0x0000000000000e65      0xdc0 ./Core/Src/main.o
 .debug_info    0x0000000000001c25      0x6f6 ./Core/Src/misc.o
 .debug_info    0x000000000000231b     0x1183 ./Core/Src/ssd1306.o
 .debug_info    0x000000000000349e      0xad0 ./Core/Src/ssd1306_adds.o
 .debug_info    0x0000000000003f6e      0x27a ./Core/Src/ssd1306_fonts.o
 .debug_info    0x00000000000041e8      0x1e3 ./Core/Src/stm32l0xx_hal_msp.o
 .debug_info    0x00000000000043cb      0xa76 ./Core/Src/stm32l0xx_it.o
 .debug_info    0x0000000000004e41      0x171 ./Core/Src/sysmem.o
 .debug_info    0x0000000000004fb2      0x309 ./Core/Src/system_stm32l0xx.o
 .debug_info    0x00000000000052bb      0xca5 ./Core/Src/tim.o
 .debug_info    0x0000000000005f60      0xad4 ./Core/Src/usart.o
 .debug_info    0x0000000000006a34       0x22 ./Core/Startup/startup_stm32l073rztx.o
 .debug_info    0x0000000000006a56      0x8ed ./Drivers/STM32L0xx_HAL_Driver/Src/stm32l0xx_hal.o
 .debug_info    0x0000000000007343      0x8e1 ./Drivers/STM32L0xx_HAL_Driver/Src/stm32l0xx_hal_cortex.o
 .debug_info    0x0000000000007c24      0x75b ./Drivers/STM32L0xx_HAL_Driver/Src/stm32l0xx_hal_dma.o
 .debug_info    0x000000000000837f      0x6aa ./Drivers/STM32L0xx_HAL_Driver/Src/stm32l0xx_hal_gpio.o
 .debug_info    0x0000000000008a29     0x2156 ./Drivers/STM32L0xx_HAL_Driver/Src/stm32l0xx_hal_i2c.o
 .debug_info    0x000000000000ab7f      0x8f3 ./Drivers/STM32L0xx_HAL_Driver/Src/stm32l0xx_hal_i2c_ex.o
 .debug_info    0x000000000000b472      0xa80 ./Drivers/STM32L0xx_HAL_Driver/Src/stm32l0xx_hal_rcc.o
 .debug_info    0x000000000000bef2      0x875 ./Drivers/STM32L0xx_HAL_Driver/Src/stm32l0xx_hal_rcc_ex.o
 .debug_info    0x000000000000c767     0x29ed ./Drivers/STM32L0xx_HAL_Driver/Src/stm32l0xx_hal_tim.o
 .debug_info    0x000000000000f154      0x6f2 ./Drivers/STM32L0xx_HAL_Driver/Src/stm32l0xx_hal_tim_ex.o
 .debug_info    0x000000000000f846     0x3c8a ./Drivers/STM32L0xx_HAL_Driver/Src/stm32l0xx_hal_uart.o
 .debug_info    0x00000000000134d0      0xdd9 ./Drivers/STM32L0xx_HAL_Driver/Src/stm32l0xx_hal_uart_ex.o

.debug_abbrev   0x0000000000000000     0x315d
 .debug_abbrev  0x0000000000000000      0x164 ./Core/Src/gpio.o
 .debug_abbrev  0x0000000000000164      0x1f7 ./Core/Src/i2c.o
 .debug_abbrev  0x000000000000035b      0x2d3 ./Core/Src/main.o
 .debug_abbrev  0x000000000000062e      0x185 ./Core/Src/misc.o
 .debug_abbrev  0x00000000000007b3      0x314 ./Core/Src/ssd1306.o
 .debug_abbrev  0x0000000000000ac7      0x2c6 ./Core/Src/ssd1306_adds.o
 .debug_abbrev  0x0000000000000d8d      0x111 ./Core/Src/ssd1306_fonts.o
 .debug_abbrev  0x0000000000000e9e       0x9d ./Core/Src/stm32l0xx_hal_msp.o
 .debug_abbrev  0x0000000000000f3b      0x195 ./Core/Src/stm32l0xx_it.o
 .debug_abbrev  0x00000000000010d0       0xbb ./Core/Src/sysmem.o
 .debug_abbrev  0x000000000000118b      0x116 ./Core/Src/system_stm32l0xx.o
 .debug_abbrev  0x00000000000012a1      0x21d ./Core/Src/tim.o
 .debug_abbrev  0x00000000000014be      0x1f3 ./Core/Src/usart.o
 .debug_abbrev  0x00000000000016b1       0x12 ./Core/Startup/startup_stm32l073rztx.o
 .debug_abbrev  0x00000000000016c3      0x29a ./Drivers/STM32L0xx_HAL_Driver/Src/stm32l0xx_hal.o
 .debug_abbrev  0x000000000000195d      0x28e ./Drivers/STM32L0xx_HAL_Driver/Src/stm32l0xx_hal_cortex.o
 .debug_abbrev  0x0000000000001beb      0x1c6 ./Drivers/STM32L0xx_HAL_Driver/Src/stm32l0xx_hal_dma.o
 .debug_abbrev  0x0000000000001db1      0x1bb ./Drivers/STM32L0xx_HAL_Driver/Src/stm32l0xx_hal_gpio.o
 .debug_abbrev  0x0000000000001f6c      0x254 ./Drivers/STM32L0xx_HAL_Driver/Src/stm32l0xx_hal_i2c.o
 .debug_abbrev  0x00000000000021c0      0x1a7 ./Drivers/STM32L0xx_HAL_Driver/Src/stm32l0xx_hal_i2c_ex.o
 .debug_abbrev  0x0000000000002367      0x28e ./Drivers/STM32L0xx_HAL_Driver/Src/stm32l0xx_hal_rcc.o
 .debug_abbrev  0x00000000000025f5      0x20d ./Drivers/STM32L0xx_HAL_Driver/Src/stm32l0xx_hal_rcc_ex.o
 .debug_abbrev  0x0000000000002802      0x259 ./Drivers/STM32L0xx_HAL_Driver/Src/stm32l0xx_hal_tim.o
 .debug_abbrev  0x0000000000002a5b      0x195 ./Drivers/STM32L0xx_HAL_Driver/Src/stm32l0xx_hal_tim_ex.o
 .debug_abbrev  0x0000000000002bf0      0x2cb ./Drivers/STM32L0xx_HAL_Driver/Src/stm32l0xx_hal_uart.o
 .debug_abbrev  0x0000000000002ebb      0x2a2 ./Drivers/STM32L0xx_HAL_Driver/Src/stm32l0xx_hal_uart_ex.o

.debug_aranges  0x0000000000000000     0x1168
 .debug_aranges
                0x0000000000000000       0x20 ./Core/Src/gpio.o
 .debug_aranges
                0x0000000000000020       0x30 ./Core/Src/i2c.o
 .debug_aranges
                0x0000000000000050       0x48 ./Core/Src/main.o
 .debug_aranges
                0x0000000000000098       0x20 ./Core/Src/misc.o
 .debug_aranges
                0x00000000000000b8      0x100 ./Core/Src/ssd1306.o
 .debug_aranges
                0x00000000000001b8       0xb8 ./Core/Src/ssd1306_adds.o
 .debug_aranges
                0x0000000000000270       0x20 ./Core/Src/ssd1306_fonts.o
 .debug_aranges
                0x0000000000000290       0x20 ./Core/Src/stm32l0xx_hal_msp.o
 .debug_aranges
                0x00000000000002b0       0x68 ./Core/Src/stm32l0xx_it.o
 .debug_aranges
                0x0000000000000318       0x20 ./Core/Src/sysmem.o
 .debug_aranges
                0x0000000000000338       0x28 ./Core/Src/system_stm32l0xx.o
 .debug_aranges
                0x0000000000000360       0x50 ./Core/Src/tim.o
 .debug_aranges
                0x00000000000003b0       0x30 ./Core/Src/usart.o
 .debug_aranges
                0x00000000000003e0       0x28 ./Core/Startup/startup_stm32l073rztx.o
 .debug_aranges
                0x0000000000000408      0x110 ./Drivers/STM32L0xx_HAL_Driver/Src/stm32l0xx_hal.o
 .debug_aranges
                0x0000000000000518       0xd8 ./Drivers/STM32L0xx_HAL_Driver/Src/stm32l0xx_hal_cortex.o
 .debug_aranges
                0x00000000000005f0       0x80 ./Drivers/STM32L0xx_HAL_Driver/Src/stm32l0xx_hal_dma.o
 .debug_aranges
                0x0000000000000670       0x58 ./Drivers/STM32L0xx_HAL_Driver/Src/stm32l0xx_hal_gpio.o
 .debug_aranges
                0x00000000000006c8      0x290 ./Drivers/STM32L0xx_HAL_Driver/Src/stm32l0xx_hal_i2c.o
 .debug_aranges
                0x0000000000000958       0x48 ./Drivers/STM32L0xx_HAL_Driver/Src/stm32l0xx_hal_i2c_ex.o
 .debug_aranges
                0x00000000000009a0       0x80 ./Drivers/STM32L0xx_HAL_Driver/Src/stm32l0xx_hal_rcc.o
 .debug_aranges
                0x0000000000000a20       0xb0 ./Drivers/STM32L0xx_HAL_Driver/Src/stm32l0xx_hal_rcc_ex.o
 .debug_aranges
                0x0000000000000ad0      0x3d0 ./Drivers/STM32L0xx_HAL_Driver/Src/stm32l0xx_hal_tim.o
 .debug_aranges
                0x0000000000000ea0       0x28 ./Drivers/STM32L0xx_HAL_Driver/Src/stm32l0xx_hal_tim_ex.o
 .debug_aranges
                0x0000000000000ec8      0x228 ./Drivers/STM32L0xx_HAL_Driver/Src/stm32l0xx_hal_uart.o
 .debug_aranges
                0x00000000000010f0       0x78 ./Drivers/STM32L0xx_HAL_Driver/Src/stm32l0xx_hal_uart_ex.o

.debug_ranges   0x0000000000000000     0x1000
 .debug_ranges  0x0000000000000000       0x10 ./Core/Src/gpio.o
 .debug_ranges  0x0000000000000010       0x20 ./Core/Src/i2c.o
 .debug_ranges  0x0000000000000030       0x38 ./Core/Src/main.o
 .debug_ranges  0x0000000000000068       0x10 ./Core/Src/misc.o
 .debug_ranges  0x0000000000000078       0xf0 ./Core/Src/ssd1306.o
 .debug_ranges  0x0000000000000168       0xa8 ./Core/Src/ssd1306_adds.o
 .debug_ranges  0x0000000000000210       0x10 ./Core/Src/ssd1306_fonts.o
 .debug_ranges  0x0000000000000220       0x10 ./Core/Src/stm32l0xx_hal_msp.o
 .debug_ranges  0x0000000000000230       0x58 ./Core/Src/stm32l0xx_it.o
 .debug_ranges  0x0000000000000288       0x10 ./Core/Src/sysmem.o
 .debug_ranges  0x0000000000000298       0x18 ./Core/Src/system_stm32l0xx.o
 .debug_ranges  0x00000000000002b0       0x40 ./Core/Src/tim.o
 .debug_ranges  0x00000000000002f0       0x20 ./Core/Src/usart.o
 .debug_ranges  0x0000000000000310       0x20 ./Core/Startup/startup_stm32l073rztx.o
 .debug_ranges  0x0000000000000330      0x100 ./Drivers/STM32L0xx_HAL_Driver/Src/stm32l0xx_hal.o
 .debug_ranges  0x0000000000000430       0xc8 ./Drivers/STM32L0xx_HAL_Driver/Src/stm32l0xx_hal_cortex.o
 .debug_ranges  0x00000000000004f8       0x70 ./Drivers/STM32L0xx_HAL_Driver/Src/stm32l0xx_hal_dma.o
 .debug_ranges  0x0000000000000568       0x48 ./Drivers/STM32L0xx_HAL_Driver/Src/stm32l0xx_hal_gpio.o
 .debug_ranges  0x00000000000005b0      0x280 ./Drivers/STM32L0xx_HAL_Driver/Src/stm32l0xx_hal_i2c.o
 .debug_ranges  0x0000000000000830       0x38 ./Drivers/STM32L0xx_HAL_Driver/Src/stm32l0xx_hal_i2c_ex.o
 .debug_ranges  0x0000000000000868       0x70 ./Drivers/STM32L0xx_HAL_Driver/Src/stm32l0xx_hal_rcc.o
 .debug_ranges  0x00000000000008d8       0xa0 ./Drivers/STM32L0xx_HAL_Driver/Src/stm32l0xx_hal_rcc_ex.o
 .debug_ranges  0x0000000000000978      0x3c0 ./Drivers/STM32L0xx_HAL_Driver/Src/stm32l0xx_hal_tim.o
 .debug_ranges  0x0000000000000d38       0x18 ./Drivers/STM32L0xx_HAL_Driver/Src/stm32l0xx_hal_tim_ex.o
 .debug_ranges  0x0000000000000d50      0x248 ./Drivers/STM32L0xx_HAL_Driver/Src/stm32l0xx_hal_uart.o
 .debug_ranges  0x0000000000000f98       0x68 ./Drivers/STM32L0xx_HAL_Driver/Src/stm32l0xx_hal_uart_ex.o

.debug_macro    0x0000000000000000    0x1737b
 .debug_macro   0x0000000000000000      0x1e7 ./Core/Src/gpio.o
 .debug_macro   0x00000000000001e7      0xa4e ./Core/Src/gpio.o
 .debug_macro   0x0000000000000c35      0x125 ./Core/Src/gpio.o
 .debug_macro   0x0000000000000d5a       0x2e ./Core/Src/gpio.o
 .debug_macro   0x0000000000000d88       0x28 ./Core/Src/gpio.o
 .debug_macro   0x0000000000000db0       0x22 ./Core/Src/gpio.o
 .debug_macro   0x0000000000000dd2       0x8e ./Core/Src/gpio.o
 .debug_macro   0x0000000000000e60       0x51 ./Core/Src/gpio.o
 .debug_macro   0x0000000000000eb1      0x103 ./Core/Src/gpio.o
 .debug_macro   0x0000000000000fb4       0x6a ./Core/Src/gpio.o
 .debug_macro   0x000000000000101e      0x1df ./Core/Src/gpio.o
 .debug_macro   0x00000000000011fd       0x1c ./Core/Src/gpio.o
 .debug_macro   0x0000000000001219       0x22 ./Core/Src/gpio.o
 .debug_macro   0x000000000000123b       0xaf ./Core/Src/gpio.o
 .debug_macro   0x00000000000012ea      0x4da ./Core/Src/gpio.o
 .debug_macro   0x00000000000017c4      0x11f ./Core/Src/gpio.o
 .debug_macro   0x00000000000018e3     0xa44c ./Core/Src/gpio.o
 .debug_macro   0x000000000000bd2f       0x66 ./Core/Src/gpio.o
 .debug_macro   0x000000000000bd95     0x355c ./Core/Src/gpio.o
 .debug_macro   0x000000000000f2f1      0x174 ./Core/Src/gpio.o
 .debug_macro   0x000000000000f465       0x5b ./Core/Src/gpio.o
 .debug_macro   0x000000000000f4c0      0x8eb ./Core/Src/gpio.o
 .debug_macro   0x000000000000fdab      0xbb4 ./Core/Src/gpio.o
 .debug_macro   0x000000000001095f      0x197 ./Core/Src/gpio.o
 .debug_macro   0x0000000000010af6      0x13f ./Core/Src/gpio.o
 .debug_macro   0x0000000000010c35      0x1d1 ./Core/Src/gpio.o
 .debug_macro   0x0000000000010e06       0x82 ./Core/Src/gpio.o
 .debug_macro   0x0000000000010e88      0x28e ./Core/Src/gpio.o
 .debug_macro   0x0000000000011116      0x1e9 ./Core/Src/gpio.o
 .debug_macro   0x00000000000112ff      0x13e ./Core/Src/gpio.o
 .debug_macro   0x000000000001143d      0x4b5 ./Core/Src/gpio.o
 .debug_macro   0x00000000000118f2      0x22c ./Core/Src/gpio.o
 .debug_macro   0x0000000000011b1e       0x5b ./Core/Src/gpio.o
 .debug_macro   0x0000000000011b79       0xa5 ./Core/Src/gpio.o
 .debug_macro   0x0000000000011c1e      0x18d ./Core/Src/gpio.o
 .debug_macro   0x0000000000011dab       0x16 ./Core/Src/gpio.o
 .debug_macro   0x0000000000011dc1      0x773 ./Core/Src/gpio.o
 .debug_macro   0x0000000000012534       0xfc ./Core/Src/gpio.o
 .debug_macro   0x0000000000012630      0x5ba ./Core/Src/gpio.o
 .debug_macro   0x0000000000012bea       0x44 ./Core/Src/gpio.o
 .debug_macro   0x0000000000012c2e      0x1a2 ./Core/Src/gpio.o
 .debug_macro   0x0000000000012dd0       0x52 ./Core/Src/gpio.o
 .debug_macro   0x0000000000012e22      0x1e7 ./Core/Src/i2c.o
 .debug_macro   0x0000000000013009      0x40d ./Core/Src/main.o
 .debug_macro   0x0000000000013416       0x52 ./Core/Src/main.o
 .debug_macro   0x0000000000013468       0x18 ./Core/Src/main.o
 .debug_macro   0x0000000000013480       0x3c ./Core/Src/main.o
 .debug_macro   0x00000000000134bc       0x34 ./Core/Src/main.o
 .debug_macro   0x00000000000134f0       0x16 ./Core/Src/main.o
 .debug_macro   0x0000000000013506       0x43 ./Core/Src/main.o
 .debug_macro   0x0000000000013549       0x34 ./Core/Src/main.o
 .debug_macro   0x000000000001357d       0x10 ./Core/Src/main.o
 .debug_macro   0x000000000001358d       0x58 ./Core/Src/main.o
 .debug_macro   0x00000000000135e5       0x71 ./Core/Src/main.o
 .debug_macro   0x0000000000013656       0x1c ./Core/Src/main.o
 .debug_macro   0x0000000000013672      0x12a ./Core/Src/main.o
 .debug_macro   0x000000000001379c      0x341 ./Core/Src/main.o
 .debug_macro   0x0000000000013add       0x10 ./Core/Src/main.o
 .debug_macro   0x0000000000013aed       0x35 ./Core/Src/main.o
 .debug_macro   0x0000000000013b22       0x20 ./Core/Src/main.o
 .debug_macro   0x0000000000013b42       0x16 ./Core/Src/main.o
 .debug_macro   0x0000000000013b58       0x16 ./Core/Src/main.o
 .debug_macro   0x0000000000013b6e       0x29 ./Core/Src/main.o
 .debug_macro   0x0000000000013b97       0x1d ./Core/Src/main.o
 .debug_macro   0x0000000000013bb4       0x22 ./Core/Src/main.o
 .debug_macro   0x0000000000013bd6       0x1c ./Core/Src/main.o
 .debug_macro   0x0000000000013bf2       0x10 ./Core/Src/main.o
 .debug_macro   0x0000000000013c02       0x10 ./Core/Src/main.o
 .debug_macro   0x0000000000013c12       0x1c ./Core/Src/main.o
 .debug_macro   0x0000000000013c2e       0x52 ./Core/Src/main.o
 .debug_macro   0x0000000000013c80       0x22 ./Core/Src/main.o
 .debug_macro   0x0000000000013ca2       0x10 ./Core/Src/main.o
 .debug_macro   0x0000000000013cb2       0x52 ./Core/Src/main.o
 .debug_macro   0x0000000000013d04       0xd5 ./Core/Src/main.o
 .debug_macro   0x0000000000013dd9       0x1c ./Core/Src/main.o
 .debug_macro   0x0000000000013df5       0x3d ./Core/Src/main.o
 .debug_macro   0x0000000000013e32       0x16 ./Core/Src/main.o
 .debug_macro   0x0000000000013e48      0x145 ./Core/Src/main.o
 .debug_macro   0x0000000000013f8d       0x34 ./Core/Src/main.o
 .debug_macro   0x0000000000013fc1      0x3db ./Core/Src/misc.o
 .debug_macro   0x000000000001439c       0x16 ./Core/Src/misc.o
 .debug_macro   0x00000000000143b2       0x97 ./Core/Src/misc.o
 .debug_macro   0x0000000000014449       0xfd ./Core/Src/misc.o
 .debug_macro   0x0000000000014546       0x16 ./Core/Src/misc.o
 .debug_macro   0x000000000001455c       0x55 ./Core/Src/misc.o
 .debug_macro   0x00000000000145b1      0x331 ./Core/Src/ssd1306.o
 .debug_macro   0x00000000000148e2      0x407 ./Core/Src/ssd1306_adds.o
 .debug_macro   0x0000000000014ce9       0x58 ./Core/Src/ssd1306_adds.o
 .debug_macro   0x0000000000014d41      0x2a6 ./Core/Src/ssd1306_fonts.o
 .debug_macro   0x0000000000014fe7      0x1dd ./Core/Src/stm32l0xx_hal_msp.o
 .debug_macro   0x00000000000151c4      0x1e7 ./Core/Src/stm32l0xx_it.o
 .debug_macro   0x00000000000153ab       0xff ./Core/Src/sysmem.o
 .debug_macro   0x00000000000154aa      0x23b ./Core/Src/sysmem.o
 .debug_macro   0x00000000000156e5      0x1ce ./Core/Src/system_stm32l0xx.o
 .debug_macro   0x00000000000158b3      0x1e7 ./Core/Src/tim.o
 .debug_macro   0x0000000000015a9a      0x1e7 ./Core/Src/usart.o
 .debug_macro   0x0000000000015c81      0x1f2 ./Drivers/STM32L0xx_HAL_Driver/Src/stm32l0xx_hal.o
 .debug_macro   0x0000000000015e73      0x1ce ./Drivers/STM32L0xx_HAL_Driver/Src/stm32l0xx_hal_cortex.o
 .debug_macro   0x0000000000016041      0x1ce ./Drivers/STM32L0xx_HAL_Driver/Src/stm32l0xx_hal_dma.o
 .debug_macro   0x000000000001620f      0x1d5 ./Drivers/STM32L0xx_HAL_Driver/Src/stm32l0xx_hal_gpio.o
 .debug_macro   0x00000000000163e4      0x293 ./Drivers/STM32L0xx_HAL_Driver/Src/stm32l0xx_hal_i2c.o
 .debug_macro   0x0000000000016677      0x1ce ./Drivers/STM32L0xx_HAL_Driver/Src/stm32l0xx_hal_i2c_ex.o
 .debug_macro   0x0000000000016845      0x204 ./Drivers/STM32L0xx_HAL_Driver/Src/stm32l0xx_hal_rcc.o
 .debug_macro   0x0000000000016a49      0x1ce ./Drivers/STM32L0xx_HAL_Driver/Src/stm32l0xx_hal_rcc_ex.o
 .debug_macro   0x0000000000016c17      0x1cf ./Drivers/STM32L0xx_HAL_Driver/Src/stm32l0xx_hal_tim.o
 .debug_macro   0x0000000000016de6      0x1ce ./Drivers/STM32L0xx_HAL_Driver/Src/stm32l0xx_hal_tim_ex.o
 .debug_macro   0x0000000000016fb4      0x1f9 ./Drivers/STM32L0xx_HAL_Driver/Src/stm32l0xx_hal_uart.o
 .debug_macro   0x00000000000171ad      0x1ce ./Drivers/STM32L0xx_HAL_Driver/Src/stm32l0xx_hal_uart_ex.o

.debug_line     0x0000000000000000    0x16c94
 .debug_line    0x0000000000000000      0x72e ./Core/Src/gpio.o
 .debug_line    0x000000000000072e      0x76a ./Core/Src/i2c.o
 .debug_line    0x0000000000000e98      0xb60 ./Core/Src/main.o
 .debug_line    0x00000000000019f8      0x956 ./Core/Src/misc.o
 .debug_line    0x000000000000234e     0x1060 ./Core/Src/ssd1306.o
 .debug_line    0x00000000000033ae      0xef1 ./Core/Src/ssd1306_adds.o
 .debug_line    0x000000000000429f      0x860 ./Core/Src/ssd1306_fonts.o
 .debug_line    0x0000000000004aff      0x6ed ./Core/Src/stm32l0xx_hal_msp.o
 .debug_line    0x00000000000051ec      0x7ca ./Core/Src/stm32l0xx_it.o
 .debug_line    0x00000000000059b6      0x4e5 ./Core/Src/sysmem.o
 .debug_line    0x0000000000005e9b      0x79e ./Core/Src/system_stm32l0xx.o
 .debug_line    0x0000000000006639      0x853 ./Core/Src/tim.o
 .debug_line    0x0000000000006e8c      0x760 ./Core/Src/usart.o
 .debug_line    0x00000000000075ec       0x89 ./Core/Startup/startup_stm32l073rztx.o
 .debug_line    0x0000000000007675      0xa41 ./Drivers/STM32L0xx_HAL_Driver/Src/stm32l0xx_hal.o
 .debug_line    0x00000000000080b6      0xb0f ./Drivers/STM32L0xx_HAL_Driver/Src/stm32l0xx_hal_cortex.o
 .debug_line    0x0000000000008bc5      0xc30 ./Drivers/STM32L0xx_HAL_Driver/Src/stm32l0xx_hal_dma.o
 .debug_line    0x00000000000097f5      0xae6 ./Drivers/STM32L0xx_HAL_Driver/Src/stm32l0xx_hal_gpio.o
 .debug_line    0x000000000000a2db     0x32b8 ./Drivers/STM32L0xx_HAL_Driver/Src/stm32l0xx_hal_i2c.o
 .debug_line    0x000000000000d593      0x90b ./Drivers/STM32L0xx_HAL_Driver/Src/stm32l0xx_hal_i2c_ex.o
 .debug_line    0x000000000000de9e      0xecd ./Drivers/STM32L0xx_HAL_Driver/Src/stm32l0xx_hal_rcc.o
 .debug_line    0x000000000000ed6b      0xdf0 ./Drivers/STM32L0xx_HAL_Driver/Src/stm32l0xx_hal_rcc_ex.o
 .debug_line    0x000000000000fb5b     0x2f2e ./Drivers/STM32L0xx_HAL_Driver/Src/stm32l0xx_hal_tim.o
 .debug_line    0x0000000000012a89      0x7c0 ./Drivers/STM32L0xx_HAL_Driver/Src/stm32l0xx_hal_tim_ex.o
 .debug_line    0x0000000000013249     0x2d93 ./Drivers/STM32L0xx_HAL_Driver/Src/stm32l0xx_hal_uart.o
 .debug_line    0x0000000000015fdc      0xcb8 ./Drivers/STM32L0xx_HAL_Driver/Src/stm32l0xx_hal_uart_ex.o

.debug_str      0x0000000000000000    0x86ebe
 .debug_str     0x0000000000000000    0x7d7ee ./Core/Src/gpio.o
                                      0x7db38 (size before relaxing)
 .debug_str     0x000000000007d7ee      0x4d6 ./Core/Src/i2c.o
                                      0x7deac (size before relaxing)
 .debug_str     0x000000000007dcc4     0x48ba ./Core/Src/main.o
                                      0x823e8 (size before relaxing)
 .debug_str     0x000000000008257e      0x215 ./Core/Src/misc.o
                                      0x81ba8 (size before relaxing)
 .debug_str     0x0000000000082793      0x596 ./Core/Src/ssd1306.o
                                      0x810eb (size before relaxing)
 .debug_str     0x0000000000082d29      0x373 ./Core/Src/ssd1306_adds.o
                                      0x81e45 (size before relaxing)
 .debug_str     0x000000000008309c       0x70 ./Core/Src/ssd1306_fonts.o
                                      0x805cc (size before relaxing)
 .debug_str     0x000000000008310c       0x2c ./Core/Src/stm32l0xx_hal_msp.o
                                      0x7d8c1 (size before relaxing)
 .debug_str     0x0000000000083138      0x108 ./Core/Src/stm32l0xx_it.o
                                      0x7e006 (size before relaxing)
 .debug_str     0x0000000000083240      0x4da ./Core/Src/sysmem.o
                                       0x5c87 (size before relaxing)
 .debug_str     0x000000000008371a       0x99 ./Core/Src/system_stm32l0xx.o
                                      0x7d80e (size before relaxing)
 .debug_str     0x00000000000837b3      0x1c0 ./Core/Src/tim.o
                                      0x7e228 (size before relaxing)
 .debug_str     0x0000000000083973       0x51 ./Core/Src/usart.o
                                      0x7dff0 (size before relaxing)
 .debug_str     0x00000000000839c4       0x36 ./Core/Startup/startup_stm32l073rztx.o
                                         0x4d (size before relaxing)
 .debug_str     0x00000000000839fa      0x489 ./Drivers/STM32L0xx_HAL_Driver/Src/stm32l0xx_hal.o
                                      0x7df3f (size before relaxing)
 .debug_str     0x0000000000083e83      0x286 ./Drivers/STM32L0xx_HAL_Driver/Src/stm32l0xx_hal_cortex.o
                                      0x7dc93 (size before relaxing)
 .debug_str     0x0000000000084109      0x267 ./Drivers/STM32L0xx_HAL_Driver/Src/stm32l0xx_hal_dma.o
                                      0x7db82 (size before relaxing)
 .debug_str     0x0000000000084370       0xb8 ./Drivers/STM32L0xx_HAL_Driver/Src/stm32l0xx_hal_gpio.o
                                      0x7d9ae (size before relaxing)
 .debug_str     0x0000000000084428      0xd0b ./Drivers/STM32L0xx_HAL_Driver/Src/stm32l0xx_hal_i2c.o
                                      0x7ea82 (size before relaxing)