Archive member included to satisfy reference by file (symbol)

c:/st/stm32cubeide_1.10.0/stm32cubeide/plugins/com.st.stm32cube.ide.mcu.externaltools.gnu-tools-for-stm32.10.3-2021.10.win32_1.0.0.202111181127/tools/bin/../lib/gcc/arm-none-eabi/10.3.1/../../../../arm-none-eabi/lib/thumb/v6-m/nofp\libc_nano.a(lib_a-errno.o)
                              ./Core/Src/syscalls.o (__errno)
c:/st/stm32cubeide_1.10.0/stm32cubeide/plugins/com.st.stm32cube.ide.mcu.externaltools.gnu-tools-for-stm32.10.3-2021.10.win32_1.0.0.202111181127/tools/bin/../lib/gcc/arm-none-eabi/10.3.1/../../../../arm-none-eabi/lib/thumb/v6-m/nofp\libc_nano.a(lib_a-exit.o)
                              c:/st/stm32cubeide_1.10.0/stm32cubeide/plugins/com.st.stm32cube.ide.mcu.externaltools.gnu-tools-for-stm32.10.3-2021.10.win32_1.0.0.202111181127/tools/bin/../lib/gcc/arm-none-eabi/10.3.1/../../../../arm-none-eabi/lib/thumb/v6-m/nofp/crt0.o (exit)
c:/st/stm32cubeide_1.10.0/stm32cubeide/plugins/com.st.stm32cube.ide.mcu.externaltools.gnu-tools-for-stm32.10.3-2021.10.win32_1.0.0.202111181127/tools/bin/../lib/gcc/arm-none-eabi/10.3.1/../../../../arm-none-eabi/lib/thumb/v6-m/nofp\libc_nano.a(lib_a-impure.o)
                              c:/st/stm32cubeide_1.10.0/stm32cubeide/plugins/com.st.stm32cube.ide.mcu.externaltools.gnu-tools-for-stm32.10.3-2021.10.win32_1.0.0.202111181127/tools/bin/../lib/gcc/arm-none-eabi/10.3.1/../../../../arm-none-eabi/lib/thumb/v6-m/nofp\libc_nano.a(lib_a-exit.o) (_global_impure_ptr)
c:/st/stm32cubeide_1.10.0/stm32cubeide/plugins/com.st.stm32cube.ide.mcu.externaltools.gnu-tools-for-stm32.10.3-2021.10.win32_1.0.0.202111181127/tools/bin/../lib/gcc/arm-none-eabi/10.3.1/../../../../arm-none-eabi/lib/thumb/v6-m/nofp\libc_nano.a(lib_a-init.o)
                              c:/st/stm32cubeide_1.10.0/stm32cubeide/plugins/com.st.stm32cube.ide.mcu.externaltools.gnu-tools-for-stm32.10.3-2021.10.win32_1.0.0.202111181127/tools/bin/../lib/gcc/arm-none-eabi/10.3.1/../../../../arm-none-eabi/lib/thumb/v6-m/nofp/crt0.o (__libc_init_array)
c:/st/stm32cubeide_1.10.0/stm32cubeide/plugins/com.st.stm32cube.ide.mcu.externaltools.gnu-tools-for-stm32.10.3-2021.10.win32_1.0.0.202111181127/tools/bin/../lib/gcc/arm-none-eabi/10.3.1/../../../../arm-none-eabi/lib/thumb/v6-m/nofp\libc_nano.a(lib_a-memcpy-stub.o)
                              ./Core/Src/ssd1306_adds.o (memcpy)
c:/st/stm32cubeide_1.10.0/stm32cubeide/plugins/com.st.stm32cube.ide.mcu.externaltools.gnu-tools-for-stm32.10.3-2021.10.win32_1.0.0.202111181127/tools/bin/../lib/gcc/arm-none-eabi/10.3.1/../../../../arm-none-eabi/lib/thumb/v6-m/nofp\libc_nano.a(lib_a-memset.o)
                              c:/st/stm32cubeide_1.10.0/stm32cubeide/plugins/com.st.stm32cube.ide.mcu.externaltools.gnu-tools-for-stm32.10.3-2021.10.win32_1.0.0.202111181127/tools/bin/../lib/gcc/arm-none-eabi/10.3.1/../../../../arm-none-eabi/lib/thumb/v6-m/nofp/crt0.o (memset)
c:/st/stm32cubeide_1.10.0/stm32cubeide/plugins/com.st.stm32cube.ide.mcu.externaltools.gnu-tools-for-stm32.10.3-2021.10.win32_1.0.0.202111181127/tools/bin/../lib/gcc/arm-none-eabi/10.3.1/../../../../arm-none-eabi/lib/thumb/v6-m/nofp\libc_nano.a(lib_a-sprintf.o)
                              ./Core/Src/ssd1306_adds.o (sprintf)
c:/st/stm32cubeide_1.10.0/stm32cubeide/plugins/com.st.stm32cube.ide.mcu.externaltools.gnu-tools-for-stm32.10.3-2021.10.win32_1.0.0.202111181127/tools/bin/../lib/gcc/arm-none-eabi/10.3.1/../../../../arm-none-eabi/lib/thumb/v6-m/nofp\libc_nano.a(lib_a-strlen.o)
                              ./Core/Src/ssd1306_fonts.o (strlen)
c:/st/stm32cubeide_1.10.0/stm32cubeide/plugins/com.st.stm32cube.ide.mcu.externaltools.gnu-tools-for-stm32.10.3-2021.10.win32_1.0.0.202111181127/tools/bin/../lib/gcc/arm-none-eabi/10.3.1/../../../../arm-none-eabi/lib/thumb/v6-m/nofp\libc_nano.a(lib_a-nano-svfprintf.o)
                              c:/st/stm32cubeide_1.10.0/stm32cubeide/plugins/com.st.stm32cube.ide.mcu.externaltools.gnu-tools-for-stm32.10.3-2021.10.win32_1.0.0.202111181127/tools/bin/../lib/gcc/arm-none-eabi/10.3.1/../../../../arm-none-eabi/lib/thumb/v6-m/nofp\libc_nano.a(lib_a-sprintf.o) (_svfprintf_r)
c:/st/stm32cubeide_1.10.0/stm32cubeide/plugins/com.st.stm32cube.ide.mcu.externaltools.gnu-tools-for-stm32.10.3-2021.10.win32_1.0.0.202111181127/tools/bin/../lib/gcc/arm-none-eabi/10.3.1/../../../../arm-none-eabi/lib/thumb/v6-m/nofp\libc_nano.a(lib_a-nano-vfprintf_i.o)
                              c:/st/stm32cubeide_1.10.0/stm32cubeide/plugins/com.st.stm32cube.ide.mcu.externaltools.gnu-tools-for-stm32.10.3-2021.10.win32_1.0.0.202111181127/tools/bin/../lib/gcc/arm-none-eabi/10.3.1/../../../../arm-none-eabi/lib/thumb/v6-m/nofp\libc_nano.a(lib_a-nano-svfprintf.o) (_printf_i)
c:/st/stm32cubeide_1.10.0/stm32cubeide/plugins/com.st.stm32cube.ide.mcu.externaltools.gnu-tools-for-stm32.10.3-2021.10.win32_1.0.0.202111181127/tools/bin/../lib/gcc/arm-none-eabi/10.3.1/../../../../arm-none-eabi/lib/thumb/v6-m/nofp\libc_nano.a(lib_a-memchr-stub.o)
[...]
Memory Configuration

Name             Origin             Length             Attributes
RAM              0x0000000020000000 0x0000000000005000 xrw
FLASH            0x0000000008000000 0x0000000000030000 xr
*default*        0x0000000000000000 0xffffffffffffffff

Linker script and memory map

LOAD c:/st/stm32cubeide_1.10.0/stm32cubeide/plugins/com.st.stm32cube.ide.mcu.externaltools.gnu-tools-for-stm32.10.3-2021.10.win32_1.0.0.202111181127/tools/bin/../lib/gcc/arm-none-eabi/10.3.1/thumb/v6-m/nofp/crti.o
LOAD c:/st/stm32cubeide_1.10.0/stm32cubeide/plugins/com.st.stm32cube.ide.mcu.externaltools.gnu-tools-for-stm32.10.3-2021.10.win32_1.0.0.202111181127/tools/bin/../lib/gcc/arm-none-eabi/10.3.1/thumb/v6-m/nofp/crtbegin.o
LOAD c:/st/stm32cubeide_1.10.0/stm32cubeide/plugins/com.st.stm32cube.ide.mcu.externaltools.gnu-tools-for-stm32.10.3-2021.10.win32_1.0.0.202111181127/tools/bin/../lib/gcc/arm-none-eabi/10.3.1/../../../../arm-none-eabi/lib/thumb/v6-m/nofp/crt0.o
LOAD ./Core/Src/gpio.o
LOAD ./Core/Src/i2c.o
LOAD ./Core/Src/main.o
LOAD ./Core/Src/ssd1306.o
LOAD ./Core/Src/ssd1306_adds.o
LOAD ./Core/Src/ssd1306_fonts.o
LOAD ./Core/Src/stepper.o
LOAD ./Core/Src/stm32l0xx_hal_msp.o
LOAD ./Core/Src/stm32l0xx_it.o
LOAD ./Core/Src/syscalls.o
LOAD ./Core/Src/sysmem.o
LOAD ./Core/Src/system_stm32l0xx.o
LOAD ./Core/Src/tim.o
LOAD ./Core/Src/usart.o
LOAD ./Core/Startup/startup_stm32l073rztx.o
LOAD ./Drivers/STM32L0xx_HAL_Driver/Src/stm32l0xx_hal.o
LOAD ./Drivers/STM32L0xx_HAL_Driver/Src/stm32l0xx_hal_cortex.o
LOAD ./Drivers/STM32L0xx_HAL_Driver/Src/stm32l0xx_hal_dma.o
LOAD ./Drivers/STM32L0xx_HAL_Driver/Src/stm32l0xx_hal_exti.o
LOAD ./Drivers/STM32L0xx_HAL_Driver/Src/stm32l0xx_hal_flash.o
LOAD ./Drivers/STM32L0xx_HAL_Driver/Src/stm32l0xx_hal_flash_ex.o
LOAD ./Drivers/STM32L0xx_HAL_Driver/Src/stm32l0xx_hal_flash_ramfunc.o
LOAD ./Drivers/STM32L0xx_HAL_Driver/Src/stm32l0xx_hal_gpio.o
LOAD ./Drivers/STM32L0xx_HAL_Driver/Src/stm32l0xx_hal_i2c.o
LOAD ./Drivers/STM32L0xx_HAL_Driver/Src/stm32l0xx_hal_i2c_ex.o
LOAD ./Drivers/STM32L0xx_HAL_Driver/Src/stm32l0xx_hal_pwr.o
LOAD ./Drivers/STM32L0xx_HAL_Driver/Src/stm32l0xx_hal_pwr_ex.o
LOAD ./Drivers/STM32L0xx_HAL_Driver/Src/stm32l0xx_hal_rcc.o
LOAD ./Drivers/STM32L0xx_HAL_Driver/Src/stm32l0xx_hal_rcc_ex.o
LOAD ./Drivers/STM32L0xx_HAL_Driver/Src/stm32l0xx_hal_tim.o
LOAD ./Drivers/STM32L0xx_HAL_Driver/Src/stm32l0xx_hal_tim_ex.o
LOAD ./Drivers/STM32L0xx_HAL_Driver/Src/stm32l0xx_hal_uart.o
LOAD ./Drivers/STM32L0xx_HAL_Driver/Src/stm32l0xx_hal_uart_ex.o
START GROUP
LOAD c:/st/stm32cubeide_1.10.0/stm32cubeide/plugins/com.st.stm32cube.ide.mcu.externaltools.gnu-tools-for-stm32.10.3-2021.10.win32_1.0.0.202111181127/tools/bin/../lib/gcc/arm-none-eabi/10.3.1/../../../../arm-none-eabi/lib/thumb/v6-m/nofp\libc_nano.a
LOAD c:/st/stm32cubeide_1.10.0/stm32cubeide/plugins/com.st.stm32cube.ide.mcu.externaltools.gnu-tools-for-stm32.10.3-2021.10.win32_1.0.0.202111181127/tools/bin/../lib/gcc/arm-none-eabi/10.3.1/../../../../arm-none-eabi/lib/thumb/v6-m/nofp\libm.a
END GROUP
START GROUP
LOAD c:/st/stm32cubeide_1.10.0/stm32cubeide/plugins/com.st.stm32cube.ide.mcu.externaltools.gnu-tools-for-stm32.10.3-2021.10.win32_1.0.0.202111181127/tools/bin/../lib/gcc/arm-none-eabi/10.3.1/thumb/v6-m/nofp\libgcc.a
LOAD c:/st/stm32cubeide_1.10.0/stm32cubeide/plugins/com.st.stm32cube.ide.mcu.externaltools.gnu-tools-for-stm32.10.3-2021.10.win32_1.0.0.202111181127/tools/bin/../lib/gcc/arm-none-eabi/10.3.1/../../../../arm-none-eabi/lib/thumb/v6-m/nofp\libc_nano.a
END GROUP
START GROUP
LOAD c:/st/stm32cubeide_1.10.0/stm32cubeide/plugins/com.st.stm32cube.ide.mcu.externaltools.gnu-tools-for-stm32.10.3-2021.10.win32_1.0.0.202111181127/tools/bin/../lib/gcc/arm-none-eabi/10.3.1/thumb/v6-m/nofp\libgcc.a
LOAD c:/st/stm32cubeide_1.10.0/stm32cubeide/plugins/com.st.stm32cube.ide.mcu.externaltools.gnu-tools-for-stm32.10.3-2021.10.win32_1.0.0.202111181127/tools/bin/../lib/gcc/arm-none-eabi/10.3.1/../../../../arm-none-eabi/lib/thumb/v6-m/nofp\libc_nano.a
LOAD c:/st/stm32cubeide_1.10.0/stm32cubeide/plugins/com.st.stm32cube.ide.mcu.externaltools.gnu-tools-for-stm32.10.3-2021.10.win32_1.0.0.202111181127/tools/bin/../lib/gcc/arm-none-eabi/10.3.1/../../../../arm-none-eabi/lib/thumb/v6-m/nofp\libnosys.a
END GROUP
START GROUP
LOAD c:/st/stm32cubeide_1.10.0/stm32cubeide/plugins/com.st.stm32cube.ide.mcu.externaltools.gnu-tools-for-stm32.10.3-2021.10.win32_1.0.0.202111181127/tools/bin/../lib/gcc/arm-none-eabi/10.3.1/thumb/v6-m/nofp\libgcc.a
LOAD c:/st/stm32cubeide_1.10.0/stm32cubeide/plugins/com.st.stm32cube.ide.mcu.externaltools.gnu-tools-for-stm32.10.3-2021.10.win32_1.0.0.202111181127/tools/bin/../lib/gcc/arm-none-eabi/10.3.1/../../../../arm-none-eabi/lib/thumb/v6-m/nofp\libc_nano.a
LOAD c:/st/stm32cubeide_1.10.0/stm32cubeide/plugins/com.st.stm32cube.ide.mcu.externaltools.gnu-tools-for-stm32.10.3-2021.10.win32_1.0.0.202111181127/tools/bin/../lib/gcc/arm-none-eabi/10.3.1/../../../../arm-none-eabi/lib/thumb/v6-m/nofp\libnosys.a
END GROUP
LOAD c:/st/stm32cubeide_1.10.0/stm32cubeide/plugins/com.st.stm32cube.ide.mcu.externaltools.gnu-tools-for-stm32.10.3-2021.10.win32_1.0.0.202111181127/tools/bin/../lib/gcc/arm-none-eabi/10.3.1/thumb/v6-m/nofp/crtend.o
LOAD c:/st/stm32cubeide_1.10.0/stm32cubeide/plugins/com.st.stm32cube.ide.mcu.externaltools.gnu-tools-for-stm32.10.3-2021.10.win32_1.0.0.202111181127/tools/bin/../lib/gcc/arm-none-eabi/10.3.1/thumb/v6-m/nofp/crtn.o
                0x0000000020005000                _estack = (ORIGIN (RAM) + LENGTH (RAM))
                0x0000000000000200                _Min_Heap_Size = 0x200
                0x0000000000000400                _Min_Stack_Size = 0x400

.isr_vector     0x0000000008000000       0xc0
                0x0000000008000000                . = ALIGN (0x4)
 *(.isr_vector)
 .isr_vector    0x0000000008000000       0xc0 ./Core/Startup/startup_stm32l073rztx.o
                0x0000000008000000                g_pfnVectors
                0x00000000080000c0                . = ALIGN (0x4)

.text           0x00000000080000c0     0x51b8
                0x00000000080000c0                . = ALIGN (0x4)
 *(.text)
 .text          0x00000000080000c0       0x48 c:/st/stm32cubeide_1.10.0/stm32cubeide/plugins/com.st.stm32cube.ide.mcu.externaltools.gnu-tools-for-stm32.10.3-2021.10.win32_1.0.0.202111181127/tools/bin/../lib/gcc/arm-none-eabi/10.3.1/thumb/v6-m/nofp/crtbegin.o
 .text          0x0000000008000108       0x14 c:/st/stm32cubeide_1.10.0/stm32cubeide/plugins/com.st.stm32cube.ide.mcu.externaltools.gnu-tools-for-stm32.10.3-2021.10.win32_1.0.0.202111181127/tools/bin/../lib/gcc/arm-none-eabi/10.3.1/thumb/v6-m/nofp\libgcc.a(_thumb1_case_shi.o)
                0x0000000008000108                __gnu_thumb1_case_shi
 .text          0x000000000800011c      0x114 c:/st/stm32cubeide_1.10.0/stm32cubeide/plugins/com.st.stm32cube.ide.mcu.externaltools.gnu-tools-for-stm32.10.3-2021.10.win32_1.0.0.202111181127/tools/bin/../lib/gcc/arm-none-eabi/10.3.1/thumb/v6-m/nofp\libgcc.a(_udivsi3.o)
                0x000000000800011c                __aeabi_uidiv
                0x000000000800011c                __udivsi3
                0x0000000008000228                __aeabi_uidivmod
 .text          0x0000000008000230        0x4 c:/st/stm32cubeide_1.10.0/stm32cubeide/plugins/com.st.stm32cube.ide.mcu.externaltools.gnu-tools-for-stm32.10.3-2021.10.win32_1.0.0.202111181127/tools/bin/../lib/gcc/arm-none-eabi/10.3.1/thumb/v6-m/nofp\libgcc.a(_dvmd_tls.o)
                0x0000000008000230                __aeabi_idiv0
                0x0000000008000230                __aeabi_ldiv0
 .text          0x0000000008000234       0x40 c:/st/stm32cubeide_1.10.0/stm32cubeide/plugins/com.st.stm32cube.ide.mcu.externaltools.gnu-tools-for-stm32.10.3-2021.10.win32_1.0.0.202111181127/tools/bin/../lib/gcc/arm-none-eabi/10.3.1/thumb/v6-m/nofp\libgcc.a(_aeabi_uldivmod.o)
                0x0000000008000234                __aeabi_uldivmod
 .text          0x0000000008000274       0x5c c:/st/stm32cubeide_1.10.0/stm32cubeide/plugins/com.st.stm32cube.ide.mcu.externaltools.gnu-tools-for-stm32.10.3-2021.10.win32_1.0.0.202111181127/tools/bin/../lib/gcc/arm-none-eabi/10.3.1/thumb/v6-m/nofp\libgcc.a(_muldi3.o)
                0x0000000008000274                __muldi3
                0x0000000008000274                __aeabi_lmul
 .text          0x00000000080002d0      0x198 c:/st/stm32cubeide_1.10.0/stm32cubeide/plugins/com.st.stm32cube.ide.mcu.externaltools.gnu-tools-for-stm32.10.3-2021.10.win32_1.0.0.202111181127/tools/bin/../lib/gcc/arm-none-eabi/10.3.1/thumb/v6-m/nofp\libgcc.a(_udivmoddi4.o)
                0x00000000080002d0                __udivmoddi4
 .text          0x0000000008000468       0x18 c:/st/stm32cubeide_1.10.0/stm32cubeide/plugins/com.st.stm32cube.ide.mcu.externaltools.gnu-tools-for-stm32.10.3-2021.10.win32_1.0.0.202111181127/tools/bin/../lib/gcc/arm-none-eabi/10.3.1/thumb/v6-m/nofp\libgcc.a(_clzdi2.o)
                0x0000000008000468                __clzdi2
 .text          0x0000000008000480       0x3c c:/st/stm32cubeide_1.10.0/stm32cubeide/plugins/com.st.stm32cube.ide.mcu.externaltools.gnu-tools-for-stm32.10.3-2021.10.win32_1.0.0.202111181127/tools/bin/../lib/gcc/arm-none-eabi/10.3.1/thumb/v6-m/nofp\libgcc.a(_clzsi2.o)
                0x0000000008000480                __clzsi2
 *(.text*)
 .text.MX_GPIO_Init
                0x00000000080004bc      0x12c ./Core/Src/gpio.o
                0x00000000080004bc                MX_GPIO_Init
 .text.MX_I2C1_Init
                0x00000000080005e8       0x60 ./Core/Src/i2c.o
                0x00000000080005e8                MX_I2C1_Init
 .text.HAL_I2C_MspInit
                0x0000000008000648       0x60 ./Core/Src/i2c.o
                0x0000000008000648                HAL_I2C_MspInit
 .text.SystemClock_Config
                0x00000000080006a8       0xa8 ./Core/Src/main.o
                0x00000000080006a8                SystemClock_Config
 .text.main     0x0000000008000750       0x54 ./Core/Src/main.o
                0x0000000008000750                main
 .text.HAL_TIM_IC_CaptureCallback
                0x00000000080007a4       0x34 ./Core/Src/main.o
                0x00000000080007a4                HAL_TIM_IC_CaptureCallback
 .text.HAL_TIM_PeriodElapsedCallback
                0x00000000080007d8      0x2cc ./Core/Src/main.o
                0x00000000080007d8                HAL_TIM_PeriodElapsedCallback
 .text.HAL_GPIO_EXTI_Callback
                0x0000000008000aa4       0x30 ./Core/Src/main.o
                0x0000000008000aa4                HAL_GPIO_EXTI_Callback
 .text.Error_Handler
                0x0000000008000ad4        0x4 ./Core/Src/main.o
                0x0000000008000ad4                Error_Handler
 .text.SSD1306_Fill
                0x0000000008000ad8       0x20 ./Core/Src/ssd1306.o
                0x0000000008000ad8                SSD1306_Fill
 .text.SSD1306_DrawPixel
                0x0000000008000af8       0x54 ./Core/Src/ssd1306.o
                0x0000000008000af8                SSD1306_DrawPixel
 .text.SSD1306_DrawBitmap
                0x0000000008000b4c       0xb2 ./Core/Src/ssd1306.o
                0x0000000008000b4c                SSD1306_DrawBitmap
 *fill*         0x0000000008000bfe        0x2 
 .text.SSD1306_GotoXY
                0x0000000008000c00        0xc ./Core/Src/ssd1306.o
                0x0000000008000c00                SSD1306_GotoXY
 .text.SSD1306_Putc
                0x0000000008000c0c       0xd8 ./Core/Src/ssd1306.o
                0x0000000008000c0c                SSD1306_Putc
 .text.SSD1306_Puts
                0x0000000008000ce4       0x28 ./Core/Src/ssd1306.o
                0x0000000008000ce4                SSD1306_Puts
 .text.SSD1306_DrawLine
                0x0000000008000d0c      0x17e ./Core/Src/ssd1306.o
                0x0000000008000d0c                SSD1306_DrawLine
 .text.SSD1306_DrawRectangle
                0x0000000008000e8a       0x84 ./Core/Src/ssd1306.o
                0x0000000008000e8a                SSD1306_DrawRectangle
 .text.SSD1306_DrawFilledRectangle
                0x0000000008000f0e       0x6e ./Core/Src/ssd1306.o
                0x0000000008000f0e                SSD1306_DrawFilledRectangle
 .text.ssd1306_I2C_WriteMulti
                0x0000000008000f7c       0x38 ./Core/Src/ssd1306.o
                0x0000000008000f7c                ssd1306_I2C_WriteMulti
 .text.ssd1306_I2C_Write
                0x0000000008000fb4       0x24 ./Core/Src/ssd1306.o
                0x0000000008000fb4                ssd1306_I2C_Write
 .text.SSD1306_UpdateScreen
                0x0000000008000fd8       0x40 ./Core/Src/ssd1306.o
                0x0000000008000fd8                SSD1306_UpdateScreen
 .text.SSD1306_Clear
                0x0000000008001018        0xe ./Core/Src/ssd1306.o
                0x0000000008001018                SSD1306_Clear
 *fill*         0x0000000008001026        0x2 
 .text.SSD1306_Init
                0x0000000008001028      0x16c ./Core/Src/ssd1306.o
                0x0000000008001028                SSD1306_Init
 .text.SSD1306_SetContrast
                0x0000000008001194       0x1a ./Core/Src/ssd1306.o
                0x0000000008001194                SSD1306_SetContrast
 *fill*         0x00000000080011ae        0x2 
 .text.New_Task_Element
                0x00000000080011b0       0x6c ./Core/Src/ssd1306_adds.o
                0x00000000080011b0                New_Task_Element
 .text.Show_Project_Tasks
                0x000000000800121c       0x98 ./Core/Src/ssd1306_adds.o
                0x000000000800121c                Show_Project_Tasks
 .text.Move_Marker
                0x00000000080012b4       0x20 ./Core/Src/ssd1306_adds.o
                0x00000000080012b4                Move_Marker
 .text.Array_To_Int_Change_Value
                0x00000000080012d4       0x54 ./Core/Src/ssd1306_adds.o
                0x00000000080012d4                Array_To_Int_Change_Value
 .text.Int_To_Array_Change_Value
                0x0000000008001328       0x70 ./Core/Src/ssd1306_adds.o
                0x0000000008001328                Int_To_Array_Change_Value
 .text.Change_Value
                0x0000000008001398       0x9c ./Core/Src/ssd1306_adds.o
                0x0000000008001398                Change_Value
 .text.Save_Set_Value
                0x0000000008001434       0x18 ./Core/Src/ssd1306_adds.o
                0x0000000008001434                Save_Set_Value
 .text.Draw_Changing_Value_Marker
                0x000000000800144c       0x2e ./Core/Src/ssd1306_adds.o
                0x000000000800144c                Draw_Changing_Value_Marker
 .text.Clear_Changing_Value_Marker
                0x000000000800147a       0x18 ./Core/Src/ssd1306_adds.o
                0x000000000800147a                Clear_Changing_Value_Marker
 *fill*         0x0000000008001492        0x2 
 .text.Set_Marker_Position
                0x0000000008001494       0x34 ./Core/Src/ssd1306_adds.o
                0x0000000008001494                Set_Marker_Position
 .text.Clear_Value
                0x00000000080014c8       0x18 ./Core/Src/ssd1306_adds.o
                0x00000000080014c8                Clear_Value
 .text.Show_Value_Screen
                0x00000000080014e0      0x190 ./Core/Src/ssd1306_adds.o
                0x00000000080014e0                Show_Value_Screen
 .text.Show_Summary
                0x0000000008001670      0x168 ./Core/Src/ssd1306_adds.o
                0x0000000008001670                Show_Summary
 .text.Show_Select_Boxes
                0x00000000080017d8       0x64 ./Core/Src/ssd1306_adds.o
                0x00000000080017d8                Show_Select_Boxes
 .text.Show_Project_Elements
                0x000000000800183c       0x5c ./Core/Src/ssd1306_adds.o
                0x000000000800183c                Show_Project_Elements
 .text.Show_Project_Select_Menu
                0x0000000008001898       0xa4 ./Core/Src/ssd1306_adds.o
                0x0000000008001898                Show_Project_Select_Menu
 .text.Show_Label_Bar
                0x000000000800193c       0x30 ./Core/Src/ssd1306_adds.o
                0x000000000800193c                Show_Label_Bar
 .text.Show_Project_Details
                0x000000000800196c       0xd0 ./Core/Src/ssd1306_adds.o
                0x000000000800196c                Show_Project_Details
 .text.Clear_Content
                0x0000000008001a3c       0x18 ./Core/Src/ssd1306_adds.o
                0x0000000008001a3c                Clear_Content
 .text.Show_Summary_Correctness_Query
                0x0000000008001a54      0x144 ./Core/Src/ssd1306_adds.o
                0x0000000008001a54                Show_Summary_Correctness_Query
 .text.Pagination_Bar
                0x0000000008001b98       0x1a ./Core/Src/ssd1306_adds.o
                0x0000000008001b98                Pagination_Bar
 *fill*         0x0000000008001bb2        0x2 
 .text.Set_Theme
                0x0000000008001bb4      0x1ac ./Core/Src/ssd1306_adds.o
                0x0000000008001bb4                Set_Theme
 .text.Count_Array
                0x0000000008001d60       0x20 ./Core/Src/ssd1306_adds.o
                0x0000000008001d60                Count_Array
 .text.Structures_Init
                0x0000000008001d80      0x190 ./Core/Src/ssd1306_adds.o
                0x0000000008001d80                Structures_Init
 .text.HAL_MspInit
                0x0000000008001f10       0x1c ./Core/Src/stm32l0xx_hal_msp.o
                0x0000000008001f10                HAL_MspInit
 .text.NMI_Handler
                0x0000000008001f2c        0x2 ./Core/Src/stm32l0xx_it.o
                0x0000000008001f2c                NMI_Handler
 .text.HardFault_Handler
                0x0000000008001f2e        0x2 ./Core/Src/stm32l0xx_it.o
                0x0000000008001f2e                HardFault_Handler
 .text.SVC_Handler
                0x0000000008001f30        0x2 ./Core/Src/stm32l0xx_it.o
                0x0000000008001f30                SVC_Handler
 .text.PendSV_Handler
                0x0000000008001f32        0x2 ./Core/Src/stm32l0xx_it.o
                0x0000000008001f32                PendSV_Handler
 .text.SysTick_Handler
                0x0000000008001f34        0x8 ./Core/Src/stm32l0xx_it.o
                0x0000000008001f34                SysTick_Handler
 .text.EXTI4_15_IRQHandler
                0x0000000008001f3c        0xa ./Core/Src/stm32l0xx_it.o
                0x0000000008001f3c                EXTI4_15_IRQHandler
 *fill*         0x0000000008001f46        0x2 
 .text.TIM2_IRQHandler
                0x0000000008001f48       0x10 ./Core/Src/stm32l0xx_it.o
                0x0000000008001f48                TIM2_IRQHandler
 .text.TIM6_DAC_IRQHandler
                0x0000000008001f58       0x10 ./Core/Src/stm32l0xx_it.o
                0x0000000008001f58                TIM6_DAC_IRQHandler
 .text.TIM7_IRQHandler
                0x0000000008001f68       0x10 ./Core/Src/stm32l0xx_it.o
                0x0000000008001f68                TIM7_IRQHandler
 .text.TIM21_IRQHandler
                0x0000000008001f78       0x10 ./Core/Src/stm32l0xx_it.o
                0x0000000008001f78                TIM21_IRQHandler
 .text.TIM22_IRQHandler
                0x0000000008001f88       0x10 ./Core/Src/stm32l0xx_it.o
                0x0000000008001f88                TIM22_IRQHandler
 .text._sbrk    0x0000000008001f98       0x48 ./Core/Src/sysmem.o
                0x0000000008001f98                _sbrk
 .text.SystemInit
                0x0000000008001fe0        0x2 ./Core/Src/system_stm32l0xx.o
                0x0000000008001fe0                SystemInit
 *fill*         0x0000000008001fe2        0x2 
 .text.MX_TIM2_Init
                0x0000000008001fe4       0x70 ./Core/Src/tim.o
                0x0000000008001fe4                MX_TIM2_Init
 .text.MX_TIM6_Init
                0x0000000008002054       0x58 ./Core/Src/tim.o
                0x0000000008002054                MX_TIM6_Init
 .text.MX_TIM7_Init
                0x00000000080020ac       0x58 ./Core/Src/tim.o
                0x00000000080020ac                MX_TIM7_Init
 .text.HAL_TIM_Encoder_MspInit
                0x0000000008002104       0x60 ./Core/Src/tim.o
                0x0000000008002104                HAL_TIM_Encoder_MspInit
 .text.HAL_TIM_Base_MspInit
                0x0000000008002164       0xa4 ./Core/Src/tim.o
                0x0000000008002164                HAL_TIM_Base_MspInit
 .text.HAL_TIM_MspPostInit
                0x0000000008002208       0x84 ./Core/Src/tim.o
                0x0000000008002208                HAL_TIM_MspPostInit
 .text.MX_TIM21_Init
                0x000000000800228c       0xc4 ./Core/Src/tim.o
                0x000000000800228c                MX_TIM21_Init
 .text.MX_TIM22_Init
                0x0000000008002350       0xbc ./Core/Src/tim.o
                0x0000000008002350                MX_TIM22_Init
 .text.MX_USART2_UART_Init
                0x000000000800240c       0x3c ./Core/Src/usart.o
                0x000000000800240c                MX_USART2_UART_Init
 .text.HAL_UART_MspInit
                0x0000000008002448       0x5c ./Core/Src/usart.o
                0x0000000008002448                HAL_UART_MspInit
 .text.Reset_Handler
                0x00000000080024a4       0x50 ./Core/Startup/startup_stm32l073rztx.o
                0x00000000080024a4                Reset_Handler
 .text.Default_Handler
                0x00000000080024f4        0x2 ./Core/Startup/startup_stm32l073rztx.o
                0x00000000080024f4                TSC_IRQHandler
                0x00000000080024f4                ADC1_COMP_IRQHandler
                0x00000000080024f4                PVD_IRQHandler
                0x00000000080024f4                I2C1_IRQHandler
                0x00000000080024f4                RCC_CRS_IRQHandler
                0x00000000080024f4                SPI1_IRQHandler
                0x00000000080024f4                EXTI2_3_IRQHandler
                0x00000000080024f4                I2C2_IRQHandler
                0x00000000080024f4                RTC_IRQHandler
                0x00000000080024f4                LCD_IRQHandler
                0x00000000080024f4                DMA1_Channel4_5_6_7_IRQHandler
                0x00000000080024f4                TIM3_IRQHandler
                0x00000000080024f4                DMA1_Channel1_IRQHandler
                0x00000000080024f4                USART4_5_IRQHandler
                0x00000000080024f4                Default_Handler
                0x00000000080024f4                EXTI0_1_IRQHandler
                0x00000000080024f4                USB_IRQHandler
                0x00000000080024f4                I2C3_IRQHandler
                0x00000000080024f4                SPI2_IRQHandler
                0x00000000080024f4                WWDG_IRQHandler
                0x00000000080024f4                DMA1_Channel2_3_IRQHandler
                0x00000000080024f4                USART2_IRQHandler
                0x00000000080024f4                FLASH_IRQHandler
                0x00000000080024f4                USART1_IRQHandler
                0x00000000080024f4                RNG_LPUART1_IRQHandler
                0x00000000080024f4                LPTIM1_IRQHandler
 *fill*         0x00000000080024f6        0x2 
 .text.HAL_InitTick
                0x00000000080024f8       0x4c ./Drivers/STM32L0xx_HAL_Driver/Src/stm32l0xx_hal.o
                0x00000000080024f8                HAL_InitTick
 .text.HAL_Init
                0x0000000008002544       0x28 ./Drivers/STM32L0xx_HAL_Driver/Src/stm32l0xx_hal.o
                0x0000000008002544                HAL_Init
 .text.HAL_IncTick
                0x000000000800256c       0x18 ./Drivers/STM32L0xx_HAL_Driver/Src/stm32l0xx_hal.o
                0x000000000800256c                HAL_IncTick
 .text.HAL_GetTick
                0x0000000008002584        0xc ./Drivers/STM32L0xx_HAL_Driver/Src/stm32l0xx_hal.o
                0x0000000008002584                HAL_GetTick
 .text.HAL_Delay
                0x0000000008002590       0x24 ./Drivers/STM32L0xx_HAL_Driver/Src/stm32l0xx_hal.o
                0x0000000008002590                HAL_Delay
 .text.HAL_NVIC_SetPriority
                0x00000000080025b4       0x64 ./Drivers/STM32L0xx_HAL_Driver/Src/stm32l0xx_hal_cortex.o
                0x00000000080025b4                HAL_NVIC_SetPriority
 .text.HAL_NVIC_EnableIRQ
                0x0000000008002618       0x18 ./Drivers/STM32L0xx_HAL_Driver/Src/stm32l0xx_hal_cortex.o
                0x0000000008002618                HAL_NVIC_EnableIRQ
 .text.HAL_SYSTICK_Config
                0x0000000008002630       0x38 ./Drivers/STM32L0xx_HAL_Driver/Src/stm32l0xx_hal_cortex.o
                0x0000000008002630                HAL_SYSTICK_Config
 .text.HAL_GPIO_Init
                0x0000000008002668      0x1f4 ./Drivers/STM32L0xx_HAL_Driver/Src/stm32l0xx_hal_gpio.o
                0x0000000008002668                HAL_GPIO_Init
 .text.HAL_GPIO_ReadPin
                0x000000000800285c        0xc ./Drivers/STM32L0xx_HAL_Driver/Src/stm32l0xx_hal_gpio.o
                0x000000000800285c                HAL_GPIO_ReadPin
 .text.HAL_GPIO_WritePin
                0x0000000008002868        0xc ./Drivers/STM32L0xx_HAL_Driver/Src/stm32l0xx_hal_gpio.o
                0x0000000008002868                HAL_GPIO_WritePin
 .text.HAL_GPIO_TogglePin
                0x0000000008002874       0x10 ./Drivers/STM32L0xx_HAL_Driver/Src/stm32l0xx_hal_gpio.o
                0x0000000008002874                HAL_GPIO_TogglePin
 .text.HAL_GPIO_EXTI_IRQHandler
                0x0000000008002884       0x1c ./Drivers/STM32L0xx_HAL_Driver/Src/stm32l0xx_hal_gpio.o
                0x0000000008002884                HAL_GPIO_EXTI_IRQHandler
 .text.I2C_Flush_TXDR
                0x00000000080028a0       0x1e ./Drivers/STM32L0xx_HAL_Driver/Src/stm32l0xx_hal_i2c.o
 *fill*         0x00000000080028be        0x2 
 .text.I2C_TransferConfig
                0x00000000080028c0       0x30 ./Drivers/STM32L0xx_HAL_Driver/Src/stm32l0xx_hal_i2c.o
 .text.I2C_IsAcknowledgeFailed
                0x00000000080028f0       0x90 ./Drivers/STM32L0xx_HAL_Driver/Src/stm32l0xx_hal_i2c.o
 .text.I2C_WaitOnTXISFlagUntilTimeout
                0x0000000008002980       0x54 ./Drivers/STM32L0xx_HAL_Driver/Src/stm32l0xx_hal_i2c.o
 .text.I2C_WaitOnFlagUntilTimeout
                0x00000000080029d4       0x5a ./Drivers/STM32L0xx_HAL_Driver/Src/stm32l0xx_hal_i2c.o
 .text.I2C_WaitOnSTOPFlagUntilTimeout
                0x0000000008002a2e       0x50 ./Drivers/STM32L0xx_HAL_Driver/Src/stm32l0xx_hal_i2c.o
 *fill*         0x0000000008002a7e        0x2 
 .text.HAL_I2C_Init
                0x0000000008002a80       0xcc ./Drivers/STM32L0xx_HAL_Driver/Src/stm32l0xx_hal_i2c.o
                0x0000000008002a80                HAL_I2C_Init
 .text.HAL_I2C_Master_Transmit
                0x0000000008002b4c      0x190 ./Drivers/STM32L0xx_HAL_Driver/Src/stm32l0xx_hal_i2c.o
                0x0000000008002b4c                HAL_I2C_Master_Transmit
 .text.HAL_I2C_IsDeviceReady
                0x0000000008002cdc      0x184 ./Drivers/STM32L0xx_HAL_Driver/Src/stm32l0xx_hal_i2c.o
                0x0000000008002cdc                HAL_I2C_IsDeviceReady
 .text.HAL_I2CEx_ConfigAnalogFilter
                0x0000000008002e60       0x58 ./Drivers/STM32L0xx_HAL_Driver/Src/stm32l0xx_hal_i2c_ex.o
                0x0000000008002e60                HAL_I2CEx_ConfigAnalogFilter
 .text.HAL_I2CEx_ConfigDigitalFilter
                0x0000000008002eb8       0x54 ./Drivers/STM32L0xx_HAL_Driver/Src/stm32l0xx_hal_i2c_ex.o
                0x0000000008002eb8                HAL_I2CEx_ConfigDigitalFilter
 .text.HAL_RCC_GetSysClockFreq
                0x0000000008002f0c       0xb4 ./Drivers/STM32L0xx_HAL_Driver/Src/stm32l0xx_hal_rcc.o
                0x0000000008002f0c                HAL_RCC_GetSysClockFreq
 .text.HAL_RCC_OscConfig
                0x0000000008002fc0      0x60c ./Drivers/STM32L0xx_HAL_Driver/Src/stm32l0xx_hal_rcc.o
                0x0000000008002fc0                HAL_RCC_OscConfig
 .text.HAL_RCC_ClockConfig
                0x00000000080035cc      0x200 ./Drivers/STM32L0xx_HAL_Driver/Src/stm32l0xx_hal_rcc.o
                0x00000000080035cc                HAL_RCC_ClockConfig
 .text.HAL_RCC_GetPCLK1Freq
                0x00000000080037cc       0x20 ./Drivers/STM32L0xx_HAL_Driver/Src/stm32l0xx_hal_rcc.o
                0x00000000080037cc                HAL_RCC_GetPCLK1Freq
 .text.HAL_RCC_GetPCLK2Freq
                0x00000000080037ec       0x20 ./Drivers/STM32L0xx_HAL_Driver/Src/stm32l0xx_hal_rcc.o
                0x00000000080037ec                HAL_RCC_GetPCLK2Freq
 .text.HAL_RCCEx_PeriphCLKConfig
                0x000000000800380c      0x250 ./Drivers/STM32L0xx_HAL_Driver/Src/stm32l0xx_hal_rcc_ex.o
                0x000000000800380c                HAL_RCCEx_PeriphCLKConfig
 .text.TIM_Base_SetConfig
                0x0000000008003a5c       0x74 ./Drivers/STM32L0xx_HAL_Driver/Src/stm32l0xx_hal_tim.o
 .text.TIM_OC1_SetConfig
                0x0000000008003ad0       0x2c ./Drivers/STM32L0xx_HAL_Driver/Src/stm32l0xx_hal_tim.o
 .text.TIM_OC2_SetConfig
                0x0000000008003afc       0x38 ./Drivers/STM32L0xx_HAL_Driver/Src/stm32l0xx_hal_tim.o
 .text.TIM_SlaveTimer_SetConfig
                0x0000000008003b34      0x100 ./Drivers/STM32L0xx_HAL_Driver/Src/stm32l0xx_hal_tim.o
 .text.TIM_CCxChannelCmd
                0x0000000008003c34       0x1a ./Drivers/STM32L0xx_HAL_Driver/Src/stm32l0xx_hal_tim.o
 .text.HAL_TIM_Base_Init
                0x0000000008003c4e       0x48 ./Drivers/STM32L0xx_HAL_Driver/Src/stm32l0xx_hal_tim.o
                0x0000000008003c4e                HAL_TIM_Base_Init
 *fill*         0x0000000008003c96        0x2 
 .text.HAL_TIM_Base_Start_IT
                0x0000000008003c98       0x68 ./Drivers/STM32L0xx_HAL_Driver/Src/stm32l0xx_hal_tim.o
                0x0000000008003c98                HAL_TIM_Base_Start_IT
 .text.HAL_TIM_Base_Stop_IT
                0x0000000008003d00       0x2c ./Drivers/STM32L0xx_HAL_Driver/Src/stm32l0xx_hal_tim.o
                0x0000000008003d00                HAL_TIM_Base_Stop_IT
 .text.HAL_TIM_PWM_MspInit
                0x0000000008003d2c        0x2 ./Drivers/STM32L0xx_HAL_Driver/Src/stm32l0xx_hal_tim.o
                0x0000000008003d2c                HAL_TIM_PWM_MspInit
 .text.HAL_TIM_PWM_Init
                0x0000000008003d2e       0x48 ./Drivers/STM32L0xx_HAL_Driver/Src/stm32l0xx_hal_tim.o
                0x0000000008003d2e                HAL_TIM_PWM_Init
 *fill*         0x0000000008003d76        0x2 
 .text.HAL_TIM_Encoder_Init
                0x0000000008003d78       0xb4 ./Drivers/STM32L0xx_HAL_Driver/Src/stm32l0xx_hal_tim.o
                0x0000000008003d78                HAL_TIM_Encoder_Init
 .text.HAL_TIM_Encoder_Start_IT
                0x0000000008003e2c       0xa2 ./Drivers/STM32L0xx_HAL_Driver/Src/stm32l0xx_hal_tim.o
                0x0000000008003e2c                HAL_TIM_Encoder_Start_IT
 *fill*         0x0000000008003ece        0x2 
 .text.HAL_TIM_PWM_ConfigChannel
                0x0000000008003ed0      0x148 ./Drivers/STM32L0xx_HAL_Driver/Src/stm32l0xx_hal_tim.o
                0x0000000008003ed0                HAL_TIM_PWM_ConfigChannel
 .text.HAL_TIM_ConfigClockSource
                0x0000000008004018      0x1a0 ./Drivers/STM32L0xx_HAL_Driver/Src/stm32l0xx_hal_tim.o
                0x0000000008004018                HAL_TIM_ConfigClockSource
 .text.HAL_TIM_SlaveConfigSynchro
                0x00000000080041b8       0x5c ./Drivers/STM32L0xx_HAL_Driver/Src/stm32l0xx_hal_tim.o
                0x00000000080041b8                HAL_TIM_SlaveConfigSynchro
 .text.HAL_TIM_OC_DelayElapsedCallback
                0x0000000008004214        0x2 ./Drivers/STM32L0xx_HAL_Driver/Src/stm32l0xx_hal_tim.o
                0x0000000008004214                HAL_TIM_OC_DelayElapsedCallback
 .text.HAL_TIM_PWM_PulseFinishedCallback
                0x0000000008004216        0x2 ./Drivers/STM32L0xx_HAL_Driver/Src/stm32l0xx_hal_tim.o
                0x0000000008004216                HAL_TIM_PWM_PulseFinishedCallback
 .text.HAL_TIM_TriggerCallback
                0x0000000008004218        0x2 ./Drivers/STM32L0xx_HAL_Driver/Src/stm32l0xx_hal_tim.o
                0x0000000008004218                HAL_TIM_TriggerCallback
 .text.HAL_TIM_IRQHandler
                0x000000000800421a      0x122 ./Drivers/STM32L0xx_HAL_Driver/Src/stm32l0xx_hal_tim.o
                0x000000000800421a                HAL_TIM_IRQHandler
 .text.HAL_TIM_Base_GetState
                0x000000000800433c        0x8 ./Drivers/STM32L0xx_HAL_Driver/Src/stm32l0xx_hal_tim.o
                0x000000000800433c                HAL_TIM_Base_GetState
 .text.HAL_TIM_Encoder_GetState
                0x0000000008004344        0x8 ./Drivers/STM32L0xx_HAL_Driver/Src/stm32l0xx_hal_tim.o
                0x0000000008004344                HAL_TIM_Encoder_GetState
 .text.HAL_TIMEx_MasterConfigSynchronization
                0x000000000800434c       0x6c ./Drivers/STM32L0xx_HAL_Driver/Src/stm32l0xx_hal_tim_ex.o
                0x000000000800434c                HAL_TIMEx_MasterConfigSynchronization
 .text.UART_SetConfig
                0x00000000080043b8      0x2b4 ./Drivers/STM32L0xx_HAL_Driver/Src/stm32l0xx_hal_uart.o
                0x00000000080043b8                UART_SetConfig
 .text.UART_AdvFeatureConfig
                0x000000000800466c       0xe0 ./Drivers/STM32L0xx_HAL_Driver/Src/stm32l0xx_hal_uart.o
                0x000000000800466c                UART_AdvFeatureConfig
 .text.UART_WaitOnFlagUntilTimeout
                0x000000000800474c      0x100 ./Drivers/STM32L0xx_HAL_Driver/Src/stm32l0xx_hal_uart.o
                0x000000000800474c                UART_WaitOnFlagUntilTimeout
 .text.UART_CheckIdleState
                0x000000000800484c       0x70 ./Drivers/STM32L0xx_HAL_Driver/Src/stm32l0xx_hal_uart.o
                0x000000000800484c                UART_CheckIdleState
 .text.HAL_UART_Init
                0x00000000080048bc       0x6c ./Drivers/STM32L0xx_HAL_Driver/Src/stm32l0xx_hal_uart.o
                0x00000000080048bc                HAL_UART_Init
 .text.__errno  0x0000000008004928        0xc c:/st/stm32cubeide_1.10.0/stm32cubeide/plugins/com.st.stm32cube.ide.mcu.externaltools.gnu-tools-for-stm32.10.3-2021.10.win32_1.0.0.202111181127/tools/bin/../lib/gcc/arm-none-eabi/10.3.1/../../../../arm-none-eabi/lib/thumb/v6-m/nofp\libc_nano.a(lib_a-errno.o)
                0x0000000008004928                __errno
 .text.__libc_init_array
                0x0000000008004934       0x48 c:/st/stm32cubeide_1.10.0/stm32cubeide/plugins/com.st.stm32cube.ide.mcu.externaltools.gnu-tools-for-stm32.10.3-2021.10.win32_1.0.0.202111181127/tools/bin/../lib/gcc/arm-none-eabi/10.3.1/../../../../arm-none-eabi/lib/thumb/v6-m/nofp\libc_nano.a(lib_a-init.o)
                0x0000000008004934                __libc_init_array
 .text.memcpy   0x000000000800497c       0x12 c:/st/stm32cubeide_1.10.0/stm32cubeide/plugins/com.st.stm32cube.ide.mcu.externaltools.gnu-tools-for-stm32.10.3-2021.10.win32_1.0.0.202111181127/tools/bin/../lib/gcc/arm-none-eabi/10.3.1/../../../../arm-none-eabi/lib/thumb/v6-m/nofp\libc_nano.a(lib_a-memcpy-stub.o)
                0x000000000800497c                memcpy
 .text.memset   0x000000000800498e       0x10 c:/st/stm32cubeide_1.10.0/stm32cubeide/plugins/com.st.stm32cube.ide.mcu.externaltools.gnu-tools-for-stm32.10.3-2021.10.win32_1.0.0.202111181127/tools/bin/../lib/gcc/arm-none-eabi/10.3.1/../../../../arm-none-eabi/lib/thumb/v6-m/nofp\libc_nano.a(lib_a-memset.o)
                0x000000000800498e                memset
 *fill*         0x000000000800499e        0x2 
 .text.sprintf  0x00000000080049a0       0x40 c:/st/stm32cubeide_1.10.0/stm32cubeide/plugins/com.st.stm32cube.ide.mcu.externaltools.gnu-tools-for-stm32.10.3-2021.10.win32_1.0.0.202111181127/tools/bin/../lib/gcc/arm-none-eabi/10.3.1/../../../../arm-none-eabi/lib/thumb/v6-m/nofp\libc_nano.a(lib_a-sprintf.o)
                0x00000000080049a0                siprintf
                0x00000000080049a0                sprintf
 .text.__ssputs_r
                0x00000000080049e0       0xc4 c:/st/stm32cubeide_1.10.0/stm32cubeide/plugins/com.st.stm32cube.ide.mcu.externaltools.gnu-tools-for-stm32.10.3-2021.10.win32_1.0.0.202111181127/tools/bin/../lib/gcc/arm-none-eabi/10.3.1/../../../../arm-none-eabi/lib/thumb/v6-m/nofp\libc_nano.a(lib_a-nano-svfprintf.o)
                0x00000000080049e0                __ssputs_r
 .text._svfprintf_r
                0x0000000008004aa4      0x200 c:/st/stm32cubeide_1.10.0/stm32cubeide/plugins/com.st.stm32cube.ide.mcu.externaltools.gnu-tools-for-stm32.10.3-2021.10.win32_1.0.0.202111181127/tools/bin/../lib/gcc/arm-none-eabi/10.3.1/../../../../arm-none-eabi/lib/thumb/v6-m/nofp\libc_nano.a(lib_a-nano-svfprintf.o)
                0x0000000008004aa4                _svfiprintf_r
                0x0000000008004aa4                _svfprintf_r
 .text._printf_common
                0x0000000008004ca4       0xde c:/st/stm32cubeide_1.10.0/stm32cubeide/plugins/com.st.stm32cube.ide.mcu.externaltools.gnu-tools-for-stm32.10.3-2021.10.win32_1.0.0.202111181127/tools/bin/../lib/gcc/arm-none-eabi/10.3.1/../../../../arm-none-eabi/lib/thumb/v6-m/nofp\libc_nano.a(lib_a-nano-vfprintf_i.o)
                0x0000000008004ca4                _printf_common
 *fill*         0x0000000008004d82        0x2 
 .text._printf_i
                0x0000000008004d84      0x224 c:/st/stm32cubeide_1.10.0/stm32cubeide/plugins/com.st.stm32cube.ide.mcu.externaltools.gnu-tools-for-stm32.10.3-2021.10.win32_1.0.0.202111181127/tools/bin/../lib/gcc/arm-none-eabi/10.3.1/../../../../arm-none-eabi/lib/thumb/v6-m/nofp\libc_nano.a(lib_a-nano-vfprintf_i.o)
                0x0000000008004d84                _printf_i
 .text.memchr   0x0000000008004fa8       0x16 c:/st/stm32cubeide_1.10.0/stm32cubeide/plugins/com.st.stm32cube.ide.mcu.externaltools.gnu-tools-for-stm32.10.3-2021.10.win32_1.0.0.202111181127/tools/bin/../lib/gcc/arm-none-eabi/10.3.1/../../../../arm-none-eabi/lib/thumb/v6-m/nofp\libc_nano.a(lib_a-memchr-stub.o)
                0x0000000008004fa8                memchr
 .text.memmove  0x0000000008004fbe       0x26 c:/st/stm32cubeide_1.10.0/stm32cubeide/plugins/com.st.stm32cube.ide.mcu.externaltools.gnu-tools-for-stm32.10.3-2021.10.win32_1.0.0.202111181127/tools/bin/../lib/gcc/arm-none-eabi/10.3.1/../../../../arm-none-eabi/lib/thumb/v6-m/nofp\libc_nano.a(lib_a-memmove.o)
                0x0000000008004fbe                memmove
 .text._free_r  0x0000000008004fe4       0x94 c:/st/stm32cubeide_1.10.0/stm32cubeide/plugins/com.st.stm32cube.ide.mcu.externaltools.gnu-tools-for-stm32.10.3-2021.10.win32_1.0.0.202111181127/tools/bin/../lib/gcc/arm-none-eabi/10.3.1/../../../../arm-none-eabi/lib/thumb/v6-m/nofp\libc_nano.a(lib_a-nano-freer.o)
                0x0000000008004fe4                _free_r
 .text.sbrk_aligned
                0x0000000008005078       0x44 c:/st/stm32cubeide_1.10.0/stm32cubeide/plugins/com.st.stm32cube.ide.mcu.externaltools.gnu-tools-for-stm32.10.3-2021.10.win32_1.0.0.202111181127/tools/bin/../lib/gcc/arm-none-eabi/10.3.1/../../../../arm-none-eabi/lib/thumb/v6-m/nofp\libc_nano.a(lib_a-nano-mallocr.o)
 .text._malloc_r
                0x00000000080050bc       0xec c:/st/stm32cubeide_1.10.0/stm32cubeide/plugins/com.st.stm32cube.ide.mcu.externaltools.gnu-tools-for-stm32.10.3-2021.10.win32_1.0.0.202111181127/tools/bin/../lib/gcc/arm-none-eabi/10.3.1/../../../../arm-none-eabi/lib/thumb/v6-m/nofp\libc_nano.a(lib_a-nano-mallocr.o)
                0x00000000080050bc                _malloc_r
 .text._realloc_r
                0x00000000080051a8       0x5e c:/st/stm32cubeide_1.10.0/stm32cubeide/plugins/com.st.stm32cube.ide.mcu.externaltools.gnu-tools-for-stm32.10.3-2021.10.win32_1.0.0.202111181127/tools/bin/../lib/gcc/arm-none-eabi/10.3.1/../../../../arm-none-eabi/lib/thumb/v6-m/nofp\libc_nano.a(lib_a-nano-reallocr.o)
                0x00000000080051a8                _realloc_r
 *fill*         0x0000000008005206        0x2 
 .text._sbrk_r  0x0000000008005208       0x24 c:/st/stm32cubeide_1.10.0/stm32cubeide/plugins/com.st.stm32cube.ide.mcu.externaltools.gnu-tools-for-stm32.10.3-2021.10.win32_1.0.0.202111181127/tools/bin/../lib/gcc/arm-none-eabi/10.3.1/../../../../arm-none-eabi/lib/thumb/v6-m/nofp\libc_nano.a(lib_a-sbrkr.o)
                0x0000000008005208                _sbrk_r
 .text.__malloc_lock
                0x000000000800522c       0x10 c:/st/stm32cubeide_1.10.0/stm32cubeide/plugins/com.st.stm32cube.ide.mcu.externaltools.gnu-tools-for-stm32.10.3-2021.10.win32_1.0.0.202111181127/tools/bin/../lib/gcc/arm-none-eabi/10.3.1/../../../../arm-none-eabi/lib/thumb/v6-m/nofp\libc_nano.a(lib_a-mlock.o)
                0x000000000800522c                __malloc_lock
 .text.__malloc_unlock
                0x000000000800523c       0x10 c:/st/stm32cubeide_1.10.0/stm32cubeide/plugins/com.st.stm32cube.ide.mcu.externaltools.gnu-tools-for-stm32.10.3-2021.10.win32_1.0.0.202111181127/tools/bin/../lib/gcc/arm-none-eabi/10.3.1/../../../../arm-none-eabi/lib/thumb/v6-m/nofp\libc_nano.a(lib_a-mlock.o)
                0x000000000800523c                __malloc_unlock
 .text._malloc_usable_size_r
                0x000000000800524c       0x10 c:/st/stm32cubeide_1.10.0/stm32cubeide/plugins/com.st.stm32cube.ide.mcu.externaltools.gnu-tools-for-stm32.10.3-2021.10.win32_1.0.0.202111181127/tools/bin/../lib/gcc/arm-none-eabi/10.3.1/../../../../arm-none-eabi/lib/thumb/v6-m/nofp\libc_nano.a(lib_a-nano-msizer.o)
                0x000000000800524c                _malloc_usable_size_r
 .text.__retarget_lock_acquire_recursive
                0x000000000800525c        0x2 c:/st/stm32cubeide_1.10.0/stm32cubeide/plugins/com.st.stm32cube.ide.mcu.externaltools.gnu-tools-for-stm32.10.3-2021.10.win32_1.0.0.202111181127/tools/bin/../lib/gcc/arm-none-eabi/10.3.1/../../../../arm-none-eabi/lib/thumb/v6-m/nofp\libc_nano.a(lib_a-lock.o)
                0x000000000800525c                __retarget_lock_acquire_recursive
 .text.__retarget_lock_release_recursive
                0x000000000800525e        0x2 c:/st/stm32cubeide_1.10.0/stm32cubeide/plugins/com.st.stm32cube.ide.mcu.externaltools.gnu-tools-for-stm32.10.3-2021.10.win32_1.0.0.202111181127/tools/bin/../lib/gcc/arm-none-eabi/10.3.1/../../../../arm-none-eabi/lib/thumb/v6-m/nofp\libc_nano.a(lib_a-lock.o)
                0x000000000800525e                __retarget_lock_release_recursive
 *(.glue_7)
 .glue_7        0x0000000008005260        0x0 linker stubs
 *(.glue_7t)
 .glue_7t       0x0000000008005260        0x0 linker stubs
 *(.eh_frame)
 .eh_frame      0x0000000008005260        0x0 c:/st/stm32cubeide_1.10.0/stm32cubeide/plugins/com.st.stm32cube.ide.mcu.externaltools.gnu-tools-for-stm32.10.3-2021.10.win32_1.0.0.202111181127/tools/bin/../lib/gcc/arm-none-eabi/10.3.1/thumb/v6-m/nofp/crtbegin.o
 *(.init)
 .init          0x0000000008005260        0x4 c:/st/stm32cubeide_1.10.0/stm32cubeide/plugins/com.st.stm32cube.ide.mcu.externaltools.gnu-tools-for-stm32.10.3-2021.10.win32_1.0.0.202111181127/tools/bin/../lib/gcc/arm-none-eabi/10.3.1/thumb/v6-m/nofp/crti.o
                0x0000000008005260                _init
 .init          0x0000000008005264        0x8 c:/st/stm32cubeide_1.10.0/stm32cubeide/plugins/com.st.stm32cube.ide.mcu.externaltools.gnu-tools-for-stm32.10.3-2021.10.win32_1.0.0.202111181127/tools/bin/../lib/gcc/arm-none-eabi/10.3.1/thumb/v6-m/nofp/crtn.o
 *(.fini)
 .fini          0x000000000800526c        0x4 c:/st/stm32cubeide_1.10.0/stm32cubeide/plugins/com.st.stm32cube.ide.mcu.externaltools.gnu-tools-for-stm32.10.3-2021.10.win32_1.0.0.202111181127/tools/bin/../lib/gcc/arm-none-eabi/10.3.1/thumb/v6-m/nofp/crti.o
                0x000000000800526c                _fini
 .fini          0x0000000008005270        0x8 c:/st/stm32cubeide_1.10.0/stm32cubeide/plugins/com.st.stm32cube.ide.mcu.externaltools.gnu-tools-for-stm32.10.3-2021.10.win32_1.0.0.202111181127/tools/bin/../lib/gcc/arm-none-eabi/10.3.1/thumb/v6-m/nofp/crtn.o
                0x0000000008005278                . = ALIGN (0x4)
                0x0000000008005278                _etext = .

.vfp11_veneer   0x0000000008005278        0x0
 .vfp11_veneer  0x0000000008005278        0x0 linker stubs

.v4_bx          0x0000000008005278        0x0
 .v4_bx         0x0000000008005278        0x0 linker stubs

.iplt           0x0000000008005278        0x0
 .iplt          0x0000000008005278        0x0 c:/st/stm32cubeide_1.10.0/stm32cubeide/plugins/com.st.stm32cube.ide.mcu.externaltools.gnu-tools-for-stm32.10.3-2021.10.win32_1.0.0.202111181127/tools/bin/../lib/gcc/arm-none-eabi/10.3.1/thumb/v6-m/nofp/crtbegin.o

.rodata         0x0000000008005278     0x2cd4
                0x0000000008005278                . = ALIGN (0x4)
 *(.rodata)
 *(.rodata*)
 .rodata.HAL_TIM_PeriodElapsedCallback
                0x0000000008005278       0x7c ./Core/Src/main.o
 .rodata.New_Task_Element.str1.4
                0x00000000080052f4       0x10 ./Core/Src/ssd1306_adds.o
 .rodata.Show_Project_Tasks.str1.4
                0x0000000008005304       0x17 ./Core/Src/ssd1306_adds.o
 *fill*         0x000000000800531b        0x1 
 .rodata.Show_Value_Screen.str1.4
                0x000000000800531c       0x2a ./Core/Src/ssd1306_adds.o
 *fill*         0x0000000008005346        0x2 
 .rodata.Show_Summary.str1.4
                0x0000000008005348       0x3a ./Core/Src/ssd1306_adds.o
 *fill*         0x0000000008005382        0x2 
 .rodata.Show_Project_Details.str1.4
                0x0000000008005384        0xb ./Core/Src/ssd1306_adds.o
                                         0x13 (size before relaxing)
 *fill*         0x000000000800538f        0x1 
 .rodata.Show_Summary_Correctness_Query.str1.4
                0x0000000008005390       0x13 ./Core/Src/ssd1306_adds.o
 *fill*         0x00000000080053a3        0x1 
 .rodata.Set_Theme.str1.4
                0x00000000080053a4       0x72 ./Core/Src/ssd1306_adds.o
 *fill*         0x0000000008005416        0x2 
 .rodata.Set_Theme
                0x0000000008005418       0xf8 ./Core/Src/ssd1306_adds.o
 .rodata.Structures_Init.str1.4
                0x0000000008005510       0xd1 ./Core/Src/ssd1306_adds.o
 .rodata.G_PROJECT_COUNT
                0x00000000080055e1        0x1 ./Core/Src/ssd1306_adds.o
                0x00000000080055e1                G_PROJECT_COUNT
 *fill*         0x00000000080055e2        0x2 
 .rodata.IMG_DIAMETER
                0x00000000080055e4      0x400 ./Core/Src/ssd1306_adds.o
                0x00000000080055e4                IMG_DIAMETER
 .rodata.IMG_LOGO
                0x00000000080059e4      0x400 ./Core/Src/ssd1306_adds.o
                0x00000000080059e4                IMG_LOGO
 .rodata.IMG_SPEED
                0x0000000008005de4      0x400 ./Core/Src/ssd1306_adds.o
                0x0000000008005de4                IMG_SPEED
 .rodata.IMG_TURNS
                0x00000000080061e4      0x400 ./Core/Src/ssd1306_adds.o
                0x00000000080061e4                IMG_TURNS
 .rodata.IMG_WIDTH
                0x00000000080065e4      0x400 ./Core/Src/ssd1306_adds.o
                0x00000000080065e4                IMG_WIDTH
 .rodata.Font11x18
                0x00000000080069e4      0xd5c ./Core/Src/ssd1306_fonts.o
                0x00000000080069e4                Font11x18
 .rodata.Font7x10
                0x0000000008007740      0x76c ./Core/Src/ssd1306_fonts.o
                0x0000000008007740                Font7x10
 .rodata.AHBPrescTable
                0x0000000008007eac       0x10 ./Core/Src/system_stm32l0xx.o
                0x0000000008007eac                AHBPrescTable
 .rodata.APBPrescTable
                0x0000000008007ebc        0x8 ./Core/Src/system_stm32l0xx.o
                0x0000000008007ebc                APBPrescTable
 .rodata.PLLMulTable
                0x0000000008007ec4        0x9 ./Core/Src/system_stm32l0xx.o
                0x0000000008007ec4                PLLMulTable
 *fill*         0x0000000008007ecd        0x3 
 .rodata.UART_SetConfig
                0x0000000008007ed0       0x48 ./Drivers/STM32L0xx_HAL_Driver/Src/stm32l0xx_hal_uart.o
 .rodata._svfprintf_r.str1.1
                0x0000000008007f18       0x11 c:/st/stm32cubeide_1.10.0/stm32cubeide/plugins/com.st.stm32cube.ide.mcu.externaltools.gnu-tools-for-stm32.10.3-2021.10.win32_1.0.0.202111181127/tools/bin/../lib/gcc/arm-none-eabi/10.3.1/../../../../arm-none-eabi/lib/thumb/v6-m/nofp\libc_nano.a(lib_a-nano-svfprintf.o)
 .rodata._printf_i.str1.1
                0x0000000008007f29       0x22 c:/st/stm32cubeide_1.10.0/stm32cubeide/plugins/com.st.stm32cube.ide.mcu.externaltools.gnu-tools-for-stm32.10.3-2021.10.win32_1.0.0.202111181127/tools/bin/../lib/gcc/arm-none-eabi/10.3.1/../../../../arm-none-eabi/lib/thumb/v6-m/nofp\libc_nano.a(lib_a-nano-vfprintf_i.o)
                0x0000000008007f4c                . = ALIGN (0x4)
 *fill*         0x0000000008007f4b        0x1 

.ARM.extab      0x0000000008007f4c        0x0
                0x0000000008007f4c                . = ALIGN (0x4)
 *(.ARM.extab* .gnu.linkonce.armextab.*)
                0x0000000008007f4c                . = ALIGN (0x4)

.ARM            0x0000000008007f4c        0x8
                0x0000000008007f4c                . = ALIGN (0x4)
                0x0000000008007f4c                __exidx_start = .
 *(.ARM.exidx*)
 .ARM.exidx     0x0000000008007f4c        0x8 c:/st/stm32cubeide_1.10.0/stm32cubeide/plugins/com.st.stm32cube.ide.mcu.externaltools.gnu-tools-for-stm32.10.3-2021.10.win32_1.0.0.202111181127/tools/bin/../lib/gcc/arm-none-eabi/10.3.1/thumb/v6-m/nofp\libgcc.a(_udivmoddi4.o)
                0x0000000008007f54                __exidx_end = .
                0x0000000008007f54                . = ALIGN (0x4)

.rel.dyn        0x0000000008007f54        0x0
 .rel.iplt      0x0000000008007f54        0x0 c:/st/stm32cubeide_1.10.0/stm32cubeide/plugins/com.st.stm32cube.ide.mcu.externaltools.gnu-tools-for-stm32.10.3-2021.10.win32_1.0.0.202111181127/tools/bin/../lib/gcc/arm-none-eabi/10.3.1/thumb/v6-m/nofp/crtbegin.o

.preinit_array  0x0000000008007f54        0x0
                0x0000000008007f54                . = ALIGN (0x4)
                0x0000000008007f54                PROVIDE (__preinit_array_start = .)
 *(.preinit_array*)
                0x0000000008007f54                PROVIDE (__preinit_array_end = .)
                0x0000000008007f54                . = ALIGN (0x4)

.init_array     0x0000000008007f54        0x4
                0x0000000008007f54                . = ALIGN (0x4)
                0x0000000008007f54                PROVIDE (__init_array_start = .)
 *(SORT_BY_NAME(.init_array.*))
 *(.init_array*)
 .init_array    0x0000000008007f54        0x4 c:/st/stm32cubeide_1.10.0/stm32cubeide/plugins/com.st.stm32cube.ide.mcu.externaltools.gnu-tools-for-stm32.10.3-2021.10.win32_1.0.0.202111181127/tools/bin/../lib/gcc/arm-none-eabi/10.3.1/thumb/v6-m/nofp/crtbegin.o
                0x0000000008007f58                PROVIDE (__init_array_end = .)
                0x0000000008007f58                . = ALIGN (0x4)

.fini_array     0x0000000008007f58        0x4
                0x0000000008007f58                . = ALIGN (0x4)
                [!provide]                        PROVIDE (__fini_array_start = .)
 *(SORT_BY_NAME(.fini_array.*))
 *(.fini_array*)
 .fini_array    0x0000000008007f58        0x4 c:/st/stm32cubeide_1.10.0/stm32cubeide/plugins/com.st.stm32cube.ide.mcu.externaltools.gnu-tools-for-stm32.10.3-2021.10.win32_1.0.0.202111181127/tools/bin/../lib/gcc/arm-none-eabi/10.3.1/thumb/v6-m/nofp/crtbegin.o
                [!provide]                        PROVIDE (__fini_array_end = .)
                0x0000000008007f5c                . = ALIGN (0x4)
                0x0000000008007f5c                _sidata = LOADADDR (.data)

.data           0x0000000020000000       0x84 load address 0x0000000008007f5c
                0x0000000020000000                . = ALIGN (0x4)
                0x0000000020000000                _sdata = .
 *(.data)
 *(.data*)
 .data.encoderCountPrev
                0x0000000020000000        0x2 ./Core/Src/main.o
                0x0000000020000000                encoderCountPrev
 *fill*         0x0000000020000002        0x2 
 .data.Font_11x18
                0x0000000020000004        0x8 ./Core/Src/ssd1306_fonts.o
                0x0000000020000004                Font_11x18
 .data.Font_7x10
                0x000000002000000c        0x8 ./Core/Src/ssd1306_fonts.o
                0x000000002000000c                Font_7x10
 .data.SystemCoreClock
                0x0000000020000014        0x4 ./Core/Src/system_stm32l0xx.o
                0x0000000020000014                SystemCoreClock
 .data.uwTickFreq
                0x0000000020000018        0x1 ./Drivers/STM32L0xx_HAL_Driver/Src/stm32l0xx_hal.o
                0x0000000020000018                uwTickFreq
 *fill*         0x0000000020000019        0x3 
 .data.uwTickPrio
                0x000000002000001c        0x4 ./Drivers/STM32L0xx_HAL_Driver/Src/stm32l0xx_hal.o
                0x000000002000001c                uwTickPrio
 .data._impure_ptr
                0x0000000020000020        0x4 c:/st/stm32cubeide_1.10.0/stm32cubeide/plugins/com.st.stm32cube.ide.mcu.externaltools.gnu-tools-for-stm32.10.3-2021.10.win32_1.0.0.202111181127/tools/bin/../lib/gcc/arm-none-eabi/10.3.1/../../../../arm-none-eabi/lib/thumb/v6-m/nofp\libc_nano.a(lib_a-impure.o)
                0x0000000020000020                _impure_ptr
 .data.impure_data
                0x0000000020000024       0x60 c:/st/stm32cubeide_1.10.0/stm32cubeide/plugins/com.st.stm32cube.ide.mcu.externaltools.gnu-tools-for-stm32.10.3-2021.10.win32_1.0.0.202111181127/tools/bin/../lib/gcc/arm-none-eabi/10.3.1/../../../../arm-none-eabi/lib/thumb/v6-m/nofp\libc_nano.a(lib_a-impure.o)
 *(.RamFunc)
 *(.RamFunc*)
                0x0000000020000084                . = ALIGN (0x4)
                0x0000000020000084                _edata = .

.igot.plt       0x0000000020000084        0x0 load address 0x0000000008007fe0
 .igot.plt      0x0000000020000084        0x0 c:/st/stm32cubeide_1.10.0/stm32cubeide/plugins/com.st.stm32cube.ide.mcu.externaltools.gnu-tools-for-stm32.10.3-2021.10.win32_1.0.0.202111181127/tools/bin/../lib/gcc/arm-none-eabi/10.3.1/thumb/v6-m/nofp/crtbegin.o
                0x0000000020000084                . = ALIGN (0x4)

.bss            0x0000000020000084      0x794 load address 0x0000000008007fe0
                0x0000000020000084                _sbss = .
                0x0000000020000084                __bss_start__ = _sbss
 *(.bss)
 .bss           0x0000000020000084       0x1c c:/st/stm32cubeide_1.10.0/stm32cubeide/plugins/com.st.stm32cube.ide.mcu.externaltools.gnu-tools-for-stm32.10.3-2021.10.win32_1.0.0.202111181127/tools/bin/../lib/gcc/arm-none-eabi/10.3.1/thumb/v6-m/nofp/crtbegin.o
 *(.bss*)
 .bss.hi2c1     0x00000000200000a0       0x4c ./Core/Src/i2c.o
                0x00000000200000a0                hi2c1
 .bss.encoderCount
                0x00000000200000ec        0x2 ./Core/Src/main.o
                0x00000000200000ec                encoderCount
 .bss.g_diameter_MAIN
                0x00000000200000ee        0x2 ./Core/Src/main.o
                0x00000000200000ee                g_diameter_MAIN
 .bss.g_speed_MAIN
                0x00000000200000f0        0x2 ./Core/Src/main.o
                0x00000000200000f0                g_speed_MAIN
 .bss.g_turns_MAIN
                0x00000000200000f2        0x2 ./Core/Src/main.o
                0x00000000200000f2                g_turns_MAIN
 .bss.g_width_MAIN
                0x00000000200000f4        0x2 ./Core/Src/main.o
                0x00000000200000f4                g_width_MAIN
 .bss.pressBtnCounter
                0x00000000200000f6        0x1 ./Core/Src/main.o
 *fill*         0x00000000200000f7        0x1 
 .bss.SSD1306   0x00000000200000f8        0x6 ./Core/Src/ssd1306.o
 *fill*         0x00000000200000fe        0x2 
 .bss.SSD1306_Buffer
                0x0000000020000100      0x400 ./Core/Src/ssd1306.o
 .bss.Details   0x0000000020000500      0x110 ./Core/Src/ssd1306_adds.o
                0x0000000020000500                Details
 .bss.Settings  0x0000000020000610       0x20 ./Core/Src/ssd1306_adds.o
                0x0000000020000610                Settings
 .bss.arrayToken
                0x0000000020000630        0x4 ./Core/Src/ssd1306_adds.o
                0x0000000020000630                arrayToken
 .bss.g_correctionFlag
                0x0000000020000634        0x1 ./Core/Src/ssd1306_adds.o
                0x0000000020000634                g_correctionFlag
 .bss.g_projectSelect
                0x0000000020000635        0x1 ./Core/Src/ssd1306_adds.o
                0x0000000020000635                g_projectSelect
 .bss.g_selector
                0x0000000020000636        0x1 ./Core/Src/ssd1306_adds.o
                0x0000000020000636                g_selector
 .bss.g_taskStep
                0x0000000020000637        0x1 ./Core/Src/ssd1306_adds.o
                0x0000000020000637                g_taskStep
 .bss.g_workStep
                0x0000000020000638        0x1 ./Core/Src/ssd1306_adds.o
                0x0000000020000638                g_workStep
 .bss.markerPosition
                0x0000000020000639        0x1 ./Core/Src/ssd1306_adds.o
                0x0000000020000639                markerPosition
 .bss.progressBarStep
                0x000000002000063a        0x1 ./Core/Src/ssd1306_adds.o
                0x000000002000063a                progressBarStep
 .bss.progressBarWidth
                0x000000002000063b        0x1 ./Core/Src/ssd1306_adds.o
                0x000000002000063b                progressBarWidth
 .bss.__sbrk_heap_end
                0x000000002000063c        0x4 ./Core/Src/sysmem.o
 .bss.htim2     0x0000000020000640       0x40 ./Core/Src/tim.o
                0x0000000020000640                htim2
 .bss.htim21    0x0000000020000680       0x40 ./Core/Src/tim.o
                0x0000000020000680                htim21
 .bss.htim22    0x00000000200006c0       0x40 ./Core/Src/tim.o
                0x00000000200006c0                htim22
 .bss.htim6     0x0000000020000700       0x40 ./Core/Src/tim.o
                0x0000000020000700                htim6
 .bss.htim7     0x0000000020000740       0x40 ./Core/Src/tim.o
                0x0000000020000740                htim7
 .bss.huart2    0x0000000020000780       0x84 ./Core/Src/usart.o
                0x0000000020000780                huart2
 .bss.uwTick    0x0000000020000804        0x4 ./Drivers/STM32L0xx_HAL_Driver/Src/stm32l0xx_hal.o
                0x0000000020000804                uwTick
 .bss.__malloc_free_list
                0x0000000020000808        0x4 c:/st/stm32cubeide_1.10.0/stm32cubeide/plugins/com.st.stm32cube.ide.mcu.externaltools.gnu-tools-for-stm32.10.3-2021.10.win32_1.0.0.202111181127/tools/bin/../lib/gcc/arm-none-eabi/10.3.1/../../../../arm-none-eabi/lib/thumb/v6-m/nofp\libc_nano.a(lib_a-nano-mallocr.o)
                0x0000000020000808                __malloc_free_list
 .bss.__malloc_sbrk_start
                0x000000002000080c        0x4 c:/st/stm32cubeide_1.10.0/stm32cubeide/plugins/com.st.stm32cube.ide.mcu.externaltools.gnu-tools-for-stm32.10.3-2021.10.win32_1.0.0.202111181127/tools/bin/../lib/gcc/arm-none-eabi/10.3.1/../../../../arm-none-eabi/lib/thumb/v6-m/nofp\libc_nano.a(lib_a-nano-mallocr.o)
                0x000000002000080c                __malloc_sbrk_start
 .bss.errno     0x0000000020000810        0x4 c:/st/stm32cubeide_1.10.0/stm32cubeide/plugins/com.st.stm32cube.ide.mcu.externaltools.gnu-tools-for-stm32.10.3-2021.10.win32_1.0.0.202111181127/tools/bin/../lib/gcc/arm-none-eabi/10.3.1/../../../../arm-none-eabi/lib/thumb/v6-m/nofp\libc_nano.a(lib_a-reent.o)
                0x0000000020000810                errno
 .bss.__lock___malloc_recursive_mutex
                0x0000000020000814        0x1 c:/st/stm32cubeide_1.10.0/stm32cubeide/plugins/com.st.stm32cube.ide.mcu.externaltools.gnu-tools-for-stm32.10.3-2021.10.win32_1.0.0.202111181127/tools/bin/../lib/gcc/arm-none-eabi/10.3.1/../../../../arm-none-eabi/lib/thumb/v6-m/nofp\libc_nano.a(lib_a-lock.o)
                0x0000000020000814                __lock___malloc_recursive_mutex
 *(COMMON)
                0x0000000020000818                . = ALIGN (0x4)
 *fill*         0x0000000020000815        0x3 
                0x0000000020000818                _ebss = .
                0x0000000020000818                __bss_end__ = _ebss

._user_heap_stack
                0x0000000020000818      0x600 load address 0x0000000008007fe0
                0x0000000020000818                . = ALIGN (0x8)
                [!provide]                        PROVIDE (end = .)
                0x0000000020000818                PROVIDE (_end = .)
                0x0000000020000a18                . = (. + _Min_Heap_Size)
 *fill*         0x0000000020000818      0x200 
                0x0000000020000e18                . = (. + _Min_Stack_Size)
 *fill*         0x0000000020000a18      0x400 
                0x0000000020000e18                . = ALIGN (0x8)

/DISCARD/
 libc.a(*)
 libm.a(*)
 libgcc.a(*)

.ARM.attributes
                0x0000000000000000       0x28
 *(.ARM.attributes)
 .ARM.attributes
                0x0000000000000000       0x1e c:/st/stm32cubeide_1.10.0/stm32cubeide/plugins/com.st.stm32cube.ide.mcu.externaltools.gnu-tools-for-stm32.10.3-2021.10.win32_1.0.0.202111181127/tools/bin/../lib/gcc/arm-none-eabi/10.3.1/thumb/v6-m/nofp/crti.o
 .ARM.attributes
                0x000000000000001e       0x2c c:/st/stm32cubeide_1.10.0/stm32cubeide/plugins/com.st.stm32cube.ide.mcu.externaltools.gnu-tools-for-stm32.10.3-2021.10.win32_1.0.0.202111181127/tools/bin/../lib/gcc/arm-none-eabi/10.3.1/thumb/v6-m/nofp/crtbegin.o
 .ARM.attributes
                0x000000000000004a       0x2c ./Core/Src/gpio.o
 .ARM.attributes
                0x0000000000000076       0x2c ./Core/Src/i2c.o
 .ARM.attributes
                0x00000000000000a2       0x2c ./Core/Src/main.o
 .ARM.attributes
                0x00000000000000ce       0x2c ./Core/Src/ssd1306.o
 .ARM.attributes
                0x00000000000000fa       0x2c ./Core/Src/ssd1306_adds.o
 .ARM.attributes
                0x0000000000000126       0x2c ./Core/Src/ssd1306_fonts.o
 .ARM.attributes
                0x0000000000000152       0x2c ./Core/Src/stm32l0xx_hal_msp.o
 .ARM.attributes
                0x000000000000017e       0x2c ./Core/Src/stm32l0xx_it.o
 .ARM.attributes
                0x00000000000001aa       0x2c ./Core/Src/sysmem.o
 .ARM.attributes
                0x00000000000001d6       0x2c ./Core/Src/system_stm32l0xx.o
 .ARM.attributes
                0x0000000000000202       0x2c ./Core/Src/tim.o
 .ARM.attributes
                0x000000000000022e       0x2c ./Core/Src/usart.o
 .ARM.attributes
                0x000000000000025a       0x22 ./Core/Startup/startup_stm32l073rztx.o
 .ARM.attributes
                0x000000000000027c       0x2c ./Drivers/STM32L0xx_HAL_Driver/Src/stm32l0xx_hal.o
 .ARM.attributes
                0x00000000000002a8       0x2c ./Drivers/STM32L0xx_HAL_Driver/Src/stm32l0xx_hal_cortex.o
 .ARM.attributes
                0x00000000000002d4       0x2c ./Drivers/STM32L0xx_HAL_Driver/Src/stm32l0xx_hal_gpio.o
 .ARM.attributes
                0x0000000000000300       0x2c ./Drivers/STM32L0xx_HAL_Driver/Src/stm32l0xx_hal_i2c.o
 .ARM.attributes
                0x000000000000032c       0x2c ./Drivers/STM32L0xx_HAL_Driver/Src/stm32l0xx_hal_i2c_ex.o
 .ARM.attributes
                0x0000000000000358       0x2c ./Drivers/STM32L0xx_HAL_Driver/Src/stm32l0xx_hal_rcc.o
 .ARM.attributes
                0x0000000000000384       0x2c ./Drivers/STM32L0xx_HAL_Driver/Src/stm32l0xx_hal_rcc_ex.o
 .ARM.attributes
                0x00000000000003b0       0x2c ./Drivers/STM32L0xx_HAL_Driver/Src/stm32l0xx_hal_tim.o
 .ARM.attributes
                0x00000000000003dc       0x2c ./Drivers/STM32L0xx_HAL_Driver/Src/stm32l0xx_hal_tim_ex.o
 .ARM.attributes
                0x0000000000000408       0x2c ./Drivers/STM32L0xx_HAL_Driver/Src/stm32l0xx_hal_uart.o
 .ARM.attributes
                0x0000000000000434       0x2c c:/st/stm32cubeide_1.10.0/stm32cubeide/plugins/com.st.stm32cube.ide.mcu.externaltools.gnu-tools-for-stm32.10.3-2021.10.win32_1.0.0.202111181127/tools/bin/../lib/gcc/arm-none-eabi/10.3.1/../../../../arm-none-eabi/lib/thumb/v6-m/nofp\libc_nano.a(lib_a-errno.o)
 .ARM.attributes
                0x0000000000000460       0x2c c:/st/stm32cubeide_1.10.0/stm32cubeide/plugins/com.st.stm32cube.ide.mcu.externaltools.gnu-tools-for-stm32.10.3-2021.10.win32_1.0.0.202111181127/tools/bin/../lib/gcc/arm-none-eabi/10.3.1/../../../../arm-none-eabi/lib/thumb/v6-m/nofp\libc_nano.a(lib_a-impure.o)
 .ARM.attributes
                0x000000000000048c       0x2c c:/st/stm32cubeide_1.10.0/stm32cubeide/plugins/com.st.stm32cube.ide.mcu.externaltools.gnu-tools-for-stm32.10.3-2021.10.win32_1.0.0.202111181127/tools/bin/../lib/gcc/arm-none-eabi/10.3.1/../../../../arm-none-eabi/lib/thumb/v6-m/nofp\libc_nano.a(lib_a-init.o)
 .ARM.attributes
                0x00000000000004b8       0x2c c:/st/stm32cubeide_1.10.0/stm32cubeide/plugins/com.st.stm32cube.ide.mcu.externaltools.gnu-tools-for-stm32.10.3-2021.10.win32_1.0.0.202111181127/tools/bin/../lib/gcc/arm-none-eabi/10.3.1/../../../../arm-none-eabi/lib/thumb/v6-m/nofp\libc_nano.a(lib_a-memcpy-stub.o)
 .ARM.attributes
                0x00000000000004e4       0x2c c:/st/stm32cubeide_1.10.0/stm32cubeide/plugins/com.st.stm32cube.ide.mcu.externaltools.gnu-tools-for-stm32.10.3-2021.10.win32_1.0.0.202111181127/tools/bin/../lib/gcc/arm-none-eabi/10.3.1/../../../../arm-none-eabi/lib/thumb/v6-m/nofp\libc_nano.a(lib_a-memset.o)
 .ARM.attributes
                0x0000000000000510       0x2c c:/st/stm32cubeide_1.10.0/stm32cubeide/plugins/com.st.stm32cube.ide.mcu.externaltools.gnu-tools-for-stm32.10.3-2021.10.win32_1.0.0.202111181127/tools/bin/../lib/gcc/arm-none-eabi/10.3.1/../../../../arm-none-eabi/lib/thumb/v6-m/nofp\libc_nano.a(lib_a-sprintf.o)
 .ARM.attributes
                0x000000000000053c       0x2c c:/st/stm32cubeide_1.10.0/stm32cubeide/plugins/com.st.stm32cube.ide.mcu.externaltools.gnu-tools-for-stm32.10.3-2021.10.win32_1.0.0.202111181127/tools/bin/../lib/gcc/arm-none-eabi/10.3.1/../../../../arm-none-eabi/lib/thumb/v6-m/nofp\libc_nano.a(lib_a-nano-svfprintf.o)
 .ARM.attributes
                0x0000000000000568       0x2c c:/st/stm32cubeide_1.10.0/stm32cubeide/plugins/com.st.stm32cube.ide.mcu.externaltools.gnu-tools-for-stm32.10.3-2021.10.win32_1.0.0.202111181127/tools/bin/../lib/gcc/arm-none-eabi/10.3.1/../../../../arm-none-eabi/lib/thumb/v6-m/nofp\libc_nano.a(lib_a-nano-vfprintf_i.o)
 .ARM.attributes
                0x0000000000000594       0x2c c:/st/stm32cubeide_1.10.0/stm32cubeide/plugins/com.st.stm32cube.ide.mcu.externaltools.gnu-tools-for-stm32.10.3-2021.10.win32_1.0.0.202111181127/tools/bin/../lib/gcc/arm-none-eabi/10.3.1/../../../../arm-none-eabi/lib/thumb/v6-m/nofp\libc_nano.a(lib_a-memchr-stub.o)
 .ARM.attributes
                0x00000000000005c0       0x2c c:/st/stm32cubeide_1.10.0/stm32cubeide/plugins/com.st.stm32cube.ide.mcu.externaltools.gnu-tools-for-stm32.10.3-2021.10.win32_1.0.0.202111181127/tools/bin/../lib/gcc/arm-none-eabi/10.3.1/../../../../arm-none-eabi/lib/thumb/v6-m/nofp\libc_nano.a(lib_a-memmove.o)
 .ARM.attributes
                0x00000000000005ec       0x2c c:/st/stm32cubeide_1.10.0/stm32cubeide/plugins/com.st.stm32cube.ide.mcu.externaltools.gnu-tools-for-stm32.10.3-2021.10.win32_1.0.0.202111181127/tools/bin/../lib/gcc/arm-none-eabi/10.3.1/../../../../arm-none-eabi/lib/thumb/v6-m/nofp\libc_nano.a(lib_a-nano-freer.o)
 .ARM.attributes
                0x0000000000000618       0x2c c:/st/stm32cubeide_1.10.0/stm32cubeide/plugins/com.st.stm32cube.ide.mcu.externaltools.gnu-tools-for-stm32.10.3-2021.10.win32_1.0.0.202111181127/tools/bin/../lib/gcc/arm-none-eabi/10.3.1/../../../../arm-none-eabi/lib/thumb/v6-m/nofp\libc_nano.a(lib_a-nano-mallocr.o)
 .ARM.attributes
                0x0000000000000644       0x2c c:/st/stm32cubeide_1.10.0/stm32cubeide/plugins/com.st.stm32cube.ide.mcu.externaltools.gnu-tools-for-stm32.10.3-2021.10.win32_1.0.0.202111181127/tools/bin/../lib/gcc/arm-none-eabi/10.3.1/../../../../arm-none-eabi/lib/thumb/v6-m/nofp\libc_nano.a(lib_a-nano-reallocr.o)
 .ARM.attributes
                0x0000000000000670       0x2c c:/st/stm32cubeide_1.10.0/stm32cubeide/plugins/com.st.stm32cube.ide.mcu.externaltools.gnu-tools-for-stm32.10.3-2021.10.win32_1.0.0.202111181127/tools/bin/../lib/gcc/arm-none-eabi/10.3.1/../../../../arm-none-eabi/lib/thumb/v6-m/nofp\libc_nano.a(lib_a-sbrkr.o)
 .ARM.attributes
                0x000000000000069c       0x2c c:/st/stm32cubeide_1.10.0/stm32cubeide/plugins/com.st.stm32cube.ide.mcu.externaltools.gnu-tools-for-stm32.10.3-2021.10.win32_1.0.0.202111181127/tools/bin/../lib/gcc/arm-none-eabi/10.3.1/../../../../arm-none-eabi/lib/thumb/v6-m/nofp\libc_nano.a(lib_a-mlock.o)
 .ARM.attributes
                0x00000000000006c8       0x2c c:/st/stm32cubeide_1.10.0/stm32cubeide/plugins/com.st.stm32cube.ide.mcu.externaltools.gnu-tools-for-stm32.10.3-2021.10.win32_1.0.0.202111181127/tools/bin/../lib/gcc/arm-none-eabi/10.3.1/../../../../arm-none-eabi/lib/thumb/v6-m/nofp\libc_nano.a(lib_a-nano-msizer.o)
 .ARM.attributes
                0x00000000000006f4       0x2c c:/st/stm32cubeide_1.10.0/stm32cubeide/plugins/com.st.stm32cube.ide.mcu.externaltools.gnu-tools-for-stm32.10.3-2021.10.win32_1.0.0.202111181127/tools/bin/../lib/gcc/arm-none-eabi/10.3.1/../../../../arm-none-eabi/lib/thumb/v6-m/nofp\libc_nano.a(lib_a-reent.o)
 .ARM.attributes
                0x0000000000000720       0x2c c:/st/stm32cubeide_1.10.0/stm32cubeide/plugins/com.st.stm32cube.ide.mcu.externaltools.gnu-tools-for-stm32.10.3-2021.10.win32_1.0.0.202111181127/tools/bin/../lib/gcc/arm-none-eabi/10.3.1/../../../../arm-none-eabi/lib/thumb/v6-m/nofp\libc_nano.a(lib_a-lock.o)
 .ARM.attributes
                0x000000000000074c       0x1e c:/st/stm32cubeide_1.10.0/stm32cubeide/plugins/com.st.stm32cube.ide.mcu.externaltools.gnu-tools-for-stm32.10.3-2021.10.win32_1.0.0.202111181127/tools/bin/../lib/gcc/arm-none-eabi/10.3.1/thumb/v6-m/nofp\libgcc.a(_thumb1_case_shi.o)
 .ARM.attributes
                0x000000000000076a       0x1e c:/st/stm32cubeide_1.10.0/stm32cubeide/plugins/com.st.stm32cube.ide.mcu.externaltools.gnu-tools-for-stm32.10.3-2021.10.win32_1.0.0.202111181127/tools/bin/../lib/gcc/arm-none-eabi/10.3.1/thumb/v6-m/nofp\libgcc.a(_udivsi3.o)
 .ARM.attributes
                0x0000000000000788       0x1e c:/st/stm32cubeide_1.10.0/stm32cubeide/plugins/com.st.stm32cube.ide.mcu.externaltools.gnu-tools-for-stm32.10.3-2021.10.win32_1.0.0.202111181127/tools/bin/../lib/gcc/arm-none-eabi/10.3.1/thumb/v6-m/nofp\libgcc.a(_dvmd_tls.o)
 .ARM.attributes
                0x00000000000007a6       0x1e c:/st/stm32cubeide_1.10.0/stm32cubeide/plugins/com.st.stm32cube.ide.mcu.externaltools.gnu-tools-for-stm32.10.3-2021.10.win32_1.0.0.202111181127/tools/bin/../lib/gcc/arm-none-eabi/10.3.1/thumb/v6-m/nofp\libgcc.a(_aeabi_uldivmod.o)
 .ARM.attributes
                0x00000000000007c4       0x2c c:/st/stm32cubeide_1.10.0/stm32cubeide/plugins/com.st.stm32cube.ide.mcu.externaltools.gnu-tools-for-stm32.10.3-2021.10.win32_1.0.0.202111181127/tools/bin/../lib/gcc/arm-none-eabi/10.3.1/thumb/v6-m/nofp\libgcc.a(_muldi3.o)
 .ARM.attributes
                0x00000000000007f0       0x2c c:/st/stm32cubeide_1.10.0/stm32cubeide/plugins/com.st.stm32cube.ide.mcu.externaltools.gnu-tools-for-stm32.10.3-2021.10.win32_1.0.0.202111181127/tools/bin/../lib/gcc/arm-none-eabi/10.3.1/thumb/v6-m/nofp\libgcc.a(_udivmoddi4.o)
 .ARM.attributes
                0x000000000000081c       0x1e c:/st/stm32cubeide_1.10.0/stm32cubeide/plugins/com.st.stm32cube.ide.mcu.externaltools.gnu-tools-for-stm32.10.3-2021.10.win32_1.0.0.202111181127/tools/bin/../lib/gcc/arm-none-eabi/10.3.1/thumb/v6-m/nofp\libgcc.a(_clzdi2.o)
 .ARM.attributes
                0x000000000000083a       0x1e c:/st/stm32cubeide_1.10.0/stm32cubeide/plugins/com.st.stm32cube.ide.mcu.externaltools.gnu-tools-for-stm32.10.3-2021.10.win32_1.0.0.202111181127/tools/bin/../lib/gcc/arm-none-eabi/10.3.1/thumb/v6-m/nofp\libgcc.a(_clzsi2.o)
 .ARM.attributes
                0x0000000000000858       0x1e c:/st/stm32cubeide_1.10.0/stm32cubeide/plugins/com.st.stm32cube.ide.mcu.externaltools.gnu-tools-for-stm32.10.3-2021.10.win32_1.0.0.202111181127/tools/bin/../lib/gcc/arm-none-eabi/10.3.1/thumb/v6-m/nofp/crtn.o
OUTPUT(Szeloba.elf elf32-littlearm)
LOAD linker stubs
LOAD c:/st/stm32cubeide_1.10.0/stm32cubeide/plugins/com.st.stm32cube.ide.mcu.externaltools.gnu-tools-for-stm32.10.3-2021.10.win32_1.0.0.202111181127/tools/bin/../lib/gcc/arm-none-eabi/10.3.1/../../../../arm-none-eabi/lib/thumb/v6-m/nofp\libc.a
LOAD c:/st/stm32cubeide_1.10.0/stm32cubeide/plugins/com.st.stm32cube.ide.mcu.externaltools.gnu-tools-for-stm32.10.3-2021.10.win32_1.0.0.202111181127/tools/bin/../lib/gcc/arm-none-eabi/10.3.1/../../../../arm-none-eabi/lib/thumb/v6-m/nofp\libm.a
LOAD c:/st/stm32cubeide_1.10.0/stm32cubeide/plugins/com.st.stm32cube.ide.mcu.externaltools.gnu-tools-for-stm32.10.3-2021.10.win32_1.0.0.202111181127/tools/bin/../lib/gcc/arm-none-eabi/10.3.1/thumb/v6-m/nofp\libgcc.a

.debug_info     0x0000000000000000    0x1ab06
 .debug_info    0x0000000000000000      0x673 ./Core/Src/gpio.o
 .debug_info    0x0000000000000673      0xa81 ./Core/Src/i2c.o
 .debug_info    0x00000000000010f4     0x12b9 ./Core/Src/main.o
 .debug_info    0x00000000000023ad     0x2330 ./Core/Src/ssd1306.o
 .debug_info    0x00000000000046dd     0x1eb8 ./Core/Src/ssd1306_adds.o
 .debug_info    0x0000000000006595      0x299 ./Core/Src/ssd1306_fonts.o
 .debug_info    0x000000000000682e      0x1e3 ./Core/Src/stm32l0xx_hal_msp.o
 .debug_info    0x0000000000006a11      0x7a7 ./Core/Src/stm32l0xx_it.o
 .debug_info    0x00000000000071b8      0x18e ./Core/Src/sysmem.o
 .debug_info    0x0000000000007346      0x346 ./Core/Src/system_stm32l0xx.o
 .debug_info    0x000000000000768c     0x14fa ./Core/Src/tim.o
 .debug_info    0x0000000000008b86      0xa2a ./Core/Src/usart.o
 .debug_info    0x00000000000095b0       0x22 ./Core/Startup/startup_stm32l073rztx.o
 .debug_info    0x00000000000095d2      0x994 ./Drivers/STM32L0xx_HAL_Driver/Src/stm32l0xx_hal.o
 .debug_info    0x0000000000009f66      0xa3c ./Drivers/STM32L0xx_HAL_Driver/Src/stm32l0xx_hal_cortex.o
 .debug_info    0x000000000000a9a2      0x6e4 ./Drivers/STM32L0xx_HAL_Driver/Src/stm32l0xx_hal_gpio.o
 .debug_info    0x000000000000b086     0x3fcf ./Drivers/STM32L0xx_HAL_Driver/Src/stm32l0xx_hal_i2c.o
 .debug_info    0x000000000000f055      0x914 ./Drivers/STM32L0xx_HAL_Driver/Src/stm32l0xx_hal_i2c_ex.o
 .debug_info    0x000000000000f969      0xdd4 ./Drivers/STM32L0xx_HAL_Driver/Src/stm32l0xx_hal_rcc.o
 .debug_info    0x000000000001073d      0x9b6 ./Drivers/STM32L0xx_HAL_Driver/Src/stm32l0xx_hal_rcc_ex.o
 .debug_info    0x00000000000110f3     0x419c ./Drivers/STM32L0xx_HAL_Driver/Src/stm32l0xx_hal_tim.o
 .debug_info    0x000000000001528f      0x70a ./Drivers/STM32L0xx_HAL_Driver/Src/stm32l0xx_hal_tim_ex.o
 .debug_info    0x0000000000015999     0x516d ./Drivers/STM32L0xx_HAL_Driver/Src/stm32l0xx_hal_uart.o

.debug_abbrev   0x0000000000000000     0x2fba
 .debug_abbrev  0x0000000000000000      0x192 ./Core/Src/gpio.o
 .debug_abbrev  0x0000000000000192      0x222 ./Core/Src/i2c.o
 .debug_abbrev  0x00000000000003b4      0x370 ./Core/Src/main.o
 .debug_abbrev  0x0000000000000724      0x340 ./Core/Src/ssd1306.o
 .debug_abbrev  0x0000000000000a64      0x2e5 ./Core/Src/ssd1306_adds.o
 .debug_abbrev  0x0000000000000d49      0x12e ./Core/Src/ssd1306_fonts.o
 .debug_abbrev  0x0000000000000e77       0x9d ./Core/Src/stm32l0xx_hal_msp.o
 .debug_abbrev  0x0000000000000f14      0x1b9 ./Core/Src/stm32l0xx_it.o
 .debug_abbrev  0x00000000000010cd       0xdd ./Core/Src/sysmem.o
 .debug_abbrev  0x00000000000011aa      0x134 ./Core/Src/system_stm32l0xx.o
 .debug_abbrev  0x00000000000012de      0x289 ./Core/Src/tim.o
 .debug_abbrev  0x0000000000001567      0x200 ./Core/Src/usart.o
 .debug_abbrev  0x0000000000001767       0x12 ./Core/Startup/startup_stm32l073rztx.o
 .debug_abbrev  0x0000000000001779      0x29f ./Drivers/STM32L0xx_HAL_Driver/Src/stm32l0xx_hal.o
 .debug_abbrev  0x0000000000001a18      0x28d ./Drivers/STM32L0xx_HAL_Driver/Src/stm32l0xx_hal_cortex.o
 .debug_abbrev  0x0000000000001ca5      0x1d8 ./Drivers/STM32L0xx_HAL_Driver/Src/stm32l0xx_hal_gpio.o
 .debug_abbrev  0x0000000000001e7d      0x29b ./Drivers/STM32L0xx_HAL_Driver/Src/stm32l0xx_hal_i2c.o
 .debug_abbrev  0x0000000000002118      0x1ad ./Drivers/STM32L0xx_HAL_Driver/Src/stm32l0xx_hal_i2c_ex.o
 .debug_abbrev  0x00000000000022c5      0x2e6 ./Drivers/STM32L0xx_HAL_Driver/Src/stm32l0xx_hal_rcc.o
 .debug_abbrev  0x00000000000025ab      0x20e ./Drivers/STM32L0xx_HAL_Driver/Src/stm32l0xx_hal_rcc_ex.o
 .debug_abbrev  0x00000000000027b9      0x318 ./Drivers/STM32L0xx_HAL_Driver/Src/stm32l0xx_hal_tim.o
 .debug_abbrev  0x0000000000002ad1      0x1af ./Drivers/STM32L0xx_HAL_Driver/Src/stm32l0xx_hal_tim_ex.o
 .debug_abbrev  0x0000000000002c80      0x33a ./Drivers/STM32L0xx_HAL_Driver/Src/stm32l0xx_hal_uart.o

.debug_aranges  0x0000000000000000      0xff0
 .debug_aranges
                0x0000000000000000       0x20 ./Core/Src/gpio.o
 .debug_aranges
                0x0000000000000020       0x30 ./Core/Src/i2c.o
 .debug_aranges
                0x0000000000000050       0x48 ./Core/Src/main.o
 .debug_aranges
                0x0000000000000098      0x100 ./Core/Src/ssd1306.o
 .debug_aranges
                0x0000000000000198       0xd8 ./Core/Src/ssd1306_adds.o
 .debug_aranges
                0x0000000000000270       0x20 ./Core/Src/ssd1306_fonts.o
 .debug_aranges
                0x0000000000000290       0x20 ./Core/Src/stm32l0xx_hal_msp.o
 .debug_aranges
                0x00000000000002b0       0x70 ./Core/Src/stm32l0xx_it.o
 .debug_aranges
                0x0000000000000320       0x20 ./Core/Src/sysmem.o
 .debug_aranges
                0x0000000000000340       0x28 ./Core/Src/system_stm32l0xx.o
 .debug_aranges
                0x0000000000000368       0x68 ./Core/Src/tim.o
 .debug_aranges
                0x00000000000003d0       0x30 ./Core/Src/usart.o
 .debug_aranges
                0x0000000000000400       0x28 ./Core/Startup/startup_stm32l073rztx.o
 .debug_aranges
                0x0000000000000428      0x110 ./Drivers/STM32L0xx_HAL_Driver/Src/stm32l0xx_hal.o
 .debug_aranges
                0x0000000000000538       0x90 ./Drivers/STM32L0xx_HAL_Driver/Src/stm32l0xx_hal_cortex.o
 .debug_aranges
                0x00000000000005c8       0x58 ./Drivers/STM32L0xx_HAL_Driver/Src/stm32l0xx_hal_gpio.o
 .debug_aranges
                0x0000000000000620      0x290 ./Drivers/STM32L0xx_HAL_Driver/Src/stm32l0xx_hal_i2c.o
 .debug_aranges
                0x00000000000008b0       0x48 ./Drivers/STM32L0xx_HAL_Driver/Src/stm32l0xx_hal_i2c_ex.o
 .debug_aranges
                0x00000000000008f8       0x80 ./Drivers/STM32L0xx_HAL_Driver/Src/stm32l0xx_hal_rcc.o
 .debug_aranges
                0x0000000000000978       0xb0 ./Drivers/STM32L0xx_HAL_Driver/Src/stm32l0xx_hal_rcc_ex.o
 .debug_aranges
                0x0000000000000a28      0x388 ./Drivers/STM32L0xx_HAL_Driver/Src/stm32l0xx_hal_tim.o
 .debug_aranges
                0x0000000000000db0       0x28 ./Drivers/STM32L0xx_HAL_Driver/Src/stm32l0xx_hal_tim_ex.o
 .debug_aranges
                0x0000000000000dd8      0x218 ./Drivers/STM32L0xx_HAL_Driver/Src/stm32l0xx_hal_uart.o

.debug_ranges   0x0000000000000000     0x10f8
 .debug_ranges  0x0000000000000000       0x10 ./Core/Src/gpio.o
 .debug_ranges  0x0000000000000010       0x20 ./Core/Src/i2c.o
 .debug_ranges  0x0000000000000030       0x98 ./Core/Src/main.o
 .debug_ranges  0x00000000000000c8      0x120 ./Core/Src/ssd1306.o
 .debug_ranges  0x00000000000001e8      0x158 ./Core/Src/ssd1306_adds.o
 .debug_ranges  0x0000000000000340       0x10 ./Core/Src/ssd1306_fonts.o
 .debug_ranges  0x0000000000000350       0x10 ./Core/Src/stm32l0xx_hal_msp.o
 .debug_ranges  0x0000000000000360       0x60 ./Core/Src/stm32l0xx_it.o
 .debug_ranges  0x00000000000003c0       0x10 ./Core/Src/sysmem.o
 .debug_ranges  0x00000000000003d0       0x18 ./Core/Src/system_stm32l0xx.o
 .debug_ranges  0x00000000000003e8       0x58 ./Core/Src/tim.o
 .debug_ranges  0x0000000000000440       0x20 ./Core/Src/usart.o
 .debug_ranges  0x0000000000000460       0x20 ./Core/Startup/startup_stm32l073rztx.o
 .debug_ranges  0x0000000000000480      0x100 ./Drivers/STM32L0xx_HAL_Driver/Src/stm32l0xx_hal.o
 .debug_ranges  0x0000000000000580       0xc8 ./Drivers/STM32L0xx_HAL_Driver/Src/stm32l0xx_hal_cortex.o
 .debug_ranges  0x0000000000000648       0x48 ./Drivers/STM32L0xx_HAL_Driver/Src/stm32l0xx_hal_gpio.o
 .debug_ranges  0x0000000000000690      0x280 ./Drivers/STM32L0xx_HAL_Driver/Src/stm32l0xx_hal_i2c.o
 .debug_ranges  0x0000000000000910       0x38 ./Drivers/STM32L0xx_HAL_Driver/Src/stm32l0xx_hal_i2c_ex.o
 .debug_ranges  0x0000000000000948       0xa0 ./Drivers/STM32L0xx_HAL_Driver/Src/stm32l0xx_hal_rcc.o
 .debug_ranges  0x00000000000009e8       0xa0 ./Drivers/STM32L0xx_HAL_Driver/Src/stm32l0xx_hal_rcc_ex.o
 .debug_ranges  0x0000000000000a88      0x450 ./Drivers/STM32L0xx_HAL_Driver/Src/stm32l0xx_hal_tim.o
 .debug_ranges  0x0000000000000ed8       0x18 ./Drivers/STM32L0xx_HAL_Driver/Src/stm32l0xx_hal_tim_ex.o
 .debug_ranges  0x0000000000000ef0      0x208 ./Drivers/STM32L0xx_HAL_Driver/Src/stm32l0xx_hal_uart.o

.debug_macro    0x0000000000000000    0x16ce2
 .debug_macro   0x0000000000000000      0x1e7 ./Core/Src/gpio.o
 .debug_macro   0x00000000000001e7      0xa4e ./Core/Src/gpio.o
 .debug_macro   0x0000000000000c35      0x125 ./Core/Src/gpio.o
 .debug_macro   0x0000000000000d5a       0x2e ./Core/Src/gpio.o
 .debug_macro   0x0000000000000d88       0x28 ./Core/Src/gpio.o
 .debug_macro   0x0000000000000db0       0x22 ./Core/Src/gpio.o
 .debug_macro   0x0000000000000dd2       0x8e ./Core/Src/gpio.o
 .debug_macro   0x0000000000000e60       0x51 ./Core/Src/gpio.o
 .debug_macro   0x0000000000000eb1      0x103 ./Core/Src/gpio.o
 .debug_macro   0x0000000000000fb4       0x6a ./Core/Src/gpio.o
 .debug_macro   0x000000000000101e      0x1df ./Core/Src/gpio.o
 .debug_macro   0x00000000000011fd       0x1c ./Core/Src/gpio.o
 .debug_macro   0x0000000000001219       0x22 ./Core/Src/gpio.o
 .debug_macro   0x000000000000123b       0xaf ./Core/Src/gpio.o
 .debug_macro   0x00000000000012ea      0x4da ./Core/Src/gpio.o
 .debug_macro   0x00000000000017c4      0x11f ./Core/Src/gpio.o
 .debug_macro   0x00000000000018e3     0xa44c ./Core/Src/gpio.o
 .debug_macro   0x000000000000bd2f       0x66 ./Core/Src/gpio.o
 .debug_macro   0x000000000000bd95     0x355c ./Core/Src/gpio.o
 .debug_macro   0x000000000000f2f1      0x174 ./Core/Src/gpio.o
 .debug_macro   0x000000000000f465       0x5b ./Core/Src/gpio.o
 .debug_macro   0x000000000000f4c0      0x8eb ./Core/Src/gpio.o
 .debug_macro   0x000000000000fdab      0xbb4 ./Core/Src/gpio.o
 .debug_macro   0x000000000001095f      0x197 ./Core/Src/gpio.o
 .debug_macro   0x0000000000010af6      0x13f ./Core/Src/gpio.o
 .debug_macro   0x0000000000010c35      0x1d1 ./Core/Src/gpio.o
 .debug_macro   0x0000000000010e06       0x82 ./Core/Src/gpio.o
 .debug_macro   0x0000000000010e88      0x28e ./Core/Src/gpio.o
 .debug_macro   0x0000000000011116      0x1e9 ./Core/Src/gpio.o
 .debug_macro   0x00000000000112ff      0x13e ./Core/Src/gpio.o
 .debug_macro   0x000000000001143d      0x4b5 ./Core/Src/gpio.o
 .debug_macro   0x00000000000118f2      0x22c ./Core/Src/gpio.o
 .debug_macro   0x0000000000011b1e       0x5b ./Core/Src/gpio.o
 .debug_macro   0x0000000000011b79       0xa5 ./Core/Src/gpio.o
 .debug_macro   0x0000000000011c1e      0x18d ./Core/Src/gpio.o
 .debug_macro   0x0000000000011dab       0x16 ./Core/Src/gpio.o
 .debug_macro   0x0000000000011dc1      0x773 ./Core/Src/gpio.o
 .debug_macro   0x0000000000012534       0xfc ./Core/Src/gpio.o
 .debug_macro   0x0000000000012630      0x5ba ./Core/Src/gpio.o
 .debug_macro   0x0000000000012bea       0x44 ./Core/Src/gpio.o
 .debug_macro   0x0000000000012c2e      0x1a2 ./Core/Src/gpio.o
 .debug_macro   0x0000000000012dd0       0x88 ./Core/Src/gpio.o
 .debug_macro   0x0000000000012e58      0x1e7 ./Core/Src/i2c.o
 .debug_macro   0x000000000001303f      0x3fd ./Core/Src/main.o
 .debug_macro   0x000000000001343c       0x22 ./Core/Src/main.o
 .debug_macro   0x000000000001345e       0x52 ./Core/Src/main.o
 .debug_macro   0x00000000000134b0       0x18 ./Core/Src/main.o
 .debug_macro   0x00000000000134c8       0x3c ./Core/Src/main.o
 .debug_macro   0x0000000000013504       0x34 ./Core/Src/main.o
 .debug_macro   0x0000000000013538       0x16 ./Core/Src/main.o
 .debug_macro   0x000000000001354e       0x35 ./Core/Src/main.o
 .debug_macro   0x0000000000013583      0x341 ./Core/Src/main.o
 .debug_macro   0x00000000000138c4       0x10 ./Core/Src/main.o
 .debug_macro   0x00000000000138d4       0x16 ./Core/Src/main.o
 .debug_macro   0x00000000000138ea       0x43 ./Core/Src/main.o
 .debug_macro   0x000000000001392d       0x34 ./Core/Src/main.o
 .debug_macro   0x0000000000013961       0x10 ./Core/Src/main.o
 .debug_macro   0x0000000000013971       0x58 ./Core/Src/main.o
 .debug_macro   0x00000000000139c9       0x71 ./Core/Src/main.o
 .debug_macro   0x0000000000013a3a       0x1c ./Core/Src/main.o
 .debug_macro   0x0000000000013a56      0x12a ./Core/Src/main.o
 .debug_macro   0x0000000000013b80       0x10 ./Core/Src/main.o
 .debug_macro   0x0000000000013b90       0x1c ./Core/Src/main.o
 .debug_macro   0x0000000000013bac       0x52 ./Core/Src/main.o
 .debug_macro   0x0000000000013bfe       0x22 ./Core/Src/main.o
 .debug_macro   0x0000000000013c20       0x10 ./Core/Src/main.o
 .debug_macro   0x0000000000013c30       0x52 ./Core/Src/main.o
 .debug_macro   0x0000000000013c82       0xd5 ./Core/Src/main.o
 .debug_macro   0x0000000000013d57       0x1c ./Core/Src/main.o
 .debug_macro   0x0000000000013d73       0x3d ./Core/Src/main.o
 .debug_macro   0x0000000000013db0       0x16 ./Core/Src/main.o
 .debug_macro   0x0000000000013dc6      0x145 ./Core/Src/main.o
 .debug_macro   0x0000000000013f0b       0x16 ./Core/Src/main.o
 .debug_macro   0x0000000000013f21       0x20 ./Core/Src/main.o
 .debug_macro   0x0000000000013f41       0x16 ./Core/Src/main.o
 .debug_macro   0x0000000000013f57       0x16 ./Core/Src/main.o
 .debug_macro   0x0000000000013f6d       0x29 ./Core/Src/main.o
 .debug_macro   0x0000000000013f96       0x1d ./Core/Src/main.o
 .debug_macro   0x0000000000013fb3       0x6a ./Core/Src/main.o
 .debug_macro   0x000000000001401d      0x331 ./Core/Src/ssd1306.o
 .debug_macro   0x000000000001434e       0x10 ./Core/Src/ssd1306.o
 .debug_macro   0x000000000001435e      0x3c6 ./Core/Src/ssd1306_adds.o
 .debug_macro   0x0000000000014724       0x4c ./Core/Src/ssd1306_adds.o
 .debug_macro   0x0000000000014770       0x94 ./Core/Src/ssd1306_adds.o
 .debug_macro   0x0000000000014804       0x57 ./Core/Src/ssd1306_adds.o
 .debug_macro   0x000000000001485b       0x97 ./Core/Src/ssd1306_adds.o
 .debug_macro   0x00000000000148f2       0xfd ./Core/Src/ssd1306_adds.o
 .debug_macro   0x00000000000149ef       0x55 ./Core/Src/ssd1306_adds.o
 .debug_macro   0x0000000000014a44      0x2a6 ./Core/Src/ssd1306_fonts.o
 .debug_macro   0x0000000000014cea      0x1dd ./Core/Src/stm32l0xx_hal_msp.o
 .debug_macro   0x0000000000014ec7      0x1e7 ./Core/Src/stm32l0xx_it.o
 .debug_macro   0x00000000000150ae       0xff ./Core/Src/sysmem.o
 .debug_macro   0x00000000000151ad      0x23b ./Core/Src/sysmem.o
 .debug_macro   0x00000000000153e8      0x1ce ./Core/Src/system_stm32l0xx.o
 .debug_macro   0x00000000000155b6      0x1e7 ./Core/Src/tim.o
 .debug_macro   0x000000000001579d      0x1e7 ./Core/Src/usart.o
 .debug_macro   0x0000000000015984      0x1f2 ./Drivers/STM32L0xx_HAL_Driver/Src/stm32l0xx_hal.o
 .debug_macro   0x0000000000015b76      0x1ce ./Drivers/STM32L0xx_HAL_Driver/Src/stm32l0xx_hal_cortex.o
 .debug_macro   0x0000000000015d44      0x1d5 ./Drivers/STM32L0xx_HAL_Driver/Src/stm32l0xx_hal_gpio.o
 .debug_macro   0x0000000000015f19      0x293 ./Drivers/STM32L0xx_HAL_Driver/Src/stm32l0xx_hal_i2c.o
 .debug_macro   0x00000000000161ac      0x1ce ./Drivers/STM32L0xx_HAL_Driver/Src/stm32l0xx_hal_i2c_ex.o
 .debug_macro   0x000000000001637a      0x204 ./Drivers/STM32L0xx_HAL_Driver/Src/stm32l0xx_hal_rcc.o
 .debug_macro   0x000000000001657e      0x1ce ./Drivers/STM32L0xx_HAL_Driver/Src/stm32l0xx_hal_rcc_ex.o
 .debug_macro   0x000000000001674c      0x1cf ./Drivers/STM32L0xx_HAL_Driver/Src/stm32l0xx_hal_tim.o
 .debug_macro   0x000000000001691b      0x1ce ./Drivers/STM32L0xx_HAL_Driver/Src/stm32l0xx_hal_tim_ex.o
 .debug_macro   0x0000000000016ae9      0x1f9 ./Drivers/STM32L0xx_HAL_Driver/Src/stm32l0xx_hal_uart.o

.debug_line     0x0000000000000000    0x1b3a3
 .debug_line    0x0000000000000000      0x7db ./Core/Src/gpio.o
 .debug_line    0x00000000000007db      0x7fb ./Core/Src/i2c.o
 .debug_line    0x0000000000000fd6      0xdf2 ./Core/Src/main.o
 .debug_line    0x0000000000001dc8     0x1392 ./Core/Src/ssd1306.o
 .debug_line    0x000000000000315a     0x14be ./Core/Src/ssd1306_adds.o
 .debug_line    0x0000000000004618      0x86e ./Core/Src/ssd1306_fonts.o
 .debug_line    0x0000000000004e86      0x6f2 ./Core/Src/stm32l0xx_hal_msp.o
 .debug_line    0x0000000000005578      0x805 ./Core/Src/stm32l0xx_it.o
 .debug_line    0x0000000000005d7d      0x50e ./Core/Src/sysmem.o
 .debug_line    0x000000000000628b      0x7df ./Core/Src/system_stm32l0xx.o
 .debug_line    0x0000000000006a6a      0xc11 ./Core/Src/tim.o
 .debug_line    0x000000000000767b      0x7e9 ./Core/Src/usart.o
 .debug_line    0x0000000000007e64       0x89 ./Core/Startup/startup_stm32l073rztx.o
 .debug_line    0x0000000000007eed      0xaee ./Drivers/STM32L0xx_HAL_Driver/Src/stm32l0xx_hal.o
 .debug_line    0x00000000000089db      0xb6a ./Drivers/STM32L0xx_HAL_Driver/Src/stm32l0xx_hal_cortex.o
 .debug_line    0x0000000000009545      0xba4 ./Drivers/STM32L0xx_HAL_Driver/Src/stm32l0xx_hal_gpio.o
 .debug_line    0x000000000000a0e9     0x4dba ./Drivers/STM32L0xx_HAL_Driver/Src/stm32l0xx_hal_i2c.o
 .debug_line    0x000000000000eea3      0x9e1 ./Drivers/STM32L0xx_HAL_Driver/Src/stm32l0xx_hal_i2c_ex.o
 .debug_line    0x000000000000f884     0x1305 ./Drivers/STM32L0xx_HAL_Driver/Src/stm32l0xx_hal_rcc.o
 .debug_line    0x0000000000010b89     0x10aa ./Drivers/STM32L0xx_HAL_Driver/Src/stm32l0xx_hal_rcc_ex.o
 .debug_line    0x0000000000011c33     0x4d0a ./Drivers/STM32L0xx_HAL_Driver/Src/stm32l0xx_hal_tim.o
 .debug_line    0x000000000001693d      0x828 ./Drivers/STM32L0xx_HAL_Driver/Src/stm32l0xx_hal_tim_ex.o
 .debug_line    0x0000000000017165     0x423e ./Drivers/STM32L0xx_HAL_Driver/Src/stm32l0xx_hal_uart.o

.debug_str      0x0000000000000000    0x86fed
 .debug_str     0x0000000000000000    0x7d924 ./Core/Src/gpio.o
                                      0x7dc7e (size before relaxing)
 .debug_str     0x000000000007d924      0x4cb ./Core/Src/i2c.o
                                      0x7dfa2 (size before relaxing)
 .debug_str     0x000000000007ddef     0x4b34 ./Core/Src/main.o
                                      0x82794 (size before relaxing)
 .debug_str     0x0000000000082923      0x58f ./Core/Src/ssd1306.o
                                      0x810ef (size before relaxing)
 .debug_str     0x0000000000082eb2      0x4cc ./Core/Src/ssd1306_adds.o
                                      0x82113 (size before relaxing)
 .debug_str     0x000000000008337e       0x77 ./Core/Src/ssd1306_fonts.o
                                      0x805d0 (size before relaxing)
 .debug_str     0x00000000000833f5       0x2c ./Core/Src/stm32l0xx_hal_msp.o
                                      0x7d99f (size before relaxing)
 .debug_str     0x0000000000083421      0x104 ./Core/Src/stm32l0xx_it.o
                                      0x7ded4 (size before relaxing)
 .debug_str     0x0000000000083525      0x4da ./Core/Src/sysmem.o
                                       0x5c8b (size before relaxing)
 .debug_str     0x00000000000839ff       0x99 ./Core/Src/system_stm32l0xx.o
                                      0x7d820 (size before relaxing)
 .debug_str     0x0000000000083a98      0x31e ./Core/Src/tim.o
                                      0x7e4cf (size before relaxing)
 .debug_str     0x0000000000083db6      0x233 ./Core/Src/usart.o
                                      0x7dedd (size before relaxing)
 .debug_str     0x0000000000083fe9       0x36 ./Core/Startup/startup_stm32l073rztx.o
                                         0x52 (size before relaxing)
 .debug_str     0x000000000008401f      0x489 ./Drivers/STM32L0xx_HAL_Driver/Src/stm32l0xx_hal.o
                                      0x7df51 (size before relaxing)
 .debug_str     0x00000000000844a8      0x286 ./Drivers/STM32L0xx_HAL_Driver/Src/stm32l0xx_hal_cortex.o
                                      0x7dc97 (size before relaxing)
 .debug_str     0x000000000008472e       0x93 ./Drivers/STM32L0xx_HAL_Driver/Src/stm32l0xx_hal_gpio.o
                                      0x7d9b2 (size before relaxing)
 .debug_str     0x00000000000847c1      0xd3e ./Drivers/STM32L0xx_HAL_Driver/Src/stm32l0xx_hal_i2c.o
                                      0x7ea86 (size before relaxing)
 .debug_str     0x00000000000854ff       0xb8 ./Drivers/STM32L0xx_HAL_Driver/Src/stm32l0xx_hal_i2c_ex.o
                                      0x7dd8a (size before relaxing)
 .debug_str     0x00000000000855b7      0x2ca ./Drivers/STM32L0xx_HAL_Driver/Src/stm32l0xx_hal_rcc.o
                                      0x7dd95 (size before relaxing)
 .debug_str     0x0000000000085881      0x326 ./Drivers/STM32L0xx_HAL_Driver/Src/stm32l0xx_hal_rcc_ex.o
                                      0x7dd23 (size before relaxing)
 .debug_str     0x0000000000085ba7      0xb18 ./Drivers/STM32L0xx_HAL_Driver/Src/stm32l0xx_hal_tim.o
                                      0x7eada (size before relaxing)
 .debug_str     0x00000000000866bf       0x57 ./Drivers/STM32L0xx_HAL_Driver/Src/stm32l0xx_hal_tim_ex.o
                                      0x7dc8f (size before relaxing)
 .debug_str     0x0000000000086716      0x8d7 ./Drivers/STM32L0xx_HAL_Driver/Src/stm32l0xx_hal_uart.o
                                      0x7e5c9 (size before relaxing)

.comment        0x0000000000000000       0x50
 .comment       0x0000000000000000       0x50 ./Core/Src/gpio.o
                                         0x51 (size before relaxing)
 .comment       0x0000000000000050       0x51 ./Core/Src/i2c.o
 .comment       0x0000000000000050       0x51 ./Core/Src/main.o
 .comment       0x0000000000000050       0x51 ./Core/Src/ssd1306.o
 .comment       0x0000000000000050       0x51 ./Core/Src/ssd1306_adds.o
 .comment       0x0000000000000050       0x51 ./Core/Src/ssd1306_fonts.o