Archive member included to satisfy reference by file (symbol)

c:/st/stm32cubeide_1.9.0/stm32cubeide/plugins/com.st.stm32cube.ide.mcu.externaltools.gnu-tools-for-stm32.10.3-2021.10.win32_1.0.0.202111181127/tools/bin/../lib/gcc/arm-none-eabi/10.3.1/../../../../arm-none-eabi/lib/thumb/v6-m/nofp\libc_nano.a(lib_a-errno.o)
                              ./Core/Src/syscalls.o (__errno)
c:/st/stm32cubeide_1.9.0/stm32cubeide/plugins/com.st.stm32cube.ide.mcu.externaltools.gnu-tools-for-stm32.10.3-2021.10.win32_1.0.0.202111181127/tools/bin/../lib/gcc/arm-none-eabi/10.3.1/../../../../arm-none-eabi/lib/thumb/v6-m/nofp\libc_nano.a(lib_a-exit.o)
                              c:/st/stm32cubeide_1.9.0/stm32cubeide/plugins/com.st.stm32cube.ide.mcu.externaltools.gnu-tools-for-stm32.10.3-2021.10.win32_1.0.0.202111181127/tools/bin/../lib/gcc/arm-none-eabi/10.3.1/../../../../arm-none-eabi/lib/thumb/v6-m/nofp/crt0.o (exit)
c:/st/stm32cubeide_1.9.0/stm32cubeide/plugins/com.st.stm32cube.ide.mcu.externaltools.gnu-tools-for-stm32.10.3-2021.10.win32_1.0.0.202111181127/tools/bin/../lib/gcc/arm-none-eabi/10.3.1/../../../../arm-none-eabi/lib/thumb/v6-m/nofp\libc_nano.a(lib_a-impure.o)
                              c:/st/stm32cubeide_1.9.0/stm32cubeide/plugins/com.st.stm32cube.ide.mcu.externaltools.gnu-tools-for-stm32.10.3-2021.10.win32_1.0.0.202111181127/tools/bin/../lib/gcc/arm-none-eabi/10.3.1/../../../../arm-none-eabi/lib/thumb/v6-m/nofp\libc_nano.a(lib_a-exit.o) (_global_impure_ptr)
c:/st/stm32cubeide_1.9.0/stm32cubeide/plugins/com.st.stm32cube.ide.mcu.externaltools.gnu-tools-for-stm32.10.3-2021.10.win32_1.0.0.202111181127/tools/bin/../lib/gcc/arm-none-eabi/10.3.1/../../../../arm-none-eabi/lib/thumb/v6-m/nofp\libc_nano.a(lib_a-init.o)
                              c:/st/stm32cubeide_1.9.0/stm32cubeide/plugins/com.st.stm32cube.ide.mcu.externaltools.gnu-tools-for-stm32.10.3-2021.10.win32_1.0.0.202111181127/tools/bin/../lib/gcc/arm-none-eabi/10.3.1/../../../../arm-none-eabi/lib/thumb/v6-m/nofp/crt0.o (__libc_init_array)
c:/st/stm32cubeide_1.9.0/stm32cubeide/plugins/com.st.stm32cube.ide.mcu.externaltools.gnu-tools-for-stm32.10.3-2021.10.win32_1.0.0.202111181127/tools/bin/../lib/gcc/arm-none-eabi/10.3.1/../../../../arm-none-eabi/lib/thumb/v6-m/nofp\libc_nano.a(lib_a-memcpy-stub.o)
                              ./Core/Src/ssd1306_adds.o (memcpy)
c:/st/stm32cubeide_1.9.0/stm32cubeide/plugins/com.st.stm32cube.ide.mcu.externaltools.gnu-tools-for-stm32.10.3-2021.10.win32_1.0.0.202111181127/tools/bin/../lib/gcc/arm-none-eabi/10.3.1/../../../../arm-none-eabi/lib/thumb/v6-m/nofp\libc_nano.a(lib_a-memset.o)
                              c:/st/stm32cubeide_1.9.0/stm32cubeide/plugins/com.st.stm32cube.ide.mcu.externaltools.gnu-tools-for-stm32.10.3-2021.10.win32_1.0.0.202111181127/tools/bin/../lib/gcc/arm-none-eabi/10.3.1/../../../../arm-none-eabi/lib/thumb/v6-m/nofp/crt0.o (memset)
c:/st/stm32cubeide_1.9.0/stm32cubeide/plugins/com.st.stm32cube.ide.mcu.externaltools.gnu-tools-for-stm32.10.3-2021.10.win32_1.0.0.202111181127/tools/bin/../lib/gcc/arm-none-eabi/10.3.1/../../../../arm-none-eabi/lib/thumb/v6-m/nofp\libc_nano.a(lib_a-sprintf.o)
                              ./Core/Src/misc.o (sprintf)
c:/st/stm32cubeide_1.9.0/stm32cubeide/plugins/com.st.stm32cube.ide.mcu.externaltools.gnu-tools-for-stm32.10.3-2021.10.win32_1.0.0.202111181127/tools/bin/../lib/gcc/arm-none-eabi/10.3.1/../../../../arm-none-eabi/lib/thumb/v6-m/nofp\libc_nano.a(lib_a-strlen.o)
                              ./Core/Src/misc.o (strlen)
c:/st/stm32cubeide_1.9.0/stm32cubeide/plugins/com.st.stm32cube.ide.mcu.externaltools.gnu-tools-for-stm32.10.3-2021.10.win32_1.0.0.202111181127/tools/bin/../lib/gcc/arm-none-eabi/10.3.1/../../../../arm-none-eabi/lib/thumb/v6-m/nofp\libc_nano.a(lib_a-nano-svfprintf.o)
                              c:/st/stm32cubeide_1.9.0/stm32cubeide/plugins/com.st.stm32cube.ide.mcu.externaltools.gnu-tools-for-stm32.10.3-2021.10.win32_1.0.0.202111181127/tools/bin/../lib/gcc/arm-none-eabi/10.3.1/../../../../arm-none-eabi/lib/thumb/v6-m/nofp\libc_nano.a(lib_a-sprintf.o) (_svfprintf_r)
c:/st/stm32cubeide_1.9.0/stm32cubeide/plugins/com.st.stm32cube.ide.mcu.externaltools.gnu-tools-for-stm32.10.3-2021.10.win32_1.0.0.202111181127/tools/bin/../lib/gcc/arm-none-eabi/10.3.1/../../../../arm-none-eabi/lib/thumb/v6-m/nofp\libc_nano.a(lib_a-nano-vfprintf_i.o)
                              c:/st/stm32cubeide_1.9.0/stm32cubeide/plugins/com.st.stm32cube.ide.mcu.externaltools.gnu-tools-for-stm32.10.3-2021.10.win32_1.0.0.202111181127/tools/bin/../lib/gcc/arm-none-eabi/10.3.1/../../../../arm-none-eabi/lib/thumb/v6-m/nofp\libc_nano.a(lib_a-nano-svfprintf.o) (_printf_i)
c:/st/stm32cubeide_1.9.0/stm32cubeide/plugins/com.st.stm32cube.ide.mcu.externaltools.gnu-tools-for-stm32.10.3-2021.10.win32_1.0.0.202111181127/tools/bin/../lib/gcc/arm-none-eabi/10.3.1/../../../../arm-none-eabi/lib/thumb/v6-m/nofp\libc_nano.a(lib_a-memchr-stub.o)
[...]
Memory Configuration

Name             Origin             Length             Attributes
RAM              0x0000000020000000 0x0000000000005000 xrw
FLASH            0x0000000008000000 0x0000000000030000 xr
*default*        0x0000000000000000 0xffffffffffffffff

Linker script and memory map

LOAD c:/st/stm32cubeide_1.9.0/stm32cubeide/plugins/com.st.stm32cube.ide.mcu.externaltools.gnu-tools-for-stm32.10.3-2021.10.win32_1.0.0.202111181127/tools/bin/../lib/gcc/arm-none-eabi/10.3.1/thumb/v6-m/nofp/crti.o
LOAD c:/st/stm32cubeide_1.9.0/stm32cubeide/plugins/com.st.stm32cube.ide.mcu.externaltools.gnu-tools-for-stm32.10.3-2021.10.win32_1.0.0.202111181127/tools/bin/../lib/gcc/arm-none-eabi/10.3.1/thumb/v6-m/nofp/crtbegin.o
LOAD c:/st/stm32cubeide_1.9.0/stm32cubeide/plugins/com.st.stm32cube.ide.mcu.externaltools.gnu-tools-for-stm32.10.3-2021.10.win32_1.0.0.202111181127/tools/bin/../lib/gcc/arm-none-eabi/10.3.1/../../../../arm-none-eabi/lib/thumb/v6-m/nofp/crt0.o
LOAD ./Core/Src/gpio.o
LOAD ./Core/Src/i2c.o
LOAD ./Core/Src/main.o
LOAD ./Core/Src/misc.o
LOAD ./Core/Src/ssd1306.o
LOAD ./Core/Src/ssd1306_adds.o
LOAD ./Core/Src/ssd1306_fonts.o
LOAD ./Core/Src/stm32l0xx_hal_msp.o
LOAD ./Core/Src/stm32l0xx_it.o
LOAD ./Core/Src/syscalls.o
LOAD ./Core/Src/sysmem.o
LOAD ./Core/Src/system_stm32l0xx.o
LOAD ./Core/Src/tim.o
LOAD ./Core/Src/usart.o
LOAD ./Core/Startup/startup_stm32l073rztx.o
LOAD ./Drivers/STM32L0xx_HAL_Driver/Src/stm32l0xx_hal.o
LOAD ./Drivers/STM32L0xx_HAL_Driver/Src/stm32l0xx_hal_cortex.o
LOAD ./Drivers/STM32L0xx_HAL_Driver/Src/stm32l0xx_hal_dma.o
LOAD ./Drivers/STM32L0xx_HAL_Driver/Src/stm32l0xx_hal_exti.o
LOAD ./Drivers/STM32L0xx_HAL_Driver/Src/stm32l0xx_hal_flash.o
LOAD ./Drivers/STM32L0xx_HAL_Driver/Src/stm32l0xx_hal_flash_ex.o
LOAD ./Drivers/STM32L0xx_HAL_Driver/Src/stm32l0xx_hal_flash_ramfunc.o
LOAD ./Drivers/STM32L0xx_HAL_Driver/Src/stm32l0xx_hal_gpio.o
LOAD ./Drivers/STM32L0xx_HAL_Driver/Src/stm32l0xx_hal_i2c.o
LOAD ./Drivers/STM32L0xx_HAL_Driver/Src/stm32l0xx_hal_i2c_ex.o
LOAD ./Drivers/STM32L0xx_HAL_Driver/Src/stm32l0xx_hal_pwr.o
LOAD ./Drivers/STM32L0xx_HAL_Driver/Src/stm32l0xx_hal_pwr_ex.o
LOAD ./Drivers/STM32L0xx_HAL_Driver/Src/stm32l0xx_hal_rcc.o
LOAD ./Drivers/STM32L0xx_HAL_Driver/Src/stm32l0xx_hal_rcc_ex.o
LOAD ./Drivers/STM32L0xx_HAL_Driver/Src/stm32l0xx_hal_tim.o
LOAD ./Drivers/STM32L0xx_HAL_Driver/Src/stm32l0xx_hal_tim_ex.o
LOAD ./Drivers/STM32L0xx_HAL_Driver/Src/stm32l0xx_hal_uart.o
LOAD ./Drivers/STM32L0xx_HAL_Driver/Src/stm32l0xx_hal_uart_ex.o
START GROUP
LOAD c:/st/stm32cubeide_1.9.0/stm32cubeide/plugins/com.st.stm32cube.ide.mcu.externaltools.gnu-tools-for-stm32.10.3-2021.10.win32_1.0.0.202111181127/tools/bin/../lib/gcc/arm-none-eabi/10.3.1/../../../../arm-none-eabi/lib/thumb/v6-m/nofp\libc_nano.a
LOAD c:/st/stm32cubeide_1.9.0/stm32cubeide/plugins/com.st.stm32cube.ide.mcu.externaltools.gnu-tools-for-stm32.10.3-2021.10.win32_1.0.0.202111181127/tools/bin/../lib/gcc/arm-none-eabi/10.3.1/../../../../arm-none-eabi/lib/thumb/v6-m/nofp\libm.a
END GROUP
START GROUP
LOAD c:/st/stm32cubeide_1.9.0/stm32cubeide/plugins/com.st.stm32cube.ide.mcu.externaltools.gnu-tools-for-stm32.10.3-2021.10.win32_1.0.0.202111181127/tools/bin/../lib/gcc/arm-none-eabi/10.3.1/thumb/v6-m/nofp\libgcc.a
LOAD c:/st/stm32cubeide_1.9.0/stm32cubeide/plugins/com.st.stm32cube.ide.mcu.externaltools.gnu-tools-for-stm32.10.3-2021.10.win32_1.0.0.202111181127/tools/bin/../lib/gcc/arm-none-eabi/10.3.1/../../../../arm-none-eabi/lib/thumb/v6-m/nofp\libc_nano.a
END GROUP
START GROUP
LOAD c:/st/stm32cubeide_1.9.0/stm32cubeide/plugins/com.st.stm32cube.ide.mcu.externaltools.gnu-tools-for-stm32.10.3-2021.10.win32_1.0.0.202111181127/tools/bin/../lib/gcc/arm-none-eabi/10.3.1/thumb/v6-m/nofp\libgcc.a
LOAD c:/st/stm32cubeide_1.9.0/stm32cubeide/plugins/com.st.stm32cube.ide.mcu.externaltools.gnu-tools-for-stm32.10.3-2021.10.win32_1.0.0.202111181127/tools/bin/../lib/gcc/arm-none-eabi/10.3.1/../../../../arm-none-eabi/lib/thumb/v6-m/nofp\libc_nano.a
LOAD c:/st/stm32cubeide_1.9.0/stm32cubeide/plugins/com.st.stm32cube.ide.mcu.externaltools.gnu-tools-for-stm32.10.3-2021.10.win32_1.0.0.202111181127/tools/bin/../lib/gcc/arm-none-eabi/10.3.1/../../../../arm-none-eabi/lib/thumb/v6-m/nofp\libnosys.a
END GROUP
START GROUP
LOAD c:/st/stm32cubeide_1.9.0/stm32cubeide/plugins/com.st.stm32cube.ide.mcu.externaltools.gnu-tools-for-stm32.10.3-2021.10.win32_1.0.0.202111181127/tools/bin/../lib/gcc/arm-none-eabi/10.3.1/thumb/v6-m/nofp\libgcc.a
LOAD c:/st/stm32cubeide_1.9.0/stm32cubeide/plugins/com.st.stm32cube.ide.mcu.externaltools.gnu-tools-for-stm32.10.3-2021.10.win32_1.0.0.202111181127/tools/bin/../lib/gcc/arm-none-eabi/10.3.1/../../../../arm-none-eabi/lib/thumb/v6-m/nofp\libc_nano.a
LOAD c:/st/stm32cubeide_1.9.0/stm32cubeide/plugins/com.st.stm32cube.ide.mcu.externaltools.gnu-tools-for-stm32.10.3-2021.10.win32_1.0.0.202111181127/tools/bin/../lib/gcc/arm-none-eabi/10.3.1/../../../../arm-none-eabi/lib/thumb/v6-m/nofp\libnosys.a
END GROUP
LOAD c:/st/stm32cubeide_1.9.0/stm32cubeide/plugins/com.st.stm32cube.ide.mcu.externaltools.gnu-tools-for-stm32.10.3-2021.10.win32_1.0.0.202111181127/tools/bin/../lib/gcc/arm-none-eabi/10.3.1/thumb/v6-m/nofp/crtend.o
LOAD c:/st/stm32cubeide_1.9.0/stm32cubeide/plugins/com.st.stm32cube.ide.mcu.externaltools.gnu-tools-for-stm32.10.3-2021.10.win32_1.0.0.202111181127/tools/bin/../lib/gcc/arm-none-eabi/10.3.1/thumb/v6-m/nofp/crtn.o
                0x0000000020005000                _estack = (ORIGIN (RAM) + LENGTH (RAM))
                0x0000000000000200                _Min_Heap_Size = 0x200
                0x0000000000000400                _Min_Stack_Size = 0x400

.isr_vector     0x0000000008000000       0xc0
                0x0000000008000000                . = ALIGN (0x4)
 *(.isr_vector)
 .isr_vector    0x0000000008000000       0xc0 ./Core/Startup/startup_stm32l073rztx.o
                0x0000000008000000                g_pfnVectors
                0x00000000080000c0                . = ALIGN (0x4)

.text           0x00000000080000c0     0x75a0
                0x00000000080000c0                . = ALIGN (0x4)
 *(.text)
 .text          0x00000000080000c0       0x48 c:/st/stm32cubeide_1.9.0/stm32cubeide/plugins/com.st.stm32cube.ide.mcu.externaltools.gnu-tools-for-stm32.10.3-2021.10.win32_1.0.0.202111181127/tools/bin/../lib/gcc/arm-none-eabi/10.3.1/thumb/v6-m/nofp/crtbegin.o
 .text          0x0000000008000108        0xe c:/st/stm32cubeide_1.9.0/stm32cubeide/plugins/com.st.stm32cube.ide.mcu.externaltools.gnu-tools-for-stm32.10.3-2021.10.win32_1.0.0.202111181127/tools/bin/../lib/gcc/arm-none-eabi/10.3.1/../../../../arm-none-eabi/lib/thumb/v6-m/nofp\libc_nano.a(lib_a-strlen.o)
                0x0000000008000108                strlen
 *fill*         0x0000000008000116        0x2 
 .text          0x0000000008000118       0x14 c:/st/stm32cubeide_1.9.0/stm32cubeide/plugins/com.st.stm32cube.ide.mcu.externaltools.gnu-tools-for-stm32.10.3-2021.10.win32_1.0.0.202111181127/tools/bin/../lib/gcc/arm-none-eabi/10.3.1/thumb/v6-m/nofp\libgcc.a(_thumb1_case_shi.o)
                0x0000000008000118                __gnu_thumb1_case_shi
 .text          0x000000000800012c      0x114 c:/st/stm32cubeide_1.9.0/stm32cubeide/plugins/com.st.stm32cube.ide.mcu.externaltools.gnu-tools-for-stm32.10.3-2021.10.win32_1.0.0.202111181127/tools/bin/../lib/gcc/arm-none-eabi/10.3.1/thumb/v6-m/nofp\libgcc.a(_udivsi3.o)
                0x000000000800012c                __aeabi_uidiv
                0x000000000800012c                __udivsi3
                0x0000000008000238                __aeabi_uidivmod
 .text          0x0000000008000240      0x1d4 c:/st/stm32cubeide_1.9.0/stm32cubeide/plugins/com.st.stm32cube.ide.mcu.externaltools.gnu-tools-for-stm32.10.3-2021.10.win32_1.0.0.202111181127/tools/bin/../lib/gcc/arm-none-eabi/10.3.1/thumb/v6-m/nofp\libgcc.a(_divsi3.o)
                0x0000000008000240                __divsi3
                0x0000000008000240                __aeabi_idiv
                0x000000000800040c                __aeabi_idivmod
 .text          0x0000000008000414        0x4 c:/st/stm32cubeide_1.9.0/stm32cubeide/plugins/com.st.stm32cube.ide.mcu.externaltools.gnu-tools-for-stm32.10.3-2021.10.win32_1.0.0.202111181127/tools/bin/../lib/gcc/arm-none-eabi/10.3.1/thumb/v6-m/nofp\libgcc.a(_dvmd_tls.o)
                0x0000000008000414                __aeabi_idiv0
                0x0000000008000414                __aeabi_ldiv0
 .text          0x0000000008000418       0x40 c:/st/stm32cubeide_1.9.0/stm32cubeide/plugins/com.st.stm32cube.ide.mcu.externaltools.gnu-tools-for-stm32.10.3-2021.10.win32_1.0.0.202111181127/tools/bin/../lib/gcc/arm-none-eabi/10.3.1/thumb/v6-m/nofp\libgcc.a(_aeabi_uldivmod.o)
                0x0000000008000418                __aeabi_uldivmod
 .text          0x0000000008000458       0x5c c:/st/stm32cubeide_1.9.0/stm32cubeide/plugins/com.st.stm32cube.ide.mcu.externaltools.gnu-tools-for-stm32.10.3-2021.10.win32_1.0.0.202111181127/tools/bin/../lib/gcc/arm-none-eabi/10.3.1/thumb/v6-m/nofp\libgcc.a(_muldi3.o)
                0x0000000008000458                __muldi3
                0x0000000008000458                __aeabi_lmul
 .text          0x00000000080004b4      0x198 c:/st/stm32cubeide_1.9.0/stm32cubeide/plugins/com.st.stm32cube.ide.mcu.externaltools.gnu-tools-for-stm32.10.3-2021.10.win32_1.0.0.202111181127/tools/bin/../lib/gcc/arm-none-eabi/10.3.1/thumb/v6-m/nofp\libgcc.a(_udivmoddi4.o)
                0x00000000080004b4                __udivmoddi4
 .text          0x000000000800064c       0x18 c:/st/stm32cubeide_1.9.0/stm32cubeide/plugins/com.st.stm32cube.ide.mcu.externaltools.gnu-tools-for-stm32.10.3-2021.10.win32_1.0.0.202111181127/tools/bin/../lib/gcc/arm-none-eabi/10.3.1/thumb/v6-m/nofp\libgcc.a(_clzdi2.o)
                0x000000000800064c                __clzdi2
 .text          0x0000000008000664       0x3c c:/st/stm32cubeide_1.9.0/stm32cubeide/plugins/com.st.stm32cube.ide.mcu.externaltools.gnu-tools-for-stm32.10.3-2021.10.win32_1.0.0.202111181127/tools/bin/../lib/gcc/arm-none-eabi/10.3.1/thumb/v6-m/nofp\libgcc.a(_clzsi2.o)
                0x0000000008000664                __clzsi2
 *(.text*)
 .text.MX_GPIO_Init
                0x00000000080006a0      0x184 ./Core/Src/gpio.o
                0x00000000080006a0                MX_GPIO_Init
 .text.MX_I2C1_Init
                0x0000000008000824       0x80 ./Core/Src/i2c.o
                0x0000000008000824                MX_I2C1_Init
 .text.HAL_I2C_MspInit
                0x00000000080008a4       0x8c ./Core/Src/i2c.o
                0x00000000080008a4                HAL_I2C_MspInit
 .text.main     0x0000000008000930       0x6c ./Core/Src/main.o
                0x0000000008000930                main
 .text.SystemClock_Config
                0x000000000800099c       0xd0 ./Core/Src/main.o
                0x000000000800099c                SystemClock_Config
 .text.HAL_UART_RxCpltCallback
                0x0000000008000a6c       0x48 ./Core/Src/main.o
                0x0000000008000a6c                HAL_UART_RxCpltCallback
 .text.HAL_TIM_IC_CaptureCallback
                0x0000000008000ab4       0x58 ./Core/Src/main.o
                0x0000000008000ab4                HAL_TIM_IC_CaptureCallback
 .text.HAL_TIM_PeriodElapsedCallback
                0x0000000008000b0c      0x370 ./Core/Src/main.o
                0x0000000008000b0c                HAL_TIM_PeriodElapsedCallback
 .text.HAL_GPIO_EXTI_Callback
                0x0000000008000e7c       0x44 ./Core/Src/main.o
                0x0000000008000e7c                HAL_GPIO_EXTI_Callback
 .text.Error_Handler
                0x0000000008000ec0        0xa ./Core/Src/main.o
                0x0000000008000ec0                Error_Handler
 *fill*         0x0000000008000eca        0x2 
 .text.printUART
                0x0000000008000ecc       0x44 ./Core/Src/misc.o
                0x0000000008000ecc                printUART
 .text.SSD1306_DrawBitmap
                0x0000000008000f10      0x13e ./Core/Src/ssd1306.o
                0x0000000008000f10                SSD1306_DrawBitmap
 *fill*         0x000000000800104e        0x2 
 .text.SSD1306_Init
                0x0000000008001050      0x188 ./Core/Src/ssd1306.o
                0x0000000008001050                SSD1306_Init
 .text.SSD1306_UpdateScreen
                0x00000000080011d8       0x68 ./Core/Src/ssd1306.o
                0x00000000080011d8                SSD1306_UpdateScreen
 .text.SSD1306_Fill
                0x0000000008001240       0x34 ./Core/Src/ssd1306.o
                0x0000000008001240                SSD1306_Fill
 .text.SSD1306_DrawPixel
                0x0000000008001274       0xdc ./Core/Src/ssd1306.o
                0x0000000008001274                SSD1306_DrawPixel
 .text.SSD1306_GotoXY
                0x0000000008001350       0x30 ./Core/Src/ssd1306.o
                0x0000000008001350                SSD1306_GotoXY
 .text.SSD1306_Putc
                0x0000000008001380      0x104 ./Core/Src/ssd1306.o
                0x0000000008001380                SSD1306_Putc
 .text.SSD1306_Puts
                0x0000000008001484       0x4c ./Core/Src/ssd1306.o
                0x0000000008001484                SSD1306_Puts
 .text.SSD1306_DrawLine
                0x00000000080014d0      0x31e ./Core/Src/ssd1306.o
                0x00000000080014d0                SSD1306_DrawLine
 .text.SSD1306_DrawRectangle
                0x00000000080017ee      0x12e ./Core/Src/ssd1306.o
                0x00000000080017ee                SSD1306_DrawRectangle
 .text.SSD1306_DrawFilledRectangle
                0x000000000800191c       0xd8 ./Core/Src/ssd1306.o
                0x000000000800191c                SSD1306_DrawFilledRectangle
 .text.SSD1306_Clear
                0x00000000080019f4       0x14 ./Core/Src/ssd1306.o
                0x00000000080019f4                SSD1306_Clear
 .text.SSD1306_SetContrast
                0x0000000008001a08       0x38 ./Core/Src/ssd1306.o
                0x0000000008001a08                SSD1306_SetContrast
 .text.ssd1306_I2C_Init
                0x0000000008001a40       0x28 ./Core/Src/ssd1306.o
                0x0000000008001a40                ssd1306_I2C_Init
 .text.ssd1306_I2C_WriteMulti
                0x0000000008001a68       0xd8 ./Core/Src/ssd1306.o
                0x0000000008001a68                ssd1306_I2C_WriteMulti
 .text.ssd1306_I2C_Write
                0x0000000008001b40       0x50 ./Core/Src/ssd1306.o
                0x0000000008001b40                ssd1306_I2C_Write
 .text.setTheme
                0x0000000008001b90      0x168 ./Core/Src/ssd1306_adds.o
                0x0000000008001b90                setTheme
 .text.showLogo
                0x0000000008001cf8       0x24 ./Core/Src/ssd1306_adds.o
                0x0000000008001cf8                showLogo
 .text.showProjectSelectMenu
                0x0000000008001d1c      0x110 ./Core/Src/ssd1306_adds.o
                0x0000000008001d1c                showProjectSelectMenu
 .text.newTaskElement
                0x0000000008001e2c       0x90 ./Core/Src/ssd1306_adds.o
                0x0000000008001e2c                newTaskElement
 .text.showProjectElements
                0x0000000008001ebc      0x128 ./Core/Src/ssd1306_adds.o
                0x0000000008001ebc                showProjectElements
 .text.showProjectDetails
                0x0000000008001fe4      0x120 ./Core/Src/ssd1306_adds.o
                0x0000000008001fe4                showProjectDetails
 .text.showValueScreen
                0x0000000008002104      0x288 ./Core/Src/ssd1306_adds.o
                0x0000000008002104                showValueScreen
 .text.setMarkerPosition
                0x000000000800238c       0x70 ./Core/Src/ssd1306_adds.o
                0x000000000800238c                setMarkerPosition
 .text.moveMarker
                0x00000000080023fc       0x40 ./Core/Src/ssd1306_adds.o
                0x00000000080023fc                moveMarker
 .text.changeValue
                0x000000000800243c      0x170 ./Core/Src/ssd1306_adds.o
                0x000000000800243c                changeValue
 .text.arrayToInt_chVal
                0x00000000080025ac       0x74 ./Core/Src/ssd1306_adds.o
                0x00000000080025ac                arrayToInt_chVal
 .text.intToArray_chVal
                0x0000000008002620       0x8c ./Core/Src/ssd1306_adds.o
                0x0000000008002620                intToArray_chVal
 .text.drawMarker
                0x00000000080026ac       0x96 ./Core/Src/ssd1306_adds.o
                0x00000000080026ac                drawMarker
 .text.clearMarker
                0x0000000008002742       0x1c ./Core/Src/ssd1306_adds.o
                0x0000000008002742                clearMarker
 .text.clearValue
                0x000000000800275e       0x1c ./Core/Src/ssd1306_adds.o
                0x000000000800275e                clearValue
 *fill*         0x000000000800277a        0x2 
 .text.clearSettings
                0x000000000800277c       0x1c ./Core/Src/ssd1306_adds.o
                0x000000000800277c                clearSettings
 .text.showLabelBar
                0x0000000008002798       0x38 ./Core/Src/ssd1306_adds.o
                0x0000000008002798                showLabelBar
 .text.clearContent
                0x00000000080027d0       0x1c ./Core/Src/ssd1306_adds.o
                0x00000000080027d0                clearContent
 .text.paginationBar
                0x00000000080027ec       0x42 ./Core/Src/ssd1306_adds.o
                0x00000000080027ec                paginationBar
 .text.countArray
                0x000000000800282e       0x60 ./Core/Src/ssd1306_adds.o
                0x000000000800282e                countArray
 *fill*         0x000000000800288e        0x2 
 .text.getProjectStructByID
                0x0000000008002890       0x80 ./Core/Src/ssd1306_adds.o
                0x0000000008002890                getProjectStructByID
 .text.HAL_MspInit
                0x0000000008002910       0x28 ./Core/Src/stm32l0xx_hal_msp.o
                0x0000000008002910                HAL_MspInit
 .text.NMI_Handler
                0x0000000008002938        0x6 ./Core/Src/stm32l0xx_it.o
                0x0000000008002938                NMI_Handler
 .text.HardFault_Handler
                0x000000000800293e        0x6 ./Core/Src/stm32l0xx_it.o
                0x000000000800293e                HardFault_Handler
 .text.SVC_Handler
                0x0000000008002944        0xa ./Core/Src/stm32l0xx_it.o
                0x0000000008002944                SVC_Handler
 .text.PendSV_Handler
                0x000000000800294e        0xa ./Core/Src/stm32l0xx_it.o
                0x000000000800294e                PendSV_Handler
 .text.SysTick_Handler
                0x0000000008002958        0xe ./Core/Src/stm32l0xx_it.o
                0x0000000008002958                SysTick_Handler
 .text.EXTI4_15_IRQHandler
                0x0000000008002966       0x10 ./Core/Src/stm32l0xx_it.o
                0x0000000008002966                EXTI4_15_IRQHandler
 *fill*         0x0000000008002976        0x2 
 .text.TIM2_IRQHandler
                0x0000000008002978       0x18 ./Core/Src/stm32l0xx_it.o
                0x0000000008002978                TIM2_IRQHandler
 .text.TIM6_DAC_IRQHandler
                0x0000000008002990       0x18 ./Core/Src/stm32l0xx_it.o
                0x0000000008002990                TIM6_DAC_IRQHandler
 .text.TIM7_IRQHandler
                0x00000000080029a8       0x18 ./Core/Src/stm32l0xx_it.o
                0x00000000080029a8                TIM7_IRQHandler
 .text.USART2_IRQHandler
                0x00000000080029c0       0x18 ./Core/Src/stm32l0xx_it.o
                0x00000000080029c0                USART2_IRQHandler
 .text._sbrk    0x00000000080029d8       0x6c ./Core/Src/sysmem.o
                0x00000000080029d8                _sbrk
 .text.SystemInit
                0x0000000008002a44        0xa ./Core/Src/system_stm32l0xx.o
                0x0000000008002a44                SystemInit
 *fill*         0x0000000008002a4e        0x2 
 .text.MX_TIM2_Init
                0x0000000008002a50       0xc8 ./Core/Src/tim.o
                0x0000000008002a50                MX_TIM2_Init
 .text.MX_TIM6_Init
                0x0000000008002b18       0x78 ./Core/Src/tim.o
                0x0000000008002b18                MX_TIM6_Init
 .text.MX_TIM7_Init
                0x0000000008002b90       0x78 ./Core/Src/tim.o
                0x0000000008002b90                MX_TIM7_Init
 .text.HAL_TIM_Encoder_MspInit
                0x0000000008002c08       0x94 ./Core/Src/tim.o
                0x0000000008002c08                HAL_TIM_Encoder_MspInit
 .text.HAL_TIM_Base_MspInit
                0x0000000008002c9c       0x6c ./Core/Src/tim.o
                0x0000000008002c9c                HAL_TIM_Base_MspInit
 .text.MX_USART2_UART_Init
                0x0000000008002d08       0x60 ./Core/Src/usart.o
                0x0000000008002d08                MX_USART2_UART_Init
 .text.HAL_UART_MspInit
                0x0000000008002d68       0x98 ./Core/Src/usart.o
                0x0000000008002d68                HAL_UART_MspInit
 .text.Reset_Handler
                0x0000000008002e00       0x50 ./Core/Startup/startup_stm32l073rztx.o
                0x0000000008002e00                Reset_Handler
 .text.Default_Handler
                0x0000000008002e50        0x2 ./Core/Startup/startup_stm32l073rztx.o
                0x0000000008002e50                TSC_IRQHandler
                0x0000000008002e50                ADC1_COMP_IRQHandler
                0x0000000008002e50                PVD_IRQHandler
                0x0000000008002e50                I2C1_IRQHandler
                0x0000000008002e50                RCC_CRS_IRQHandler
                0x0000000008002e50                SPI1_IRQHandler
                0x0000000008002e50                EXTI2_3_IRQHandler
                0x0000000008002e50                I2C2_IRQHandler
                0x0000000008002e50                RTC_IRQHandler
                0x0000000008002e50                LCD_IRQHandler
                0x0000000008002e50                DMA1_Channel4_5_6_7_IRQHandler
                0x0000000008002e50                TIM3_IRQHandler
                0x0000000008002e50                DMA1_Channel1_IRQHandler
                0x0000000008002e50                USART4_5_IRQHandler
                0x0000000008002e50                Default_Handler
                0x0000000008002e50                TIM22_IRQHandler
                0x0000000008002e50                EXTI0_1_IRQHandler
                0x0000000008002e50                USB_IRQHandler
                0x0000000008002e50                I2C3_IRQHandler
                0x0000000008002e50                SPI2_IRQHandler
                0x0000000008002e50                TIM21_IRQHandler
                0x0000000008002e50                WWDG_IRQHandler
                0x0000000008002e50                DMA1_Channel2_3_IRQHandler
                0x0000000008002e50                FLASH_IRQHandler
                0x0000000008002e50                USART1_IRQHandler
                0x0000000008002e50                RNG_LPUART1_IRQHandler
                0x0000000008002e50                LPTIM1_IRQHandler
 *fill*         0x0000000008002e52        0x2 
 .text.HAL_Init
                0x0000000008002e54       0x40 ./Drivers/STM32L0xx_HAL_Driver/Src/stm32l0xx_hal.o
                0x0000000008002e54                HAL_Init
 .text.HAL_InitTick
                0x0000000008002e94       0x68 ./Drivers/STM32L0xx_HAL_Driver/Src/stm32l0xx_hal.o
                0x0000000008002e94                HAL_InitTick
 .text.HAL_IncTick
                0x0000000008002efc       0x24 ./Drivers/STM32L0xx_HAL_Driver/Src/stm32l0xx_hal.o
                0x0000000008002efc                HAL_IncTick
 .text.HAL_GetTick
                0x0000000008002f20       0x14 ./Drivers/STM32L0xx_HAL_Driver/Src/stm32l0xx_hal.o
                0x0000000008002f20                HAL_GetTick
 .text.HAL_Delay
                0x0000000008002f34       0x48 ./Drivers/STM32L0xx_HAL_Driver/Src/stm32l0xx_hal.o
                0x0000000008002f34                HAL_Delay
 .text.__NVIC_EnableIRQ
                0x0000000008002f7c       0x34 ./Drivers/STM32L0xx_HAL_Driver/Src/stm32l0xx_hal_cortex.o
 .text.__NVIC_SetPriority
                0x0000000008002fb0       0xdc ./Drivers/STM32L0xx_HAL_Driver/Src/stm32l0xx_hal_cortex.o
 .text.SysTick_Config
                0x000000000800308c       0x48 ./Drivers/STM32L0xx_HAL_Driver/Src/stm32l0xx_hal_cortex.o
 .text.HAL_NVIC_SetPriority
                0x00000000080030d4       0x2a ./Drivers/STM32L0xx_HAL_Driver/Src/stm32l0xx_hal_cortex.o
                0x00000000080030d4                HAL_NVIC_SetPriority
 .text.HAL_NVIC_EnableIRQ
                0x00000000080030fe       0x20 ./Drivers/STM32L0xx_HAL_Driver/Src/stm32l0xx_hal_cortex.o
                0x00000000080030fe                HAL_NVIC_EnableIRQ
 .text.HAL_SYSTICK_Config
                0x000000000800311e       0x1a ./Drivers/STM32L0xx_HAL_Driver/Src/stm32l0xx_hal_cortex.o
                0x000000000800311e                HAL_SYSTICK_Config
 .text.HAL_DMA_Abort
                0x0000000008003138       0x80 ./Drivers/STM32L0xx_HAL_Driver/Src/stm32l0xx_hal_dma.o
                0x0000000008003138                HAL_DMA_Abort
 .text.HAL_DMA_Abort_IT
                0x00000000080031b8       0x8e ./Drivers/STM32L0xx_HAL_Driver/Src/stm32l0xx_hal_dma.o
                0x00000000080031b8                HAL_DMA_Abort_IT
 *fill*         0x0000000008003246        0x2 
 .text.HAL_GPIO_Init
                0x0000000008003248      0x2fc ./Drivers/STM32L0xx_HAL_Driver/Src/stm32l0xx_hal_gpio.o
                0x0000000008003248                HAL_GPIO_Init
 .text.HAL_GPIO_ReadPin
                0x0000000008003544       0x3a ./Drivers/STM32L0xx_HAL_Driver/Src/stm32l0xx_hal_gpio.o
                0x0000000008003544                HAL_GPIO_ReadPin
 *fill*         0x000000000800357e        0x2 
 .text.HAL_GPIO_EXTI_IRQHandler
                0x0000000008003580       0x38 ./Drivers/STM32L0xx_HAL_Driver/Src/stm32l0xx_hal_gpio.o
                0x0000000008003580                HAL_GPIO_EXTI_IRQHandler
 .text.HAL_I2C_Init
                0x00000000080035b8      0x12c ./Drivers/STM32L0xx_HAL_Driver/Src/stm32l0xx_hal_i2c.o
                0x00000000080035b8                HAL_I2C_Init
 .text.HAL_I2C_Master_Transmit
                0x00000000080036e4      0x210 ./Drivers/STM32L0xx_HAL_Driver/Src/stm32l0xx_hal_i2c.o
                0x00000000080036e4                HAL_I2C_Master_Transmit
 .text.HAL_I2C_IsDeviceReady
                0x00000000080038f4      0x234 ./Drivers/STM32L0xx_HAL_Driver/Src/stm32l0xx_hal_i2c.o
                0x00000000080038f4                HAL_I2C_IsDeviceReady
 .text.I2C_Flush_TXDR
                0x0000000008003b28       0x44 ./Drivers/STM32L0xx_HAL_Driver/Src/stm32l0xx_hal_i2c.o
 .text.I2C_WaitOnFlagUntilTimeout
                0x0000000008003b6c       0x7e ./Drivers/STM32L0xx_HAL_Driver/Src/stm32l0xx_hal_i2c.o
 .text.I2C_WaitOnTXISFlagUntilTimeout
                0x0000000008003bea       0x7e ./Drivers/STM32L0xx_HAL_Driver/Src/stm32l0xx_hal_i2c.o
 .text.I2C_WaitOnSTOPFlagUntilTimeout
                0x0000000008003c68       0x78 ./Drivers/STM32L0xx_HAL_Driver/Src/stm32l0xx_hal_i2c.o
 .text.I2C_IsAcknowledgeFailed
                0x0000000008003ce0       0xf4 ./Drivers/STM32L0xx_HAL_Driver/Src/stm32l0xx_hal_i2c.o
 .text.I2C_TransferConfig
                0x0000000008003dd4       0x6c ./Drivers/STM32L0xx_HAL_Driver/Src/stm32l0xx_hal_i2c.o
 .text.HAL_I2CEx_ConfigAnalogFilter
                0x0000000008003e40       0x98 ./Drivers/STM32L0xx_HAL_Driver/Src/stm32l0xx_hal_i2c_ex.o
                0x0000000008003e40                HAL_I2CEx_ConfigAnalogFilter
 .text.HAL_I2CEx_ConfigDigitalFilter
                0x0000000008003ed8       0x98 ./Drivers/STM32L0xx_HAL_Driver/Src/stm32l0xx_hal_i2c_ex.o
                0x0000000008003ed8                HAL_I2CEx_ConfigDigitalFilter
 .text.HAL_RCC_OscConfig
                0x0000000008003f70      0x7a8 ./Drivers/STM32L0xx_HAL_Driver/Src/stm32l0xx_hal_rcc.o
                0x0000000008003f70                HAL_RCC_OscConfig
 .text.HAL_RCC_ClockConfig
                0x0000000008004718      0x290 ./Drivers/STM32L0xx_HAL_Driver/Src/stm32l0xx_hal_rcc.o
                0x0000000008004718                HAL_RCC_ClockConfig
 .text.HAL_RCC_GetSysClockFreq
                0x00000000080049a8      0x14c ./Drivers/STM32L0xx_HAL_Driver/Src/stm32l0xx_hal_rcc.o
                0x00000000080049a8                HAL_RCC_GetSysClockFreq
 .text.HAL_RCC_GetHCLKFreq
                0x0000000008004af4       0x14 ./Drivers/STM32L0xx_HAL_Driver/Src/stm32l0xx_hal_rcc.o
                0x0000000008004af4                HAL_RCC_GetHCLKFreq
 .text.HAL_RCC_GetPCLK1Freq
                0x0000000008004b08       0x2c ./Drivers/STM32L0xx_HAL_Driver/Src/stm32l0xx_hal_rcc.o
                0x0000000008004b08                HAL_RCC_GetPCLK1Freq
 .text.HAL_RCC_GetPCLK2Freq
                0x0000000008004b34       0x2c ./Drivers/STM32L0xx_HAL_Driver/Src/stm32l0xx_hal_rcc.o
                0x0000000008004b34                HAL_RCC_GetPCLK2Freq
 .text.HAL_RCCEx_PeriphCLKConfig
                0x0000000008004b60      0x2e8 ./Drivers/STM32L0xx_HAL_Driver/Src/stm32l0xx_hal_rcc_ex.o
                0x0000000008004b60                HAL_RCCEx_PeriphCLKConfig
 .text.HAL_TIM_Base_Init
                0x0000000008004e48       0x80 ./Drivers/STM32L0xx_HAL_Driver/Src/stm32l0xx_hal_tim.o
                0x0000000008004e48                HAL_TIM_Base_Init
 .text.HAL_TIM_Base_Start_IT
                0x0000000008004ec8       0xa4 ./Drivers/STM32L0xx_HAL_Driver/Src/stm32l0xx_hal_tim.o
                0x0000000008004ec8                HAL_TIM_Base_Start_IT
 .text.HAL_TIM_Base_Stop_IT
                0x0000000008004f6c       0x4c ./Drivers/STM32L0xx_HAL_Driver/Src/stm32l0xx_hal_tim.o
                0x0000000008004f6c                HAL_TIM_Base_Stop_IT
 .text.HAL_TIM_Encoder_Init
                0x0000000008004fb8      0x140 ./Drivers/STM32L0xx_HAL_Driver/Src/stm32l0xx_hal_tim.o
                0x0000000008004fb8                HAL_TIM_Encoder_Init
 .text.HAL_TIM_Encoder_Start_IT
                0x00000000080050f8      0x12a ./Drivers/STM32L0xx_HAL_Driver/Src/stm32l0xx_hal_tim.o
                0x00000000080050f8                HAL_TIM_Encoder_Start_IT
 .text.HAL_TIM_IRQHandler
                0x0000000008005222      0x1d0 ./Drivers/STM32L0xx_HAL_Driver/Src/stm32l0xx_hal_tim.o
                0x0000000008005222                HAL_TIM_IRQHandler
 .text.HAL_TIM_OC_DelayElapsedCallback
                0x00000000080053f2       0x10 ./Drivers/STM32L0xx_HAL_Driver/Src/stm32l0xx_hal_tim.o
                0x00000000080053f2                HAL_TIM_OC_DelayElapsedCallback
 .text.HAL_TIM_PWM_PulseFinishedCallback
                0x0000000008005402       0x10 ./Drivers/STM32L0xx_HAL_Driver/Src/stm32l0xx_hal_tim.o
                0x0000000008005402                HAL_TIM_PWM_PulseFinishedCallback
 .text.HAL_TIM_TriggerCallback
                0x0000000008005412       0x10 ./Drivers/STM32L0xx_HAL_Driver/Src/stm32l0xx_hal_tim.o
                0x0000000008005412                HAL_TIM_TriggerCallback
 .text.HAL_TIM_Base_GetState
                0x0000000008005422       0x18 ./Drivers/STM32L0xx_HAL_Driver/Src/stm32l0xx_hal_tim.o
                0x0000000008005422                HAL_TIM_Base_GetState
 .text.HAL_TIM_Encoder_GetState
                0x000000000800543a       0x18 ./Drivers/STM32L0xx_HAL_Driver/Src/stm32l0xx_hal_tim.o
                0x000000000800543a                HAL_TIM_Encoder_GetState
 *fill*         0x0000000008005452        0x2 
 .text.TIM_Base_SetConfig
                0x0000000008005454       0xbc ./Drivers/STM32L0xx_HAL_Driver/Src/stm32l0xx_hal_tim.o
 .text.TIM_CCxChannelCmd
                0x0000000008005510       0x46 ./Drivers/STM32L0xx_HAL_Driver/Src/stm32l0xx_hal_tim.o
 *fill*         0x0000000008005556        0x2 
 .text.HAL_TIMEx_MasterConfigSynchronization
                0x0000000008005558       0xbc ./Drivers/STM32L0xx_HAL_Driver/Src/stm32l0xx_hal_tim_ex.o
                0x0000000008005558                HAL_TIMEx_MasterConfigSynchronization
 .text.HAL_UART_Init
                0x0000000008005614       0xa8 ./Drivers/STM32L0xx_HAL_Driver/Src/stm32l0xx_hal_uart.o
                0x0000000008005614                HAL_UART_Init
 .text.HAL_UART_Transmit
                0x00000000080056bc      0x150 ./Drivers/STM32L0xx_HAL_Driver/Src/stm32l0xx_hal_uart.o
                0x00000000080056bc                HAL_UART_Transmit
 .text.HAL_UART_Receive_IT
                0x000000000800580c       0xd0 ./Drivers/STM32L0xx_HAL_Driver/Src/stm32l0xx_hal_uart.o
                0x000000000800580c                HAL_UART_Receive_IT
 .text.HAL_UART_IRQHandler
                0x00000000080058dc      0x5b4 ./Drivers/STM32L0xx_HAL_Driver/Src/stm32l0xx_hal_uart.o
                0x00000000080058dc                HAL_UART_IRQHandler
 .text.HAL_UART_TxCpltCallback
                0x0000000008005e90       0x10 ./Drivers/STM32L0xx_HAL_Driver/Src/stm32l0xx_hal_uart.o
                0x0000000008005e90                HAL_UART_TxCpltCallback
 .text.HAL_UART_ErrorCallback
                0x0000000008005ea0       0x10 ./Drivers/STM32L0xx_HAL_Driver/Src/stm32l0xx_hal_uart.o
                0x0000000008005ea0                HAL_UART_ErrorCallback
 .text.HAL_UARTEx_RxEventCallback
                0x0000000008005eb0       0x16 ./Drivers/STM32L0xx_HAL_Driver/Src/stm32l0xx_hal_uart.o
                0x0000000008005eb0                HAL_UARTEx_RxEventCallback
 *fill*         0x0000000008005ec6        0x2 
 .text.UART_SetConfig
                0x0000000008005ec8      0x540 ./Drivers/STM32L0xx_HAL_Driver/Src/stm32l0xx_hal_uart.o
                0x0000000008005ec8                UART_SetConfig
 .text.UART_AdvFeatureConfig
                0x0000000008006408      0x168 ./Drivers/STM32L0xx_HAL_Driver/Src/stm32l0xx_hal_uart.o
                0x0000000008006408                UART_AdvFeatureConfig
 .text.UART_CheckIdleState
                0x0000000008006570       0x90 ./Drivers/STM32L0xx_HAL_Driver/Src/stm32l0xx_hal_uart.o
                0x0000000008006570                UART_CheckIdleState
 .text.UART_WaitOnFlagUntilTimeout
                0x0000000008006600      0x188 ./Drivers/STM32L0xx_HAL_Driver/Src/stm32l0xx_hal_uart.o
                0x0000000008006600                UART_WaitOnFlagUntilTimeout
 .text.UART_Start_Receive_IT
                0x0000000008006788      0x160 ./Drivers/STM32L0xx_HAL_Driver/Src/stm32l0xx_hal_uart.o
                0x0000000008006788                UART_Start_Receive_IT
 .text.UART_EndRxTransfer
                0x00000000080068e8       0xc4 ./Drivers/STM32L0xx_HAL_Driver/Src/stm32l0xx_hal_uart.o
 .text.UART_DMAAbortOnError
                0x00000000080069ac       0x2e ./Drivers/STM32L0xx_HAL_Driver/Src/stm32l0xx_hal_uart.o
 .text.UART_EndTransmit_IT
                0x00000000080069da       0x56 ./Drivers/STM32L0xx_HAL_Driver/Src/stm32l0xx_hal_uart.o
 .text.UART_RxISR_8BIT
                0x0000000008006a30      0x168 ./Drivers/STM32L0xx_HAL_Driver/Src/stm32l0xx_hal_uart.o
 .text.UART_RxISR_16BIT
                0x0000000008006b98      0x168 ./Drivers/STM32L0xx_HAL_Driver/Src/stm32l0xx_hal_uart.o
 .text.HAL_UARTEx_WakeupCallback
                0x0000000008006d00       0x10 ./Drivers/STM32L0xx_HAL_Driver/Src/stm32l0xx_hal_uart_ex.o
                0x0000000008006d00                HAL_UARTEx_WakeupCallback
 .text.__errno  0x0000000008006d10        0xc c:/st/stm32cubeide_1.9.0/stm32cubeide/plugins/com.st.stm32cube.ide.mcu.externaltools.gnu-tools-for-stm32.10.3-2021.10.win32_1.0.0.202111181127/tools/bin/../lib/gcc/arm-none-eabi/10.3.1/../../../../arm-none-eabi/lib/thumb/v6-m/nofp\libc_nano.a(lib_a-errno.o)
                0x0000000008006d10                __errno
 .text.__libc_init_array
                0x0000000008006d1c       0x48 c:/st/stm32cubeide_1.9.0/stm32cubeide/plugins/com.st.stm32cube.ide.mcu.externaltools.gnu-tools-for-stm32.10.3-2021.10.win32_1.0.0.202111181127/tools/bin/../lib/gcc/arm-none-eabi/10.3.1/../../../../arm-none-eabi/lib/thumb/v6-m/nofp\libc_nano.a(lib_a-init.o)
                0x0000000008006d1c                __libc_init_array
 .text.memcpy   0x0000000008006d64       0x12 c:/st/stm32cubeide_1.9.0/stm32cubeide/plugins/com.st.stm32cube.ide.mcu.externaltools.gnu-tools-for-stm32.10.3-2021.10.win32_1.0.0.202111181127/tools/bin/../lib/gcc/arm-none-eabi/10.3.1/../../../../arm-none-eabi/lib/thumb/v6-m/nofp\libc_nano.a(lib_a-memcpy-stub.o)
                0x0000000008006d64                memcpy
 .text.memset   0x0000000008006d76       0x10 c:/st/stm32cubeide_1.9.0/stm32cubeide/plugins/com.st.stm32cube.ide.mcu.externaltools.gnu-tools-for-stm32.10.3-2021.10.win32_1.0.0.202111181127/tools/bin/../lib/gcc/arm-none-eabi/10.3.1/../../../../arm-none-eabi/lib/thumb/v6-m/nofp\libc_nano.a(lib_a-memset.o)
                0x0000000008006d76                memset
 *fill*         0x0000000008006d86        0x2 
 .text.sprintf  0x0000000008006d88       0x40 c:/st/stm32cubeide_1.9.0/stm32cubeide/plugins/com.st.stm32cube.ide.mcu.externaltools.gnu-tools-for-stm32.10.3-2021.10.win32_1.0.0.202111181127/tools/bin/../lib/gcc/arm-none-eabi/10.3.1/../../../../arm-none-eabi/lib/thumb/v6-m/nofp\libc_nano.a(lib_a-sprintf.o)
                0x0000000008006d88                siprintf
                0x0000000008006d88                sprintf
 .text.__ssputs_r
                0x0000000008006dc8       0xc4 c:/st/stm32cubeide_1.9.0/stm32cubeide/plugins/com.st.stm32cube.ide.mcu.externaltools.gnu-tools-for-stm32.10.3-2021.10.win32_1.0.0.202111181127/tools/bin/../lib/gcc/arm-none-eabi/10.3.1/../../../../arm-none-eabi/lib/thumb/v6-m/nofp\libc_nano.a(lib_a-nano-svfprintf.o)
                0x0000000008006dc8                __ssputs_r
 .text._svfprintf_r
                0x0000000008006e8c      0x200 c:/st/stm32cubeide_1.9.0/stm32cubeide/plugins/com.st.stm32cube.ide.mcu.externaltools.gnu-tools-for-stm32.10.3-2021.10.win32_1.0.0.202111181127/tools/bin/../lib/gcc/arm-none-eabi/10.3.1/../../../../arm-none-eabi/lib/thumb/v6-m/nofp\libc_nano.a(lib_a-nano-svfprintf.o)
                0x0000000008006e8c                _svfiprintf_r
                0x0000000008006e8c                _svfprintf_r
 .text._printf_common
                0x000000000800708c       0xde c:/st/stm32cubeide_1.9.0/stm32cubeide/plugins/com.st.stm32cube.ide.mcu.externaltools.gnu-tools-for-stm32.10.3-2021.10.win32_1.0.0.202111181127/tools/bin/../lib/gcc/arm-none-eabi/10.3.1/../../../../arm-none-eabi/lib/thumb/v6-m/nofp\libc_nano.a(lib_a-nano-vfprintf_i.o)
                0x000000000800708c                _printf_common
 *fill*         0x000000000800716a        0x2 
 .text._printf_i
                0x000000000800716c      0x224 c:/st/stm32cubeide_1.9.0/stm32cubeide/plugins/com.st.stm32cube.ide.mcu.externaltools.gnu-tools-for-stm32.10.3-2021.10.win32_1.0.0.202111181127/tools/bin/../lib/gcc/arm-none-eabi/10.3.1/../../../../arm-none-eabi/lib/thumb/v6-m/nofp\libc_nano.a(lib_a-nano-vfprintf_i.o)
                0x000000000800716c                _printf_i
 .text.memchr   0x0000000008007390       0x16 c:/st/stm32cubeide_1.9.0/stm32cubeide/plugins/com.st.stm32cube.ide.mcu.externaltools.gnu-tools-for-stm32.10.3-2021.10.win32_1.0.0.202111181127/tools/bin/../lib/gcc/arm-none-eabi/10.3.1/../../../../arm-none-eabi/lib/thumb/v6-m/nofp\libc_nano.a(lib_a-memchr-stub.o)
                0x0000000008007390                memchr
 .text.memmove  0x00000000080073a6       0x26 c:/st/stm32cubeide_1.9.0/stm32cubeide/plugins/com.st.stm32cube.ide.mcu.externaltools.gnu-tools-for-stm32.10.3-2021.10.win32_1.0.0.202111181127/tools/bin/../lib/gcc/arm-none-eabi/10.3.1/../../../../arm-none-eabi/lib/thumb/v6-m/nofp\libc_nano.a(lib_a-memmove.o)
                0x00000000080073a6                memmove
 .text._free_r  0x00000000080073cc       0x94 c:/st/stm32cubeide_1.9.0/stm32cubeide/plugins/com.st.stm32cube.ide.mcu.externaltools.gnu-tools-for-stm32.10.3-2021.10.win32_1.0.0.202111181127/tools/bin/../lib/gcc/arm-none-eabi/10.3.1/../../../../arm-none-eabi/lib/thumb/v6-m/nofp\libc_nano.a(lib_a-nano-freer.o)
                0x00000000080073cc                _free_r
 .text.sbrk_aligned
                0x0000000008007460       0x44 c:/st/stm32cubeide_1.9.0/stm32cubeide/plugins/com.st.stm32cube.ide.mcu.externaltools.gnu-tools-for-stm32.10.3-2021.10.win32_1.0.0.202111181127/tools/bin/../lib/gcc/arm-none-eabi/10.3.1/../../../../arm-none-eabi/lib/thumb/v6-m/nofp\libc_nano.a(lib_a-nano-mallocr.o)
 .text._malloc_r
                0x00000000080074a4       0xec c:/st/stm32cubeide_1.9.0/stm32cubeide/plugins/com.st.stm32cube.ide.mcu.externaltools.gnu-tools-for-stm32.10.3-2021.10.win32_1.0.0.202111181127/tools/bin/../lib/gcc/arm-none-eabi/10.3.1/../../../../arm-none-eabi/lib/thumb/v6-m/nofp\libc_nano.a(lib_a-nano-mallocr.o)
                0x00000000080074a4                _malloc_r
 .text._realloc_r
                0x0000000008007590       0x5e c:/st/stm32cubeide_1.9.0/stm32cubeide/plugins/com.st.stm32cube.ide.mcu.externaltools.gnu-tools-for-stm32.10.3-2021.10.win32_1.0.0.202111181127/tools/bin/../lib/gcc/arm-none-eabi/10.3.1/../../../../arm-none-eabi/lib/thumb/v6-m/nofp\libc_nano.a(lib_a-nano-reallocr.o)
                0x0000000008007590                _realloc_r
 *fill*         0x00000000080075ee        0x2 
 .text._sbrk_r  0x00000000080075f0       0x24 c:/st/stm32cubeide_1.9.0/stm32cubeide/plugins/com.st.stm32cube.ide.mcu.externaltools.gnu-tools-for-stm32.10.3-2021.10.win32_1.0.0.202111181127/tools/bin/../lib/gcc/arm-none-eabi/10.3.1/../../../../arm-none-eabi/lib/thumb/v6-m/nofp\libc_nano.a(lib_a-sbrkr.o)
                0x00000000080075f0                _sbrk_r
 .text.__malloc_lock
                0x0000000008007614       0x10 c:/st/stm32cubeide_1.9.0/stm32cubeide/plugins/com.st.stm32cube.ide.mcu.externaltools.gnu-tools-for-stm32.10.3-2021.10.win32_1.0.0.202111181127/tools/bin/../lib/gcc/arm-none-eabi/10.3.1/../../../../arm-none-eabi/lib/thumb/v6-m/nofp\libc_nano.a(lib_a-mlock.o)
                0x0000000008007614                __malloc_lock
 .text.__malloc_unlock
                0x0000000008007624       0x10 c:/st/stm32cubeide_1.9.0/stm32cubeide/plugins/com.st.stm32cube.ide.mcu.externaltools.gnu-tools-for-stm32.10.3-2021.10.win32_1.0.0.202111181127/tools/bin/../lib/gcc/arm-none-eabi/10.3.1/../../../../arm-none-eabi/lib/thumb/v6-m/nofp\libc_nano.a(lib_a-mlock.o)
                0x0000000008007624                __malloc_unlock
 .text._malloc_usable_size_r
                0x0000000008007634       0x10 c:/st/stm32cubeide_1.9.0/stm32cubeide/plugins/com.st.stm32cube.ide.mcu.externaltools.gnu-tools-for-stm32.10.3-2021.10.win32_1.0.0.202111181127/tools/bin/../lib/gcc/arm-none-eabi/10.3.1/../../../../arm-none-eabi/lib/thumb/v6-m/nofp\libc_nano.a(lib_a-nano-msizer.o)
                0x0000000008007634                _malloc_usable_size_r
 .text.__retarget_lock_acquire_recursive
                0x0000000008007644        0x2 c:/st/stm32cubeide_1.9.0/stm32cubeide/plugins/com.st.stm32cube.ide.mcu.externaltools.gnu-tools-for-stm32.10.3-2021.10.win32_1.0.0.202111181127/tools/bin/../lib/gcc/arm-none-eabi/10.3.1/../../../../arm-none-eabi/lib/thumb/v6-m/nofp\libc_nano.a(lib_a-lock.o)
                0x0000000008007644                __retarget_lock_acquire_recursive
 .text.__retarget_lock_release_recursive
                0x0000000008007646        0x2 c:/st/stm32cubeide_1.9.0/stm32cubeide/plugins/com.st.stm32cube.ide.mcu.externaltools.gnu-tools-for-stm32.10.3-2021.10.win32_1.0.0.202111181127/tools/bin/../lib/gcc/arm-none-eabi/10.3.1/../../../../arm-none-eabi/lib/thumb/v6-m/nofp\libc_nano.a(lib_a-lock.o)
                0x0000000008007646                __retarget_lock_release_recursive
 *(.glue_7)
 .glue_7        0x0000000008007648        0x0 linker stubs
 *(.glue_7t)
 .glue_7t       0x0000000008007648        0x0 linker stubs
 *(.eh_frame)
 .eh_frame      0x0000000008007648        0x0 c:/st/stm32cubeide_1.9.0/stm32cubeide/plugins/com.st.stm32cube.ide.mcu.externaltools.gnu-tools-for-stm32.10.3-2021.10.win32_1.0.0.202111181127/tools/bin/../lib/gcc/arm-none-eabi/10.3.1/thumb/v6-m/nofp/crtbegin.o
 *(.init)
 .init          0x0000000008007648        0x4 c:/st/stm32cubeide_1.9.0/stm32cubeide/plugins/com.st.stm32cube.ide.mcu.externaltools.gnu-tools-for-stm32.10.3-2021.10.win32_1.0.0.202111181127/tools/bin/../lib/gcc/arm-none-eabi/10.3.1/thumb/v6-m/nofp/crti.o
                0x0000000008007648                _init
 .init          0x000000000800764c        0x8 c:/st/stm32cubeide_1.9.0/stm32cubeide/plugins/com.st.stm32cube.ide.mcu.externaltools.gnu-tools-for-stm32.10.3-2021.10.win32_1.0.0.202111181127/tools/bin/../lib/gcc/arm-none-eabi/10.3.1/thumb/v6-m/nofp/crtn.o
 *(.fini)
 .fini          0x0000000008007654        0x4 c:/st/stm32cubeide_1.9.0/stm32cubeide/plugins/com.st.stm32cube.ide.mcu.externaltools.gnu-tools-for-stm32.10.3-2021.10.win32_1.0.0.202111181127/tools/bin/../lib/gcc/arm-none-eabi/10.3.1/thumb/v6-m/nofp/crti.o
                0x0000000008007654                _fini
 .fini          0x0000000008007658        0x8 c:/st/stm32cubeide_1.9.0/stm32cubeide/plugins/com.st.stm32cube.ide.mcu.externaltools.gnu-tools-for-stm32.10.3-2021.10.win32_1.0.0.202111181127/tools/bin/../lib/gcc/arm-none-eabi/10.3.1/thumb/v6-m/nofp/crtn.o
                0x0000000008007660                . = ALIGN (0x4)
                0x0000000008007660                _etext = .

.vfp11_veneer   0x0000000008007660        0x0
 .vfp11_veneer  0x0000000008007660        0x0 linker stubs

.v4_bx          0x0000000008007660        0x0
 .v4_bx         0x0000000008007660        0x0 linker stubs

.iplt           0x0000000008007660        0x0
 .iplt          0x0000000008007660        0x0 c:/st/stm32cubeide_1.9.0/stm32cubeide/plugins/com.st.stm32cube.ide.mcu.externaltools.gnu-tools-for-stm32.10.3-2021.10.win32_1.0.0.202111181127/tools/bin/../lib/gcc/arm-none-eabi/10.3.1/thumb/v6-m/nofp/crtbegin.o

.rodata         0x0000000008007660     0x2b3c
                0x0000000008007660                . = ALIGN (0x4)
 *(.rodata)
 .rodata        0x0000000008007660       0x16 ./Core/Src/main.o
 *fill*         0x0000000008007676        0x2 
 .rodata        0x0000000008007678        0x7 ./Core/Src/misc.o
 *fill*         0x000000000800767f        0x1 
 .rodata        0x0000000008007680      0x135 ./Core/Src/ssd1306_adds.o
 *(.rodata*)
 *fill*         0x00000000080077b5        0x3 
 .rodata.HAL_TIM_PeriodElapsedCallback
                0x00000000080077b8       0x48 ./Core/Src/main.o
 .rodata.logo   0x0000000008007800      0x400 ./Core/Src/ssd1306_adds.o
                0x0000000008007800                logo
 .rodata.width  0x0000000008007c00      0x400 ./Core/Src/ssd1306_adds.o
                0x0000000008007c00                width
 .rodata.turns  0x0000000008008000      0x400 ./Core/Src/ssd1306_adds.o
                0x0000000008008000                turns
 .rodata.diameter
                0x0000000008008400      0x400 ./Core/Src/ssd1306_adds.o
                0x0000000008008400                diameter
 .rodata.speed  0x0000000008008800      0x400 ./Core/Src/ssd1306_adds.o
                0x0000000008008800                speed
 .rodata.PROJECT_COUNT
                0x0000000008008c00        0x1 ./Core/Src/ssd1306_adds.o
                0x0000000008008c00                PROJECT_COUNT
 *fill*         0x0000000008008c01        0x3 
 .rodata.setTheme
                0x0000000008008c04       0x30 ./Core/Src/ssd1306_adds.o
 .rodata.Font7x10
                0x0000000008008c34      0x76c ./Core/Src/ssd1306_fonts.o
                0x0000000008008c34                Font7x10
 .rodata.Font11x18
                0x00000000080093a0      0xd5c ./Core/Src/ssd1306_fonts.o
                0x00000000080093a0                Font11x18
 .rodata.AHBPrescTable
                0x000000000800a0fc       0x10 ./Core/Src/system_stm32l0xx.o
                0x000000000800a0fc                AHBPrescTable
 .rodata.APBPrescTable
                0x000000000800a10c        0x8 ./Core/Src/system_stm32l0xx.o
                0x000000000800a10c                APBPrescTable
 .rodata.PLLMulTable
                0x000000000800a114        0x9 ./Core/Src/system_stm32l0xx.o
                0x000000000800a114                PLLMulTable
 *fill*         0x000000000800a11d        0x3 
 .rodata.UART_SetConfig
                0x000000000800a120       0x48 ./Drivers/STM32L0xx_HAL_Driver/Src/stm32l0xx_hal_uart.o
 .rodata._svfprintf_r.str1.1
                0x000000000800a168       0x11 c:/st/stm32cubeide_1.9.0/stm32cubeide/plugins/com.st.stm32cube.ide.mcu.externaltools.gnu-tools-for-stm32.10.3-2021.10.win32_1.0.0.202111181127/tools/bin/../lib/gcc/arm-none-eabi/10.3.1/../../../../arm-none-eabi/lib/thumb/v6-m/nofp\libc_nano.a(lib_a-nano-svfprintf.o)
 .rodata._printf_i.str1.1
                0x000000000800a179       0x22 c:/st/stm32cubeide_1.9.0/stm32cubeide/plugins/com.st.stm32cube.ide.mcu.externaltools.gnu-tools-for-stm32.10.3-2021.10.win32_1.0.0.202111181127/tools/bin/../lib/gcc/arm-none-eabi/10.3.1/../../../../arm-none-eabi/lib/thumb/v6-m/nofp\libc_nano.a(lib_a-nano-vfprintf_i.o)
                0x000000000800a19c                . = ALIGN (0x4)
 *fill*         0x000000000800a19b        0x1 

.ARM.extab      0x000000000800a19c        0x0
                0x000000000800a19c                . = ALIGN (0x4)
 *(.ARM.extab* .gnu.linkonce.armextab.*)
                0x000000000800a19c                . = ALIGN (0x4)

.ARM            0x000000000800a19c        0x8
                0x000000000800a19c                . = ALIGN (0x4)
                0x000000000800a19c                __exidx_start = .
 *(.ARM.exidx*)
 .ARM.exidx     0x000000000800a19c        0x8 c:/st/stm32cubeide_1.9.0/stm32cubeide/plugins/com.st.stm32cube.ide.mcu.externaltools.gnu-tools-for-stm32.10.3-2021.10.win32_1.0.0.202111181127/tools/bin/../lib/gcc/arm-none-eabi/10.3.1/thumb/v6-m/nofp\libgcc.a(_udivmoddi4.o)
                0x000000000800a1a4                __exidx_end = .
                0x000000000800a1a4                . = ALIGN (0x4)

.rel.dyn        0x000000000800a1a4        0x0
 .rel.iplt      0x000000000800a1a4        0x0 c:/st/stm32cubeide_1.9.0/stm32cubeide/plugins/com.st.stm32cube.ide.mcu.externaltools.gnu-tools-for-stm32.10.3-2021.10.win32_1.0.0.202111181127/tools/bin/../lib/gcc/arm-none-eabi/10.3.1/thumb/v6-m/nofp/crtbegin.o

.preinit_array  0x000000000800a1a4        0x0
                0x000000000800a1a4                . = ALIGN (0x4)
                0x000000000800a1a4                PROVIDE (__preinit_array_start = .)
 *(.preinit_array*)
                0x000000000800a1a4                PROVIDE (__preinit_array_end = .)
                0x000000000800a1a4                . = ALIGN (0x4)

.init_array     0x000000000800a1a4        0x4
                0x000000000800a1a4                . = ALIGN (0x4)
                0x000000000800a1a4                PROVIDE (__init_array_start = .)
 *(SORT_BY_NAME(.init_array.*))
 *(.init_array*)
 .init_array    0x000000000800a1a4        0x4 c:/st/stm32cubeide_1.9.0/stm32cubeide/plugins/com.st.stm32cube.ide.mcu.externaltools.gnu-tools-for-stm32.10.3-2021.10.win32_1.0.0.202111181127/tools/bin/../lib/gcc/arm-none-eabi/10.3.1/thumb/v6-m/nofp/crtbegin.o
                0x000000000800a1a8                PROVIDE (__init_array_end = .)
                0x000000000800a1a8                . = ALIGN (0x4)

.fini_array     0x000000000800a1a8        0x4
                0x000000000800a1a8                . = ALIGN (0x4)
                [!provide]                        PROVIDE (__fini_array_start = .)
 *(SORT_BY_NAME(.fini_array.*))
 *(.fini_array*)
 .fini_array    0x000000000800a1a8        0x4 c:/st/stm32cubeide_1.9.0/stm32cubeide/plugins/com.st.stm32cube.ide.mcu.externaltools.gnu-tools-for-stm32.10.3-2021.10.win32_1.0.0.202111181127/tools/bin/../lib/gcc/arm-none-eabi/10.3.1/thumb/v6-m/nofp/crtbegin.o
                [!provide]                        PROVIDE (__fini_array_end = .)
                0x000000000800a1ac                . = ALIGN (0x4)
                0x000000000800a1ac                _sidata = LOADADDR (.data)

.data           0x0000000020000000      0x194 load address 0x000000000800a1ac
                0x0000000020000000                . = ALIGN (0x4)
                0x0000000020000000                _sdata = .
 *(.data)
 *(.data*)
 .data.encoderCountPrev
                0x0000000020000000        0x2 ./Core/Src/main.o
                0x0000000020000000                encoderCountPrev
 *fill*         0x0000000020000002        0x2 
 .data.PeaveyC30_MAIN
                0x0000000020000004       0x44 ./Core/Src/ssd1306_adds.o
                0x0000000020000004                PeaveyC30_MAIN
 .data.PeaveyC30_SPK
                0x0000000020000048       0x44 ./Core/Src/ssd1306_adds.o
                0x0000000020000048                PeaveyC30_SPK
 .data.Test_Trafo
                0x000000002000008c       0x44 ./Core/Src/ssd1306_adds.o
                0x000000002000008c                Test_Trafo
 .data.Empty    0x00000000200000d0       0x44 ./Core/Src/ssd1306_adds.o
                0x00000000200000d0                Empty
 .data.Font_7x10
                0x0000000020000114        0x8 ./Core/Src/ssd1306_fonts.o
                0x0000000020000114                Font_7x10
 .data.Font_11x18
                0x000000002000011c        0x8 ./Core/Src/ssd1306_fonts.o
                0x000000002000011c                Font_11x18
 .data.SystemCoreClock
                0x0000000020000124        0x4 ./Core/Src/system_stm32l0xx.o
                0x0000000020000124                SystemCoreClock
 .data.uwTickPrio
                0x0000000020000128        0x4 ./Drivers/STM32L0xx_HAL_Driver/Src/stm32l0xx_hal.o
                0x0000000020000128                uwTickPrio
 .data.uwTickFreq
                0x000000002000012c        0x1 ./Drivers/STM32L0xx_HAL_Driver/Src/stm32l0xx_hal.o
                0x000000002000012c                uwTickFreq
 *fill*         0x000000002000012d        0x3 
 .data._impure_ptr
                0x0000000020000130        0x4 c:/st/stm32cubeide_1.9.0/stm32cubeide/plugins/com.st.stm32cube.ide.mcu.externaltools.gnu-tools-for-stm32.10.3-2021.10.win32_1.0.0.202111181127/tools/bin/../lib/gcc/arm-none-eabi/10.3.1/../../../../arm-none-eabi/lib/thumb/v6-m/nofp\libc_nano.a(lib_a-impure.o)
                0x0000000020000130                _impure_ptr
 .data.impure_data
                0x0000000020000134       0x60 c:/st/stm32cubeide_1.9.0/stm32cubeide/plugins/com.st.stm32cube.ide.mcu.externaltools.gnu-tools-for-stm32.10.3-2021.10.win32_1.0.0.202111181127/tools/bin/../lib/gcc/arm-none-eabi/10.3.1/../../../../arm-none-eabi/lib/thumb/v6-m/nofp\libc_nano.a(lib_a-impure.o)
 *(.RamFunc)
 *(.RamFunc*)
                0x0000000020000194                . = ALIGN (0x4)
                0x0000000020000194                _edata = .

.igot.plt       0x0000000020000194        0x0 load address 0x000000000800a340
 .igot.plt      0x0000000020000194        0x0 c:/st/stm32cubeide_1.9.0/stm32cubeide/plugins/com.st.stm32cube.ide.mcu.externaltools.gnu-tools-for-stm32.10.3-2021.10.win32_1.0.0.202111181127/tools/bin/../lib/gcc/arm-none-eabi/10.3.1/thumb/v6-m/nofp/crtbegin.o
                0x0000000020000194                . = ALIGN (0x4)

.bss            0x0000000020000194      0x5e4 load address 0x000000000800a340
                0x0000000020000194                _sbss = .
                0x0000000020000194                __bss_start__ = _sbss
 *(.bss)
 .bss           0x0000000020000194       0x1c c:/st/stm32cubeide_1.9.0/stm32cubeide/plugins/com.st.stm32cube.ide.mcu.externaltools.gnu-tools-for-stm32.10.3-2021.10.win32_1.0.0.202111181127/tools/bin/../lib/gcc/arm-none-eabi/10.3.1/thumb/v6-m/nofp/crtbegin.o
 *(.bss*)
 .bss.hi2c1     0x00000000200001b0       0x4c ./Core/Src/i2c.o
                0x00000000200001b0                hi2c1
 .bss.usart2data
                0x00000000200001fc        0x1 ./Core/Src/main.o
                0x00000000200001fc                usart2data
 *fill*         0x00000000200001fd        0x1 
 .bss.encoderCount
                0x00000000200001fe        0x2 ./Core/Src/main.o
                0x00000000200001fe                encoderCount
 .bss.pressBtnCounter
                0x0000000020000200        0x1 ./Core/Src/main.o
                0x0000000020000200                pressBtnCounter
 .bss.width_MAIN
                0x0000000020000201        0x1 ./Core/Src/main.o
                0x0000000020000201                width_MAIN
 .bss.turns_MAIN
                0x0000000020000202        0x1 ./Core/Src/main.o
                0x0000000020000202                turns_MAIN
 .bss.diameter_MAIN
                0x0000000020000203        0x1 ./Core/Src/main.o
                0x0000000020000203                diameter_MAIN
 .bss.speed_MAIN
                0x0000000020000204        0x1 ./Core/Src/main.o
                0x0000000020000204                speed_MAIN
 *fill*         0x0000000020000205        0x3 
 .bss.SSD1306_Buffer
                0x0000000020000208      0x400 ./Core/Src/ssd1306.o
 .bss.SSD1306   0x0000000020000608        0x6 ./Core/Src/ssd1306.o
 .bss.workStep  0x000000002000060e        0x1 ./Core/Src/ssd1306_adds.o
                0x000000002000060e                workStep
 .bss.projectSelect
                0x000000002000060f        0x1 ./Core/Src/ssd1306_adds.o
                0x000000002000060f                projectSelect
 .bss.progressBarWidth
                0x0000000020000610        0x1 ./Core/Src/ssd1306_adds.o
                0x0000000020000610                progressBarWidth
 .bss.progressBarStep
                0x0000000020000611        0x1 ./Core/Src/ssd1306_adds.o
                0x0000000020000611                progressBarStep
 .bss.markerPosition
                0x0000000020000612        0x1 ./Core/Src/ssd1306_adds.o
                0x0000000020000612                markerPosition
 *fill*         0x0000000020000613        0x1 
 .bss.arrayToken
                0x0000000020000614        0x5 ./Core/Src/ssd1306_adds.o
                0x0000000020000614                arrayToken
 *fill*         0x0000000020000619        0x3 
 .bss.__sbrk_heap_end
                0x000000002000061c        0x4 ./Core/Src/sysmem.o
 .bss.htim2     0x0000000020000620       0x40 ./Core/Src/tim.o
                0x0000000020000620                htim2
 .bss.htim6     0x0000000020000660       0x40 ./Core/Src/tim.o
                0x0000000020000660                htim6
 .bss.htim7     0x00000000200006a0       0x40 ./Core/Src/tim.o
                0x00000000200006a0                htim7
 .bss.huart2    0x00000000200006e0       0x84 ./Core/Src/usart.o
                0x00000000200006e0                huart2
 .bss.uwTick    0x0000000020000764        0x4 ./Drivers/STM32L0xx_HAL_Driver/Src/stm32l0xx_hal.o
                0x0000000020000764                uwTick
 .bss.__malloc_free_list
                0x0000000020000768        0x4 c:/st/stm32cubeide_1.9.0/stm32cubeide/plugins/com.st.stm32cube.ide.mcu.externaltools.gnu-tools-for-stm32.10.3-2021.10.win32_1.0.0.202111181127/tools/bin/../lib/gcc/arm-none-eabi/10.3.1/../../../../arm-none-eabi/lib/thumb/v6-m/nofp\libc_nano.a(lib_a-nano-mallocr.o)
                0x0000000020000768                __malloc_free_list
 .bss.__malloc_sbrk_start
                0x000000002000076c        0x4 c:/st/stm32cubeide_1.9.0/stm32cubeide/plugins/com.st.stm32cube.ide.mcu.externaltools.gnu-tools-for-stm32.10.3-2021.10.win32_1.0.0.202111181127/tools/bin/../lib/gcc/arm-none-eabi/10.3.1/../../../../arm-none-eabi/lib/thumb/v6-m/nofp\libc_nano.a(lib_a-nano-mallocr.o)
                0x000000002000076c                __malloc_sbrk_start
 .bss.errno     0x0000000020000770        0x4 c:/st/stm32cubeide_1.9.0/stm32cubeide/plugins/com.st.stm32cube.ide.mcu.externaltools.gnu-tools-for-stm32.10.3-2021.10.win32_1.0.0.202111181127/tools/bin/../lib/gcc/arm-none-eabi/10.3.1/../../../../arm-none-eabi/lib/thumb/v6-m/nofp\libc_nano.a(lib_a-reent.o)
                0x0000000020000770                errno
 .bss.__lock___malloc_recursive_mutex
                0x0000000020000774        0x1 c:/st/stm32cubeide_1.9.0/stm32cubeide/plugins/com.st.stm32cube.ide.mcu.externaltools.gnu-tools-for-stm32.10.3-2021.10.win32_1.0.0.202111181127/tools/bin/../lib/gcc/arm-none-eabi/10.3.1/../../../../arm-none-eabi/lib/thumb/v6-m/nofp\libc_nano.a(lib_a-lock.o)
                0x0000000020000774                __lock___malloc_recursive_mutex
 *(COMMON)
                0x0000000020000778                . = ALIGN (0x4)
 *fill*         0x0000000020000775        0x3 
                0x0000000020000778                _ebss = .
                0x0000000020000778                __bss_end__ = _ebss

._user_heap_stack
                0x0000000020000778      0x600 load address 0x000000000800a340
                0x0000000020000778                . = ALIGN (0x8)
                [!provide]                        PROVIDE (end = .)
                0x0000000020000778                PROVIDE (_end = .)
                0x0000000020000978                . = (. + _Min_Heap_Size)
 *fill*         0x0000000020000778      0x200 
                0x0000000020000d78                . = (. + _Min_Stack_Size)
 *fill*         0x0000000020000978      0x400 
                0x0000000020000d78                . = ALIGN (0x8)

/DISCARD/
 libc.a(*)
 libm.a(*)
 libgcc.a(*)

.ARM.attributes
                0x0000000000000000       0x28
 *(.ARM.attributes)
 .ARM.attributes
                0x0000000000000000       0x1e c:/st/stm32cubeide_1.9.0/stm32cubeide/plugins/com.st.stm32cube.ide.mcu.externaltools.gnu-tools-for-stm32.10.3-2021.10.win32_1.0.0.202111181127/tools/bin/../lib/gcc/arm-none-eabi/10.3.1/thumb/v6-m/nofp/crti.o
 .ARM.attributes
                0x000000000000001e       0x2c c:/st/stm32cubeide_1.9.0/stm32cubeide/plugins/com.st.stm32cube.ide.mcu.externaltools.gnu-tools-for-stm32.10.3-2021.10.win32_1.0.0.202111181127/tools/bin/../lib/gcc/arm-none-eabi/10.3.1/thumb/v6-m/nofp/crtbegin.o
 .ARM.attributes
                0x000000000000004a       0x2c ./Core/Src/gpio.o
 .ARM.attributes
                0x0000000000000076       0x2c ./Core/Src/i2c.o
 .ARM.attributes
                0x00000000000000a2       0x2c ./Core/Src/main.o
 .ARM.attributes
                0x00000000000000ce       0x2c ./Core/Src/misc.o
 .ARM.attributes
                0x00000000000000fa       0x2c ./Core/Src/ssd1306.o
 .ARM.attributes
                0x0000000000000126       0x2c ./Core/Src/ssd1306_adds.o
 .ARM.attributes
                0x0000000000000152       0x2c ./Core/Src/ssd1306_fonts.o
 .ARM.attributes
                0x000000000000017e       0x2c ./Core/Src/stm32l0xx_hal_msp.o
 .ARM.attributes
                0x00000000000001aa       0x2c ./Core/Src/stm32l0xx_it.o
 .ARM.attributes
                0x00000000000001d6       0x2c ./Core/Src/sysmem.o
 .ARM.attributes
                0x0000000000000202       0x2c ./Core/Src/system_stm32l0xx.o
 .ARM.attributes
                0x000000000000022e       0x2c ./Core/Src/tim.o
 .ARM.attributes
                0x000000000000025a       0x2c ./Core/Src/usart.o
 .ARM.attributes
                0x0000000000000286       0x22 ./Core/Startup/startup_stm32l073rztx.o
 .ARM.attributes
                0x00000000000002a8       0x2c ./Drivers/STM32L0xx_HAL_Driver/Src/stm32l0xx_hal.o
 .ARM.attributes
                0x00000000000002d4       0x2c ./Drivers/STM32L0xx_HAL_Driver/Src/stm32l0xx_hal_cortex.o
 .ARM.attributes
                0x0000000000000300       0x2c ./Drivers/STM32L0xx_HAL_Driver/Src/stm32l0xx_hal_dma.o
 .ARM.attributes
                0x000000000000032c       0x2c ./Drivers/STM32L0xx_HAL_Driver/Src/stm32l0xx_hal_gpio.o
 .ARM.attributes
                0x0000000000000358       0x2c ./Drivers/STM32L0xx_HAL_Driver/Src/stm32l0xx_hal_i2c.o
 .ARM.attributes
                0x0000000000000384       0x2c ./Drivers/STM32L0xx_HAL_Driver/Src/stm32l0xx_hal_i2c_ex.o
 .ARM.attributes
                0x00000000000003b0       0x2c ./Drivers/STM32L0xx_HAL_Driver/Src/stm32l0xx_hal_rcc.o
 .ARM.attributes
                0x00000000000003dc       0x2c ./Drivers/STM32L0xx_HAL_Driver/Src/stm32l0xx_hal_rcc_ex.o
 .ARM.attributes
                0x0000000000000408       0x2c ./Drivers/STM32L0xx_HAL_Driver/Src/stm32l0xx_hal_tim.o
 .ARM.attributes
                0x0000000000000434       0x2c ./Drivers/STM32L0xx_HAL_Driver/Src/stm32l0xx_hal_tim_ex.o
 .ARM.attributes
                0x0000000000000460       0x2c ./Drivers/STM32L0xx_HAL_Driver/Src/stm32l0xx_hal_uart.o
 .ARM.attributes
                0x000000000000048c       0x2c ./Drivers/STM32L0xx_HAL_Driver/Src/stm32l0xx_hal_uart_ex.o
 .ARM.attributes
                0x00000000000004b8       0x2c c:/st/stm32cubeide_1.9.0/stm32cubeide/plugins/com.st.stm32cube.ide.mcu.externaltools.gnu-tools-for-stm32.10.3-2021.10.win32_1.0.0.202111181127/tools/bin/../lib/gcc/arm-none-eabi/10.3.1/../../../../arm-none-eabi/lib/thumb/v6-m/nofp\libc_nano.a(lib_a-errno.o)
 .ARM.attributes
                0x00000000000004e4       0x2c c:/st/stm32cubeide_1.9.0/stm32cubeide/plugins/com.st.stm32cube.ide.mcu.externaltools.gnu-tools-for-stm32.10.3-2021.10.win32_1.0.0.202111181127/tools/bin/../lib/gcc/arm-none-eabi/10.3.1/../../../../arm-none-eabi/lib/thumb/v6-m/nofp\libc_nano.a(lib_a-impure.o)
 .ARM.attributes
                0x0000000000000510       0x2c c:/st/stm32cubeide_1.9.0/stm32cubeide/plugins/com.st.stm32cube.ide.mcu.externaltools.gnu-tools-for-stm32.10.3-2021.10.win32_1.0.0.202111181127/tools/bin/../lib/gcc/arm-none-eabi/10.3.1/../../../../arm-none-eabi/lib/thumb/v6-m/nofp\libc_nano.a(lib_a-init.o)
 .ARM.attributes
                0x000000000000053c       0x2c c:/st/stm32cubeide_1.9.0/stm32cubeide/plugins/com.st.stm32cube.ide.mcu.externaltools.gnu-tools-for-stm32.10.3-2021.10.win32_1.0.0.202111181127/tools/bin/../lib/gcc/arm-none-eabi/10.3.1/../../../../arm-none-eabi/lib/thumb/v6-m/nofp\libc_nano.a(lib_a-memcpy-stub.o)
 .ARM.attributes
                0x0000000000000568       0x2c c:/st/stm32cubeide_1.9.0/stm32cubeide/plugins/com.st.stm32cube.ide.mcu.externaltools.gnu-tools-for-stm32.10.3-2021.10.win32_1.0.0.202111181127/tools/bin/../lib/gcc/arm-none-eabi/10.3.1/../../../../arm-none-eabi/lib/thumb/v6-m/nofp\libc_nano.a(lib_a-memset.o)
 .ARM.attributes
                0x0000000000000594       0x2c c:/st/stm32cubeide_1.9.0/stm32cubeide/plugins/com.st.stm32cube.ide.mcu.externaltools.gnu-tools-for-stm32.10.3-2021.10.win32_1.0.0.202111181127/tools/bin/../lib/gcc/arm-none-eabi/10.3.1/../../../../arm-none-eabi/lib/thumb/v6-m/nofp\libc_nano.a(lib_a-sprintf.o)
 .ARM.attributes
                0x00000000000005c0       0x1c c:/st/stm32cubeide_1.9.0/stm32cubeide/plugins/com.st.stm32cube.ide.mcu.externaltools.gnu-tools-for-stm32.10.3-2021.10.win32_1.0.0.202111181127/tools/bin/../lib/gcc/arm-none-eabi/10.3.1/../../../../arm-none-eabi/lib/thumb/v6-m/nofp\libc_nano.a(lib_a-strlen.o)
 .ARM.attributes
                0x00000000000005dc       0x2c c:/st/stm32cubeide_1.9.0/stm32cubeide/plugins/com.st.stm32cube.ide.mcu.externaltools.gnu-tools-for-stm32.10.3-2021.10.win32_1.0.0.202111181127/tools/bin/../lib/gcc/arm-none-eabi/10.3.1/../../../../arm-none-eabi/lib/thumb/v6-m/nofp\libc_nano.a(lib_a-nano-svfprintf.o)
 .ARM.attributes
                0x0000000000000608       0x2c c:/st/stm32cubeide_1.9.0/stm32cubeide/plugins/com.st.stm32cube.ide.mcu.externaltools.gnu-tools-for-stm32.10.3-2021.10.win32_1.0.0.202111181127/tools/bin/../lib/gcc/arm-none-eabi/10.3.1/../../../../arm-none-eabi/lib/thumb/v6-m/nofp\libc_nano.a(lib_a-nano-vfprintf_i.o)
 .ARM.attributes
                0x0000000000000634       0x2c c:/st/stm32cubeide_1.9.0/stm32cubeide/plugins/com.st.stm32cube.ide.mcu.externaltools.gnu-tools-for-stm32.10.3-2021.10.win32_1.0.0.202111181127/tools/bin/../lib/gcc/arm-none-eabi/10.3.1/../../../../arm-none-eabi/lib/thumb/v6-m/nofp\libc_nano.a(lib_a-memchr-stub.o)
 .ARM.attributes
                0x0000000000000660       0x2c c:/st/stm32cubeide_1.9.0/stm32cubeide/plugins/com.st.stm32cube.ide.mcu.externaltools.gnu-tools-for-stm32.10.3-2021.10.win32_1.0.0.202111181127/tools/bin/../lib/gcc/arm-none-eabi/10.3.1/../../../../arm-none-eabi/lib/thumb/v6-m/nofp\libc_nano.a(lib_a-memmove.o)
 .ARM.attributes
                0x000000000000068c       0x2c c:/st/stm32cubeide_1.9.0/stm32cubeide/plugins/com.st.stm32cube.ide.mcu.externaltools.gnu-tools-for-stm32.10.3-2021.10.win32_1.0.0.202111181127/tools/bin/../lib/gcc/arm-none-eabi/10.3.1/../../../../arm-none-eabi/lib/thumb/v6-m/nofp\libc_nano.a(lib_a-nano-freer.o)
 .ARM.attributes
                0x00000000000006b8       0x2c c:/st/stm32cubeide_1.9.0/stm32cubeide/plugins/com.st.stm32cube.ide.mcu.externaltools.gnu-tools-for-stm32.10.3-2021.10.win32_1.0.0.202111181127/tools/bin/../lib/gcc/arm-none-eabi/10.3.1/../../../../arm-none-eabi/lib/thumb/v6-m/nofp\libc_nano.a(lib_a-nano-mallocr.o)
 .ARM.attributes
                0x00000000000006e4       0x2c c:/st/stm32cubeide_1.9.0/stm32cubeide/plugins/com.st.stm32cube.ide.mcu.externaltools.gnu-tools-for-stm32.10.3-2021.10.win32_1.0.0.202111181127/tools/bin/../lib/gcc/arm-none-eabi/10.3.1/../../../../arm-none-eabi/lib/thumb/v6-m/nofp\libc_nano.a(lib_a-nano-reallocr.o)
 .ARM.attributes
                0x0000000000000710       0x2c c:/st/stm32cubeide_1.9.0/stm32cubeide/plugins/com.st.stm32cube.ide.mcu.externaltools.gnu-tools-for-stm32.10.3-2021.10.win32_1.0.0.202111181127/tools/bin/../lib/gcc/arm-none-eabi/10.3.1/../../../../arm-none-eabi/lib/thumb/v6-m/nofp\libc_nano.a(lib_a-sbrkr.o)
 .ARM.attributes
                0x000000000000073c       0x2c c:/st/stm32cubeide_1.9.0/stm32cubeide/plugins/com.st.stm32cube.ide.mcu.externaltools.gnu-tools-for-stm32.10.3-2021.10.win32_1.0.0.202111181127/tools/bin/../lib/gcc/arm-none-eabi/10.3.1/../../../../arm-none-eabi/lib/thumb/v6-m/nofp\libc_nano.a(lib_a-mlock.o)
 .ARM.attributes
                0x0000000000000768       0x2c c:/st/stm32cubeide_1.9.0/stm32cubeide/plugins/com.st.stm32cube.ide.mcu.externaltools.gnu-tools-for-stm32.10.3-2021.10.win32_1.0.0.202111181127/tools/bin/../lib/gcc/arm-none-eabi/10.3.1/../../../../arm-none-eabi/lib/thumb/v6-m/nofp\libc_nano.a(lib_a-nano-msizer.o)
 .ARM.attributes
                0x0000000000000794       0x2c c:/st/stm32cubeide_1.9.0/stm32cubeide/plugins/com.st.stm32cube.ide.mcu.externaltools.gnu-tools-for-stm32.10.3-2021.10.win32_1.0.0.202111181127/tools/bin/../lib/gcc/arm-none-eabi/10.3.1/../../../../arm-none-eabi/lib/thumb/v6-m/nofp\libc_nano.a(lib_a-reent.o)
 .ARM.attributes
                0x00000000000007c0       0x2c c:/st/stm32cubeide_1.9.0/stm32cubeide/plugins/com.st.stm32cube.ide.mcu.externaltools.gnu-tools-for-stm32.10.3-2021.10.win32_1.0.0.202111181127/tools/bin/../lib/gcc/arm-none-eabi/10.3.1/../../../../arm-none-eabi/lib/thumb/v6-m/nofp\libc_nano.a(lib_a-lock.o)
 .ARM.attributes
                0x00000000000007ec       0x1e c:/st/stm32cubeide_1.9.0/stm32cubeide/plugins/com.st.stm32cube.ide.mcu.externaltools.gnu-tools-for-stm32.10.3-2021.10.win32_1.0.0.202111181127/tools/bin/../lib/gcc/arm-none-eabi/10.3.1/thumb/v6-m/nofp\libgcc.a(_thumb1_case_shi.o)
 .ARM.attributes
                0x000000000000080a       0x1e c:/st/stm32cubeide_1.9.0/stm32cubeide/plugins/com.st.stm32cube.ide.mcu.externaltools.gnu-tools-for-stm32.10.3-2021.10.win32_1.0.0.202111181127/tools/bin/../lib/gcc/arm-none-eabi/10.3.1/thumb/v6-m/nofp\libgcc.a(_udivsi3.o)
 .ARM.attributes
                0x0000000000000828       0x1e c:/st/stm32cubeide_1.9.0/stm32cubeide/plugins/com.st.stm32cube.ide.mcu.externaltools.gnu-tools-for-stm32.10.3-2021.10.win32_1.0.0.202111181127/tools/bin/../lib/gcc/arm-none-eabi/10.3.1/thumb/v6-m/nofp\libgcc.a(_divsi3.o)
 .ARM.attributes
                0x0000000000000846       0x1e c:/st/stm32cubeide_1.9.0/stm32cubeide/plugins/com.st.stm32cube.ide.mcu.externaltools.gnu-tools-for-stm32.10.3-2021.10.win32_1.0.0.202111181127/tools/bin/../lib/gcc/arm-none-eabi/10.3.1/thumb/v6-m/nofp\libgcc.a(_dvmd_tls.o)
 .ARM.attributes
                0x0000000000000864       0x1e c:/st/stm32cubeide_1.9.0/stm32cubeide/plugins/com.st.stm32cube.ide.mcu.externaltools.gnu-tools-for-stm32.10.3-2021.10.win32_1.0.0.202111181127/tools/bin/../lib/gcc/arm-none-eabi/10.3.1/thumb/v6-m/nofp\libgcc.a(_aeabi_uldivmod.o)
 .ARM.attributes
                0x0000000000000882       0x2c c:/st/stm32cubeide_1.9.0/stm32cubeide/plugins/com.st.stm32cube.ide.mcu.externaltools.gnu-tools-for-stm32.10.3-2021.10.win32_1.0.0.202111181127/tools/bin/../lib/gcc/arm-none-eabi/10.3.1/thumb/v6-m/nofp\libgcc.a(_muldi3.o)
 .ARM.attributes
                0x00000000000008ae       0x2c c:/st/stm32cubeide_1.9.0/stm32cubeide/plugins/com.st.stm32cube.ide.mcu.externaltools.gnu-tools-for-stm32.10.3-2021.10.win32_1.0.0.202111181127/tools/bin/../lib/gcc/arm-none-eabi/10.3.1/thumb/v6-m/nofp\libgcc.a(_udivmoddi4.o)
 .ARM.attributes
                0x00000000000008da       0x1e c:/st/stm32cubeide_1.9.0/stm32cubeide/plugins/com.st.stm32cube.ide.mcu.externaltools.gnu-tools-for-stm32.10.3-2021.10.win32_1.0.0.202111181127/tools/bin/../lib/gcc/arm-none-eabi/10.3.1/thumb/v6-m/nofp\libgcc.a(_clzdi2.o)
 .ARM.attributes
                0x00000000000008f8       0x1e c:/st/stm32cubeide_1.9.0/stm32cubeide/plugins/com.st.stm32cube.ide.mcu.externaltools.gnu-tools-for-stm32.10.3-2021.10.win32_1.0.0.202111181127/tools/bin/../lib/gcc/arm-none-eabi/10.3.1/thumb/v6-m/nofp\libgcc.a(_clzsi2.o)
 .ARM.attributes
                0x0000000000000916       0x1e c:/st/stm32cubeide_1.9.0/stm32cubeide/plugins/com.st.stm32cube.ide.mcu.externaltools.gnu-tools-for-stm32.10.3-2021.10.win32_1.0.0.202111181127/tools/bin/../lib/gcc/arm-none-eabi/10.3.1/thumb/v6-m/nofp/crtn.o
OUTPUT(Szeloba.elf elf32-littlearm)
LOAD linker stubs
LOAD c:/st/stm32cubeide_1.9.0/stm32cubeide/plugins/com.st.stm32cube.ide.mcu.externaltools.gnu-tools-for-stm32.10.3-2021.10.win32_1.0.0.202111181127/tools/bin/../lib/gcc/arm-none-eabi/10.3.1/../../../../arm-none-eabi/lib/thumb/v6-m/nofp\libc.a
LOAD c:/st/stm32cubeide_1.9.0/stm32cubeide/plugins/com.st.stm32cube.ide.mcu.externaltools.gnu-tools-for-stm32.10.3-2021.10.win32_1.0.0.202111181127/tools/bin/../lib/gcc/arm-none-eabi/10.3.1/../../../../arm-none-eabi/lib/thumb/v6-m/nofp\libm.a
LOAD c:/st/stm32cubeide_1.9.0/stm32cubeide/plugins/com.st.stm32cube.ide.mcu.externaltools.gnu-tools-for-stm32.10.3-2021.10.win32_1.0.0.202111181127/tools/bin/../lib/gcc/arm-none-eabi/10.3.1/thumb/v6-m/nofp\libgcc.a

.debug_info     0x0000000000000000    0x146d8
 .debug_info    0x0000000000000000      0x4d5 ./Core/Src/gpio.o
 .debug_info    0x00000000000004d5      0x990 ./Core/Src/i2c.o
 .debug_info    0x0000000000000e65     0x1183 ./Core/Src/main.o
 .debug_info    0x0000000000001fe8      0x76c ./Core/Src/misc.o
 .debug_info    0x0000000000002754     0x1183 ./Core/Src/ssd1306.o
 .debug_info    0x00000000000038d7      0xac6 ./Core/Src/ssd1306_adds.o
 .debug_info    0x000000000000439d      0x27a ./Core/Src/ssd1306_fonts.o
 .debug_info    0x0000000000004617      0x1e3 ./Core/Src/stm32l0xx_hal_msp.o
 .debug_info    0x00000000000047fa      0xa76 ./Core/Src/stm32l0xx_it.o
 .debug_info    0x0000000000005270      0x171 ./Core/Src/sysmem.o
 .debug_info    0x00000000000053e1      0x309 ./Core/Src/system_stm32l0xx.o
 .debug_info    0x00000000000056ea      0xca5 ./Core/Src/tim.o
 .debug_info    0x000000000000638f      0xad4 ./Core/Src/usart.o
 .debug_info    0x0000000000006e63       0x22 ./Core/Startup/startup_stm32l073rztx.o
 .debug_info    0x0000000000006e85      0x8ed ./Drivers/STM32L0xx_HAL_Driver/Src/stm32l0xx_hal.o
 .debug_info    0x0000000000007772      0x8e1 ./Drivers/STM32L0xx_HAL_Driver/Src/stm32l0xx_hal_cortex.o
 .debug_info    0x0000000000008053      0x75b ./Drivers/STM32L0xx_HAL_Driver/Src/stm32l0xx_hal_dma.o
 .debug_info    0x00000000000087ae      0x6aa ./Drivers/STM32L0xx_HAL_Driver/Src/stm32l0xx_hal_gpio.o
 .debug_info    0x0000000000008e58     0x2156 ./Drivers/STM32L0xx_HAL_Driver/Src/stm32l0xx_hal_i2c.o
 .debug_info    0x000000000000afae      0x8f3 ./Drivers/STM32L0xx_HAL_Driver/Src/stm32l0xx_hal_i2c_ex.o
 .debug_info    0x000000000000b8a1      0xa80 ./Drivers/STM32L0xx_HAL_Driver/Src/stm32l0xx_hal_rcc.o
 .debug_info    0x000000000000c321      0x875 ./Drivers/STM32L0xx_HAL_Driver/Src/stm32l0xx_hal_rcc_ex.o
 .debug_info    0x000000000000cb96     0x29ed ./Drivers/STM32L0xx_HAL_Driver/Src/stm32l0xx_hal_tim.o
 .debug_info    0x000000000000f583      0x6f2 ./Drivers/STM32L0xx_HAL_Driver/Src/stm32l0xx_hal_tim_ex.o
 .debug_info    0x000000000000fc75     0x3c8a ./Drivers/STM32L0xx_HAL_Driver/Src/stm32l0xx_hal_uart.o
 .debug_info    0x00000000000138ff      0xdd9 ./Drivers/STM32L0xx_HAL_Driver/Src/stm32l0xx_hal_uart_ex.o

.debug_abbrev   0x0000000000000000     0x31cd
 .debug_abbrev  0x0000000000000000      0x164 ./Core/Src/gpio.o
 .debug_abbrev  0x0000000000000164      0x1f7 ./Core/Src/i2c.o
 .debug_abbrev  0x000000000000035b      0x2fd ./Core/Src/main.o
 .debug_abbrev  0x0000000000000658      0x1da ./Core/Src/misc.o
 .debug_abbrev  0x0000000000000832      0x314 ./Core/Src/ssd1306.o
 .debug_abbrev  0x0000000000000b46      0x2b7 ./Core/Src/ssd1306_adds.o
 .debug_abbrev  0x0000000000000dfd      0x111 ./Core/Src/ssd1306_fonts.o
 .debug_abbrev  0x0000000000000f0e       0x9d ./Core/Src/stm32l0xx_hal_msp.o
 .debug_abbrev  0x0000000000000fab      0x195 ./Core/Src/stm32l0xx_it.o
 .debug_abbrev  0x0000000000001140       0xbb ./Core/Src/sysmem.o
 .debug_abbrev  0x00000000000011fb      0x116 ./Core/Src/system_stm32l0xx.o
 .debug_abbrev  0x0000000000001311      0x21d ./Core/Src/tim.o
 .debug_abbrev  0x000000000000152e      0x1f3 ./Core/Src/usart.o
 .debug_abbrev  0x0000000000001721       0x12 ./Core/Startup/startup_stm32l073rztx.o
 .debug_abbrev  0x0000000000001733      0x29a ./Drivers/STM32L0xx_HAL_Driver/Src/stm32l0xx_hal.o
 .debug_abbrev  0x00000000000019cd      0x28e ./Drivers/STM32L0xx_HAL_Driver/Src/stm32l0xx_hal_cortex.o
 .debug_abbrev  0x0000000000001c5b      0x1c6 ./Drivers/STM32L0xx_HAL_Driver/Src/stm32l0xx_hal_dma.o
 .debug_abbrev  0x0000000000001e21      0x1bb ./Drivers/STM32L0xx_HAL_Driver/Src/stm32l0xx_hal_gpio.o
 .debug_abbrev  0x0000000000001fdc      0x254 ./Drivers/STM32L0xx_HAL_Driver/Src/stm32l0xx_hal_i2c.o
 .debug_abbrev  0x0000000000002230      0x1a7 ./Drivers/STM32L0xx_HAL_Driver/Src/stm32l0xx_hal_i2c_ex.o
 .debug_abbrev  0x00000000000023d7      0x28e ./Drivers/STM32L0xx_HAL_Driver/Src/stm32l0xx_hal_rcc.o
 .debug_abbrev  0x0000000000002665      0x20d ./Drivers/STM32L0xx_HAL_Driver/Src/stm32l0xx_hal_rcc_ex.o
 .debug_abbrev  0x0000000000002872      0x259 ./Drivers/STM32L0xx_HAL_Driver/Src/stm32l0xx_hal_tim.o
 .debug_abbrev  0x0000000000002acb      0x195 ./Drivers/STM32L0xx_HAL_Driver/Src/stm32l0xx_hal_tim_ex.o
 .debug_abbrev  0x0000000000002c60      0x2cb ./Drivers/STM32L0xx_HAL_Driver/Src/stm32l0xx_hal_uart.o
 .debug_abbrev  0x0000000000002f2b      0x2a2 ./Drivers/STM32L0xx_HAL_Driver/Src/stm32l0xx_hal_uart_ex.o

.debug_aranges  0x0000000000000000     0x1180
 .debug_aranges
                0x0000000000000000       0x20 ./Core/Src/gpio.o
 .debug_aranges
                0x0000000000000020       0x30 ./Core/Src/i2c.o
 .debug_aranges
                0x0000000000000050       0x50 ./Core/Src/main.o
 .debug_aranges
                0x00000000000000a0       0x28 ./Core/Src/misc.o
 .debug_aranges
                0x00000000000000c8      0x100 ./Core/Src/ssd1306.o
 .debug_aranges
                0x00000000000001c8       0xc0 ./Core/Src/ssd1306_adds.o
 .debug_aranges
                0x0000000000000288       0x20 ./Core/Src/ssd1306_fonts.o
 .debug_aranges
                0x00000000000002a8       0x20 ./Core/Src/stm32l0xx_hal_msp.o
 .debug_aranges
                0x00000000000002c8       0x68 ./Core/Src/stm32l0xx_it.o
 .debug_aranges
                0x0000000000000330       0x20 ./Core/Src/sysmem.o
 .debug_aranges
                0x0000000000000350       0x28 ./Core/Src/system_stm32l0xx.o
 .debug_aranges
                0x0000000000000378       0x50 ./Core/Src/tim.o
 .debug_aranges
                0x00000000000003c8       0x30 ./Core/Src/usart.o
 .debug_aranges
                0x00000000000003f8       0x28 ./Core/Startup/startup_stm32l073rztx.o
 .debug_aranges
                0x0000000000000420      0x110 ./Drivers/STM32L0xx_HAL_Driver/Src/stm32l0xx_hal.o
 .debug_aranges
                0x0000000000000530       0xd8 ./Drivers/STM32L0xx_HAL_Driver/Src/stm32l0xx_hal_cortex.o
 .debug_aranges
                0x0000000000000608       0x80 ./Drivers/STM32L0xx_HAL_Driver/Src/stm32l0xx_hal_dma.o
 .debug_aranges
                0x0000000000000688       0x58 ./Drivers/STM32L0xx_HAL_Driver/Src/stm32l0xx_hal_gpio.o
 .debug_aranges
                0x00000000000006e0      0x290 ./Drivers/STM32L0xx_HAL_Driver/Src/stm32l0xx_hal_i2c.o
 .debug_aranges
                0x0000000000000970       0x48 ./Drivers/STM32L0xx_HAL_Driver/Src/stm32l0xx_hal_i2c_ex.o
 .debug_aranges
                0x00000000000009b8       0x80 ./Drivers/STM32L0xx_HAL_Driver/Src/stm32l0xx_hal_rcc.o
 .debug_aranges
                0x0000000000000a38       0xb0 ./Drivers/STM32L0xx_HAL_Driver/Src/stm32l0xx_hal_rcc_ex.o
 .debug_aranges
                0x0000000000000ae8      0x3d0 ./Drivers/STM32L0xx_HAL_Driver/Src/stm32l0xx_hal_tim.o
 .debug_aranges
                0x0000000000000eb8       0x28 ./Drivers/STM32L0xx_HAL_Driver/Src/stm32l0xx_hal_tim_ex.o
 .debug_aranges
                0x0000000000000ee0      0x228 ./Drivers/STM32L0xx_HAL_Driver/Src/stm32l0xx_hal_uart.o
 .debug_aranges
                0x0000000000001108       0x78 ./Drivers/STM32L0xx_HAL_Driver/Src/stm32l0xx_hal_uart_ex.o

.debug_ranges   0x0000000000000000     0x1018
 .debug_ranges  0x0000000000000000       0x10 ./Core/Src/gpio.o
 .debug_ranges  0x0000000000000010       0x20 ./Core/Src/i2c.o
 .debug_ranges  0x0000000000000030       0x40 ./Core/Src/main.o
 .debug_ranges  0x0000000000000070       0x18 ./Core/Src/misc.o
 .debug_ranges  0x0000000000000088       0xf0 ./Core/Src/ssd1306.o
 .debug_ranges  0x0000000000000178       0xb0 ./Core/Src/ssd1306_adds.o
 .debug_ranges  0x0000000000000228       0x10 ./Core/Src/ssd1306_fonts.o
 .debug_ranges  0x0000000000000238       0x10 ./Core/Src/stm32l0xx_hal_msp.o
 .debug_ranges  0x0000000000000248       0x58 ./Core/Src/stm32l0xx_it.o
 .debug_ranges  0x00000000000002a0       0x10 ./Core/Src/sysmem.o
 .debug_ranges  0x00000000000002b0       0x18 ./Core/Src/system_stm32l0xx.o
 .debug_ranges  0x00000000000002c8       0x40 ./Core/Src/tim.o
 .debug_ranges  0x0000000000000308       0x20 ./Core/Src/usart.o
 .debug_ranges  0x0000000000000328       0x20 ./Core/Startup/startup_stm32l073rztx.o
 .debug_ranges  0x0000000000000348      0x100 ./Drivers/STM32L0xx_HAL_Driver/Src/stm32l0xx_hal.o
 .debug_ranges  0x0000000000000448       0xc8 ./Drivers/STM32L0xx_HAL_Driver/Src/stm32l0xx_hal_cortex.o
 .debug_ranges  0x0000000000000510       0x70 ./Drivers/STM32L0xx_HAL_Driver/Src/stm32l0xx_hal_dma.o
 .debug_ranges  0x0000000000000580       0x48 ./Drivers/STM32L0xx_HAL_Driver/Src/stm32l0xx_hal_gpio.o
 .debug_ranges  0x00000000000005c8      0x280 ./Drivers/STM32L0xx_HAL_Driver/Src/stm32l0xx_hal_i2c.o
 .debug_ranges  0x0000000000000848       0x38 ./Drivers/STM32L0xx_HAL_Driver/Src/stm32l0xx_hal_i2c_ex.o
 .debug_ranges  0x0000000000000880       0x70 ./Drivers/STM32L0xx_HAL_Driver/Src/stm32l0xx_hal_rcc.o
 .debug_ranges  0x00000000000008f0       0xa0 ./Drivers/STM32L0xx_HAL_Driver/Src/stm32l0xx_hal_rcc_ex.o
 .debug_ranges  0x0000000000000990      0x3c0 ./Drivers/STM32L0xx_HAL_Driver/Src/stm32l0xx_hal_tim.o
 .debug_ranges  0x0000000000000d50       0x18 ./Drivers/STM32L0xx_HAL_Driver/Src/stm32l0xx_hal_tim_ex.o
 .debug_ranges  0x0000000000000d68      0x248 ./Drivers/STM32L0xx_HAL_Driver/Src/stm32l0xx_hal_uart.o
 .debug_ranges  0x0000000000000fb0       0x68 ./Drivers/STM32L0xx_HAL_Driver/Src/stm32l0xx_hal_uart_ex.o

.debug_macro    0x0000000000000000    0x17430
 .debug_macro   0x0000000000000000      0x1e7 ./Core/Src/gpio.o
 .debug_macro   0x00000000000001e7      0xa4e ./Core/Src/gpio.o
 .debug_macro   0x0000000000000c35      0x125 ./Core/Src/gpio.o
 .debug_macro   0x0000000000000d5a       0x2e ./Core/Src/gpio.o
 .debug_macro   0x0000000000000d88       0x28 ./Core/Src/gpio.o
 .debug_macro   0x0000000000000db0       0x22 ./Core/Src/gpio.o
 .debug_macro   0x0000000000000dd2       0x8e ./Core/Src/gpio.o
 .debug_macro   0x0000000000000e60       0x51 ./Core/Src/gpio.o
 .debug_macro   0x0000000000000eb1      0x103 ./Core/Src/gpio.o
 .debug_macro   0x0000000000000fb4       0x6a ./Core/Src/gpio.o
 .debug_macro   0x000000000000101e      0x1df ./Core/Src/gpio.o
 .debug_macro   0x00000000000011fd       0x1c ./Core/Src/gpio.o
 .debug_macro   0x0000000000001219       0x22 ./Core/Src/gpio.o
 .debug_macro   0x000000000000123b       0xaf ./Core/Src/gpio.o
 .debug_macro   0x00000000000012ea      0x4da ./Core/Src/gpio.o
 .debug_macro   0x00000000000017c4      0x11f ./Core/Src/gpio.o
 .debug_macro   0x00000000000018e3     0xa44c ./Core/Src/gpio.o
 .debug_macro   0x000000000000bd2f       0x66 ./Core/Src/gpio.o
 .debug_macro   0x000000000000bd95     0x355c ./Core/Src/gpio.o
 .debug_macro   0x000000000000f2f1      0x174 ./Core/Src/gpio.o
 .debug_macro   0x000000000000f465       0x5b ./Core/Src/gpio.o
 .debug_macro   0x000000000000f4c0      0x8eb ./Core/Src/gpio.o
 .debug_macro   0x000000000000fdab      0xbb4 ./Core/Src/gpio.o
 .debug_macro   0x000000000001095f      0x197 ./Core/Src/gpio.o
 .debug_macro   0x0000000000010af6      0x13f ./Core/Src/gpio.o
 .debug_macro   0x0000000000010c35      0x1d1 ./Core/Src/gpio.o
 .debug_macro   0x0000000000010e06       0x82 ./Core/Src/gpio.o
 .debug_macro   0x0000000000010e88      0x28e ./Core/Src/gpio.o
 .debug_macro   0x0000000000011116      0x1e9 ./Core/Src/gpio.o
 .debug_macro   0x00000000000112ff      0x13e ./Core/Src/gpio.o
 .debug_macro   0x000000000001143d      0x4b5 ./Core/Src/gpio.o
 .debug_macro   0x00000000000118f2      0x22c ./Core/Src/gpio.o
 .debug_macro   0x0000000000011b1e       0x5b ./Core/Src/gpio.o
 .debug_macro   0x0000000000011b79       0xa5 ./Core/Src/gpio.o
 .debug_macro   0x0000000000011c1e      0x18d ./Core/Src/gpio.o
 .debug_macro   0x0000000000011dab       0x16 ./Core/Src/gpio.o
 .debug_macro   0x0000000000011dc1      0x773 ./Core/Src/gpio.o
 .debug_macro   0x0000000000012534       0xfc ./Core/Src/gpio.o
 .debug_macro   0x0000000000012630      0x5ba ./Core/Src/gpio.o
 .debug_macro   0x0000000000012bea       0x44 ./Core/Src/gpio.o
 .debug_macro   0x0000000000012c2e      0x1a2 ./Core/Src/gpio.o
 .debug_macro   0x0000000000012dd0       0x52 ./Core/Src/gpio.o
 .debug_macro   0x0000000000012e22      0x1e7 ./Core/Src/i2c.o
 .debug_macro   0x0000000000013009      0x401 ./Core/Src/main.o
 .debug_macro   0x000000000001340a       0x52 ./Core/Src/main.o
 .debug_macro   0x000000000001345c       0x18 ./Core/Src/main.o
 .debug_macro   0x0000000000013474       0x3c ./Core/Src/main.o
 .debug_macro   0x00000000000134b0       0x34 ./Core/Src/main.o
 .debug_macro   0x00000000000134e4       0x16 ./Core/Src/main.o
 .debug_macro   0x00000000000134fa       0x43 ./Core/Src/main.o
 .debug_macro   0x000000000001353d       0x34 ./Core/Src/main.o
 .debug_macro   0x0000000000013571       0x10 ./Core/Src/main.o
 .debug_macro   0x0000000000013581       0x58 ./Core/Src/main.o
 .debug_macro   0x00000000000135d9       0x71 ./Core/Src/main.o
 .debug_macro   0x000000000001364a       0x1c ./Core/Src/main.o
 .debug_macro   0x0000000000013666      0x12a ./Core/Src/main.o
 .debug_macro   0x0000000000013790      0x341 ./Core/Src/main.o
 .debug_macro   0x0000000000013ad1       0x10 ./Core/Src/main.o
 .debug_macro   0x0000000000013ae1       0x35 ./Core/Src/main.o
 .debug_macro   0x0000000000013b16       0x20 ./Core/Src/main.o
 .debug_macro   0x0000000000013b36       0x16 ./Core/Src/main.o
 .debug_macro   0x0000000000013b4c       0x16 ./Core/Src/main.o
 .debug_macro   0x0000000000013b62       0x29 ./Core/Src/main.o
 .debug_macro   0x0000000000013b8b       0x1d ./Core/Src/main.o
 .debug_macro   0x0000000000013ba8       0x22 ./Core/Src/main.o
 .debug_macro   0x0000000000013bca       0x1c ./Core/Src/main.o
 .debug_macro   0x0000000000013be6       0x10 ./Core/Src/main.o
 .debug_macro   0x0000000000013bf6       0x10 ./Core/Src/main.o
 .debug_macro   0x0000000000013c06       0x1c ./Core/Src/main.o
 .debug_macro   0x0000000000013c22       0x52 ./Core/Src/main.o
 .debug_macro   0x0000000000013c74       0x22 ./Core/Src/main.o
 .debug_macro   0x0000000000013c96       0x10 ./Core/Src/main.o
 .debug_macro   0x0000000000013ca6       0x52 ./Core/Src/main.o
 .debug_macro   0x0000000000013cf8       0xd5 ./Core/Src/main.o
 .debug_macro   0x0000000000013dcd       0x1c ./Core/Src/main.o
 .debug_macro   0x0000000000013de9       0x3d ./Core/Src/main.o
 .debug_macro   0x0000000000013e26       0x16 ./Core/Src/main.o
 .debug_macro   0x0000000000013e3c      0x145 ./Core/Src/main.o
 .debug_macro   0x0000000000013f81       0x34 ./Core/Src/main.o
 .debug_macro   0x0000000000013fb5      0x383 ./Core/Src/misc.o
 .debug_macro   0x0000000000014338       0x4c ./Core/Src/misc.o
 .debug_macro   0x0000000000014384       0x94 ./Core/Src/misc.o
 .debug_macro   0x0000000000014418       0x16 ./Core/Src/misc.o
 .debug_macro   0x000000000001442e       0x57 ./Core/Src/misc.o
 .debug_macro   0x0000000000014485       0x97 ./Core/Src/misc.o
 .debug_macro   0x000000000001451c       0xfd ./Core/Src/misc.o
 .debug_macro   0x0000000000014619       0x16 ./Core/Src/misc.o
 .debug_macro   0x000000000001462f       0x55 ./Core/Src/misc.o
 .debug_macro   0x0000000000014684      0x331 ./Core/Src/ssd1306.o
 .debug_macro   0x00000000000149b5      0x3e9 ./Core/Src/ssd1306_adds.o
 .debug_macro   0x0000000000014d9e       0x58 ./Core/Src/ssd1306_adds.o
 .debug_macro   0x0000000000014df6      0x2a6 ./Core/Src/ssd1306_fonts.o
 .debug_macro   0x000000000001509c      0x1dd ./Core/Src/stm32l0xx_hal_msp.o
 .debug_macro   0x0000000000015279      0x1e7 ./Core/Src/stm32l0xx_it.o
 .debug_macro   0x0000000000015460       0xff ./Core/Src/sysmem.o
 .debug_macro   0x000000000001555f      0x23b ./Core/Src/sysmem.o
 .debug_macro   0x000000000001579a      0x1ce ./Core/Src/system_stm32l0xx.o
 .debug_macro   0x0000000000015968      0x1e7 ./Core/Src/tim.o
 .debug_macro   0x0000000000015b4f      0x1e7 ./Core/Src/usart.o
 .debug_macro   0x0000000000015d36      0x1f2 ./Drivers/STM32L0xx_HAL_Driver/Src/stm32l0xx_hal.o
 .debug_macro   0x0000000000015f28      0x1ce ./Drivers/STM32L0xx_HAL_Driver/Src/stm32l0xx_hal_cortex.o
 .debug_macro   0x00000000000160f6      0x1ce ./Drivers/STM32L0xx_HAL_Driver/Src/stm32l0xx_hal_dma.o
 .debug_macro   0x00000000000162c4      0x1d5 ./Drivers/STM32L0xx_HAL_Driver/Src/stm32l0xx_hal_gpio.o
 .debug_macro   0x0000000000016499      0x293 ./Drivers/STM32L0xx_HAL_Driver/Src/stm32l0xx_hal_i2c.o
 .debug_macro   0x000000000001672c      0x1ce ./Drivers/STM32L0xx_HAL_Driver/Src/stm32l0xx_hal_i2c_ex.o
 .debug_macro   0x00000000000168fa      0x204 ./Drivers/STM32L0xx_HAL_Driver/Src/stm32l0xx_hal_rcc.o
 .debug_macro   0x0000000000016afe      0x1ce ./Drivers/STM32L0xx_HAL_Driver/Src/stm32l0xx_hal_rcc_ex.o
 .debug_macro   0x0000000000016ccc      0x1cf ./Drivers/STM32L0xx_HAL_Driver/Src/stm32l0xx_hal_tim.o
 .debug_macro   0x0000000000016e9b      0x1ce ./Drivers/STM32L0xx_HAL_Driver/Src/stm32l0xx_hal_tim_ex.o
 .debug_macro   0x0000000000017069      0x1f9 ./Drivers/STM32L0xx_HAL_Driver/Src/stm32l0xx_hal_uart.o
 .debug_macro   0x0000000000017262      0x1ce ./Drivers/STM32L0xx_HAL_Driver/Src/stm32l0xx_hal_uart_ex.o

.debug_line     0x0000000000000000    0x16c8a
 .debug_line    0x0000000000000000      0x72e ./Core/Src/gpio.o
 .debug_line    0x000000000000072e      0x76a ./Core/Src/i2c.o
 .debug_line    0x0000000000000e98      0xbcb ./Core/Src/main.o
 .debug_line    0x0000000000001a63      0x938 ./Core/Src/misc.o
 .debug_line    0x000000000000239b     0x1060 ./Core/Src/ssd1306.o
 .debug_line    0x00000000000033fb      0xe9a ./Core/Src/ssd1306_adds.o
 .debug_line    0x0000000000004295      0x860 ./Core/Src/ssd1306_fonts.o
 .debug_line    0x0000000000004af5      0x6ed ./Core/Src/stm32l0xx_hal_msp.o
 .debug_line    0x00000000000051e2      0x7ca ./Core/Src/stm32l0xx_it.o
 .debug_line    0x00000000000059ac      0x4e5 ./Core/Src/sysmem.o
 .debug_line    0x0000000000005e91      0x79e ./Core/Src/system_stm32l0xx.o
 .debug_line    0x000000000000662f      0x853 ./Core/Src/tim.o
 .debug_line    0x0000000000006e82      0x760 ./Core/Src/usart.o
 .debug_line    0x00000000000075e2       0x89 ./Core/Startup/startup_stm32l073rztx.o
 .debug_line    0x000000000000766b      0xa41 ./Drivers/STM32L0xx_HAL_Driver/Src/stm32l0xx_hal.o
 .debug_line    0x00000000000080ac      0xb0f ./Drivers/STM32L0xx_HAL_Driver/Src/stm32l0xx_hal_cortex.o
 .debug_line    0x0000000000008bbb      0xc30 ./Drivers/STM32L0xx_HAL_Driver/Src/stm32l0xx_hal_dma.o
 .debug_line    0x00000000000097eb      0xae6 ./Drivers/STM32L0xx_HAL_Driver/Src/stm32l0xx_hal_gpio.o
 .debug_line    0x000000000000a2d1     0x32b8 ./Drivers/STM32L0xx_HAL_Driver/Src/stm32l0xx_hal_i2c.o
 .debug_line    0x000000000000d589      0x90b ./Drivers/STM32L0xx_HAL_Driver/Src/stm32l0xx_hal_i2c_ex.o
 .debug_line    0x000000000000de94      0xecd ./Drivers/STM32L0xx_HAL_Driver/Src/stm32l0xx_hal_rcc.o
 .debug_line    0x000000000000ed61      0xdf0 ./Drivers/STM32L0xx_HAL_Driver/Src/stm32l0xx_hal_rcc_ex.o
 .debug_line    0x000000000000fb51     0x2f2e ./Drivers/STM32L0xx_HAL_Driver/Src/stm32l0xx_hal_tim.o
 .debug_line    0x0000000000012a7f      0x7c0 ./Drivers/STM32L0xx_HAL_Driver/Src/stm32l0xx_hal_tim_ex.o
 .debug_line    0x000000000001323f     0x2d93 ./Drivers/STM32L0xx_HAL_Driver/Src/stm32l0xx_hal_uart.o
 .debug_line    0x0000000000015fd2      0xcb8 ./Drivers/STM32L0xx_HAL_Driver/Src/stm32l0xx_hal_uart_ex.o

.debug_str      0x0000000000000000    0x86ed7
 .debug_str     0x0000000000000000    0x7d7ee ./Core/Src/gpio.o
                                      0x7db38 (size before relaxing)
 .debug_str     0x000000000007d7ee      0x4d6 ./Core/Src/i2c.o
                                      0x7deac (size before relaxing)
 .debug_str     0x000000000007dcc4     0x4acd ./Core/Src/main.o
                                      0x82621 (size before relaxing)
 .debug_str     0x0000000000082791       0x5e ./Core/Src/misc.o
                                      0x81ac2 (size before relaxing)
 .debug_str     0x00000000000827ef      0x596 ./Core/Src/ssd1306.o
                                      0x810eb (size before relaxing)
 .debug_str     0x0000000000082d85      0x362 ./Core/Src/ssd1306_adds.o
                                      0x81e1e (size before relaxing)
 .debug_str     0x00000000000830e7       0x70 ./Core/Src/ssd1306_fonts.o
                                      0x805cc (size before relaxing)