../Core/Src/ssd1306_adds.c:37:6:structInit	24	static
../Core/Src/ssd1306_adds.c:128:6:setTheme	16	static
../Core/Src/ssd1306_adds.c:190:6:showProjectSelectMenu	80	static
../Core/Src/ssd1306_adds.c:239:6:newTaskElement	24	static
../Core/Src/ssd1306_adds.c:259:6:showProjectElements	32	static
../Core/Src/ssd1306_adds.c:275:6:showProjectDetails	40	static
../Core/Src/ssd1306_adds.c:307:6:showProjectTasks	40	static
../Core/Src/ssd1306_adds.c:325:6:showValueScreen	48	static
../Core/Src/ssd1306_adds.c:369:6:setMarkerPosition	24	static
../Core/Src/ssd1306_adds.c:381:6:moveMarker	16	static
../Core/Src/ssd1306_adds.c:387:6:changeValue	40	static
../Core/Src/ssd1306_adds.c:426:10:arrayToInt_chVal	16	static
../Core/Src/ssd1306_adds.c:440:6:intToArray_chVal	24	static
../Core/Src/ssd1306_adds.c:451:6:saveSetValue	16	static
../Core/Src/ssd1306_adds.c:456:6:drawMarker	32	static
../Core/Src/ssd1306_adds.c:468:6:clearMarker	16	static
../Core/Src/ssd1306_adds.c:472:6:clearValue	16	static
../Core/Src/ssd1306_adds.c:479:6:showSummary	88	static
../Core/Src/ssd1306_adds.c:514:6:correctnessQuery	32	static
../Core/Src/ssd1306_adds.c:538:6:showSelectBoxes	24	static
../Core/Src/ssd1306_adds.c:572:6:showLabelBar	24	static
../Core/Src/ssd1306_adds.c:580:6:clearContent	16	static
../Core/Src/ssd1306_adds.c:585:6:paginationBar	32	static
../Core/Src/ssd1306_adds.c:591:9:countArray	24	static
