../Core/Src/ssd1306_adds.c:232:6:New_Task_Element	24	static
../Core/Src/ssd1306_adds.c:298:6:Show_Project_Tasks	40	static
../Core/Src/ssd1306_adds.c:374:6:Move_Marker	0	static
../Core/Src/ssd1306_adds.c:403:10:Array_To_Int_Change_Value	32	static
../Core/Src/ssd1306_adds.c:417:6:Int_To_Array_Change_Value	32	static
../Core/Src/ssd1306_adds.c:380:6:Change_Value	32	static
../Core/Src/ssd1306_adds.c:429:6:Save_Set_Value	0	static
../Core/Src/ssd1306_adds.c:434:6:Draw_Changing_Value_Marker	24	static
../Core/Src/ssd1306_adds.c:446:6:Clear_Changing_Value_Marker	16	static
../Core/Src/ssd1306_adds.c:361:6:Set_Marker_Position	8	static
../Core/Src/ssd1306_adds.c:450:6:Clear_Value	16	static
../Core/Src/ssd1306_adds.c:317:6:Show_Value_Screen	48	static
../Core/Src/ssd1306_adds.c:457:6:Show_Summary	88	static
../Core/Src/ssd1306_adds.c:518:6:Show_Select_Boxes	16	static
../Core/Src/ssd1306_adds.c:252:6:Show_Project_Elements	24	static
../Core/Src/ssd1306_adds.c:189:6:Show_Project_Select_Menu	88	static
../Core/Src/ssd1306_adds.c:552:6:Show_Label_Bar	16	static
../Core/Src/ssd1306_adds.c:269:6:Show_Project_Details	40	static
../Core/Src/ssd1306_adds.c:560:6:Clear_Content	16	static
../Core/Src/ssd1306_adds.c:493:6:Show_Summary_Correctness_Query	24	static
../Core/Src/ssd1306_adds.c:565:6:Pagination_Bar	16	static
../Core/Src/ssd1306_adds.c:128:6:Set_Theme	16	static
../Core/Src/ssd1306_adds.c:572:9:Count_Array	0	static
../Core/Src/ssd1306_adds.c:37:6:Structures_Init	24	static
