../Core/Src/ssd1306_adds.c:25:6:setTheme	80	static
../Core/Src/ssd1306_adds.c:75:6:showLogo	16	static
../Core/Src/ssd1306_adds.c:82:6:showProjectSelectMenu	80	static
../Core/Src/ssd1306_adds.c:131:6:newTaskElement	24	static
../Core/Src/ssd1306_adds.c:151:6:showProjectElements	40	static
../Core/Src/ssd1306_adds.c:193:6:showProjectDetails	56	static
../Core/Src/ssd1306_adds.c:236:6:showValueScreen	48	static
../Core/Src/ssd1306_adds.c:303:6:setMarkerPosition	24	static
../Core/Src/ssd1306_adds.c:315:6:moveMarker	16	static
../Core/Src/ssd1306_adds.c:321:6:changeValue	40	static
../Core/Src/ssd1306_adds.c:360:10:arrayToInt_chVal	16	static
../Core/Src/ssd1306_adds.c:374:6:intToArray_chVal	24	static
../Core/Src/ssd1306_adds.c:385:6:drawMarker	32	static
../Core/Src/ssd1306_adds.c:397:6:clearMarker	16	static
../Core/Src/ssd1306_adds.c:401:6:clearValue	16	static
../Core/Src/ssd1306_adds.c:406:6:clearSettings	8	static
../Core/Src/ssd1306_adds.c:414:6:showLabelBar	24	static
../Core/Src/ssd1306_adds.c:422:6:clearContent	16	static
../Core/Src/ssd1306_adds.c:427:6:paginationBar	32	static
../Core/Src/ssd1306_adds.c:433:9:countArray	24	static
../Core/Src/ssd1306_adds.c:502:9:getProjectStructByID	16	static
