../Core/Src/ssd1306_adds.c:26:6:setTheme	80	static
../Core/Src/ssd1306_adds.c:61:6:showLogo	16	static
../Core/Src/ssd1306_adds.c:68:6:showProjectSelectMenu	80	static
../Core/Src/ssd1306_adds.c:117:6:newTaskElement	24	static
../Core/Src/ssd1306_adds.c:137:6:showProjectElements	40	static
../Core/Src/ssd1306_adds.c:179:6:showProjectDetails	56	static
../Core/Src/ssd1306_adds.c:222:6:showWidthScreen	48	static
../Core/Src/ssd1306_adds.c:243:6:setMarkerPosition	24	static
../Core/Src/ssd1306_adds.c:255:6:moveMarker	8	static
../Core/Src/ssd1306_adds.c:261:6:changeValue	32	static
../Core/Src/ssd1306_adds.c:278:6:drawMarker	32	static
../Core/Src/ssd1306_adds.c:290:6:clearMarker	16	static
../Core/Src/ssd1306_adds.c:294:6:clearValue	16	static
../Core/Src/ssd1306_adds.c:301:6:showLabelBar	24	static
../Core/Src/ssd1306_adds.c:309:6:clearContent	16	static
../Core/Src/ssd1306_adds.c:314:6:paginationBar	32	static
../Core/Src/ssd1306_adds.c:320:9:countArray	24	static
../Core/Src/ssd1306_adds.c:389:9:getProjectStructByID	16	static
