../Core/Src/ssd1306_adds.c:26:6:setTheme	80	static
../Core/Src/ssd1306_adds.c:76:6:showLogo	16	static
../Core/Src/ssd1306_adds.c:83:6:showProjectSelectMenu	80	static
../Core/Src/ssd1306_adds.c:132:6:newTaskElement	24	static
../Core/Src/ssd1306_adds.c:152:6:showProjectElements	40	static
../Core/Src/ssd1306_adds.c:194:6:showProjectDetails	56	static
../Core/Src/ssd1306_adds.c:237:6:showValueScreen	48	static
../Core/Src/ssd1306_adds.c:304:6:setMarkerPosition	24	static
../Core/Src/ssd1306_adds.c:316:6:moveMarker	16	static
../Core/Src/ssd1306_adds.c:322:6:changeValue	40	static
../Core/Src/ssd1306_adds.c:361:10:arrayToInt_chVal	16	static
../Core/Src/ssd1306_adds.c:375:6:intToArray_chVal	24	static
../Core/Src/ssd1306_adds.c:386:6:drawMarker	32	static
../Core/Src/ssd1306_adds.c:398:6:clearMarker	16	static
../Core/Src/ssd1306_adds.c:402:6:clearValue	16	static
../Core/Src/ssd1306_adds.c:407:6:clearSettings	8	static
../Core/Src/ssd1306_adds.c:415:6:showLabelBar	24	static
../Core/Src/ssd1306_adds.c:423:6:clearContent	16	static
../Core/Src/ssd1306_adds.c:428:6:paginationBar	32	static
../Core/Src/ssd1306_adds.c:434:9:countArray	24	static
../Core/Src/ssd1306_adds.c:503:9:getProjectStructByID	16	static
