../Core/Src/ssd1306_adds.c:29:6:structInit	16	static
../Core/Src/ssd1306_adds.c:117:6:setTheme	88	static
../Core/Src/ssd1306_adds.c:167:6:showProjectSelectMenu	80	static
../Core/Src/ssd1306_adds.c:216:6:newTaskElement	24	static
../Core/Src/ssd1306_adds.c:236:6:showProjectElements	40	static
../Core/Src/ssd1306_adds.c:278:6:showProjectDetails	48	static
../Core/Src/ssd1306_adds.c:302:6:showValueScreen	48	static
../Core/Src/ssd1306_adds.c:346:6:setMarkerPosition	24	static
../Core/Src/ssd1306_adds.c:358:6:moveMarker	16	static
../Core/Src/ssd1306_adds.c:364:6:changeValue	40	static
../Core/Src/ssd1306_adds.c:403:10:arrayToInt_chVal	16	static
../Core/Src/ssd1306_adds.c:417:6:intToArray_chVal	24	static
../Core/Src/ssd1306_adds.c:428:6:drawMarker	32	static
../Core/Src/ssd1306_adds.c:440:6:clearMarker	16	static
../Core/Src/ssd1306_adds.c:444:6:clearValue	16	static
../Core/Src/ssd1306_adds.c:451:6:showLabelBar	24	static
../Core/Src/ssd1306_adds.c:459:6:clearContent	16	static
../Core/Src/ssd1306_adds.c:464:6:paginationBar	32	static
../Core/Src/ssd1306_adds.c:470:9:countArray	24	static
