../Core/Src/ssd1306_adds.c:37:6:structInit	24	static
../Core/Src/ssd1306_adds.c:128:6:setTheme	16	static
../Core/Src/ssd1306_adds.c:190:6:showProjectSelectMenu	80	static
../Core/Src/ssd1306_adds.c:233:6:newTaskElement	24	static
../Core/Src/ssd1306_adds.c:253:6:showProjectElements	32	static
../Core/Src/ssd1306_adds.c:270:6:showProjectDetails	40	static
../Core/Src/ssd1306_adds.c:299:6:showProjectTasks	40	static
../Core/Src/ssd1306_adds.c:318:6:showValueScreen	48	static
../Core/Src/ssd1306_adds.c:362:6:setMarkerPosition	32	static
../Core/Src/ssd1306_adds.c:375:6:moveMarker	16	static
../Core/Src/ssd1306_adds.c:381:6:changeValue	40	static
../Core/Src/ssd1306_adds.c:404:10:arrayToInt_chVal	16	static
../Core/Src/ssd1306_adds.c:418:6:intToArray_chVal	24	static
../Core/Src/ssd1306_adds.c:430:6:saveSetValue	16	static
../Core/Src/ssd1306_adds.c:435:6:drawMarker	32	static
../Core/Src/ssd1306_adds.c:447:6:clearMarker	16	static
../Core/Src/ssd1306_adds.c:451:6:clearValue	16	static
../Core/Src/ssd1306_adds.c:458:6:showSummary	88	static
../Core/Src/ssd1306_adds.c:494:6:correctnessQuery	32	static
../Core/Src/ssd1306_adds.c:519:6:showSelectBoxes	24	static
../Core/Src/ssd1306_adds.c:553:6:showLabelBar	24	static
../Core/Src/ssd1306_adds.c:561:6:clearContent	16	static
../Core/Src/ssd1306_adds.c:566:6:paginationBar	32	static
../Core/Src/ssd1306_adds.c:573:9:countArray	24	static
