../Core/Src/stm32l0xx_it.c:71:6:NMI_Handler	8	static
../Core/Src/stm32l0xx_it.c:87:6:HardFault_Handler	0	static
../Core/Src/stm32l0xx_it.c:102:6:SVC_Handler	0	static
../Core/Src/stm32l0xx_it.c:115:6:PendSV_Handler	0	static
../Core/Src/stm32l0xx_it.c:128:6:SysTick_Handler	8	static
../Core/Src/stm32l0xx_it.c:149:6:EXTI4_15_IRQHandler	8	static
../Core/Src/stm32l0xx_it.c:163:6:TIM2_IRQHandler	8	static
../Core/Src/stm32l0xx_it.c:177:6:TIM6_DAC_IRQHandler	8	static
../Core/Src/stm32l0xx_it.c:191:6:TIM7_IRQHandler	8	static
