../Core/Src/stm32l0xx_it.c:72:6:NMI_Handler	8	static
../Core/Src/stm32l0xx_it.c:88:6:HardFault_Handler	8	static
../Core/Src/stm32l0xx_it.c:103:6:SVC_Handler	8	static
../Core/Src/stm32l0xx_it.c:116:6:PendSV_Handler	8	static
../Core/Src/stm32l0xx_it.c:129:6:SysTick_Handler	8	static
../Core/Src/stm32l0xx_it.c:150:6:EXTI4_15_IRQHandler	8	static
../Core/Src/stm32l0xx_it.c:164:6:TIM2_IRQHandler	8	static
../Core/Src/stm32l0xx_it.c:178:6:TIM6_DAC_IRQHandler	8	static
../Core/Src/stm32l0xx_it.c:192:6:TIM7_IRQHandler	8	static
../Core/Src/stm32l0xx_it.c:206:6:USART2_IRQHandler	8	static
