../Core/Src/tim.c:34:6:MX_TIM2_Init	56	static
../Core/Src/tim.c:78:6:MX_TIM6_Init	16	static
../Core/Src/tim.c:111:6:MX_TIM7_Init	16	static
../Core/Src/tim.c:198:6:MX_TIM22_Init	40	static
../Core/Src/tim.c:239:6:HAL_TIM_Encoder_MspInit	32	static
../Core/Src/tim.c:272:6:HAL_TIM_Base_MspInit	8	static
../Core/Src/tim.c:336:6:HAL_TIM_MspPostInit	32	static
../Core/Src/tim.c:144:6:MX_TIM21_Init	48	static
../Core/Src/tim.c:364:6:HAL_TIM_Encoder_MspDeInit	8	static
../Core/Src/tim.c:389:6:HAL_TIM_Base_MspDeInit	8	static
